---
source: crates/gridwell-writer-html/tests/snapshots.rs
expression: out
---
<div class="gw_container">
  <table class="gw_table">
    <thead>
      <tr>
        <th>Item</th>
        <th>Amount</th>
      </tr>
    </thead>
    <tbody>
      <tr>
        <td>Alpha</td>
        <td>10</td>
      </tr>
      <tr>
        <td>Beta</td>
        <td>20</td>
      </tr>
      <tr>
        <td>Gamma</td>
        <td>30</td>
      </tr>
    </tbody>
    <tbody>
      <tr>
        <td>Total</td>
        <td>60</td>
      </tr>
    </tbody>
  </table>
</div>
