---
source: crates/gridwell-writer-html/tests/snapshots.rs
expression: out
---
<div class="gw_container">
  <style>
    .gw__al_left { text-align: left }
  </style>
  <table class="gw_table">
    <thead>
      <tr>
        <th class="gw__al_left">W</th>
        <th class="gw__al_left">X</th>
        <th class="gw__al_left">Y</th>
        <th class="gw__al_left">Z</th>
      </tr>
    </thead>
    <tbody>
      <tr>
        <td>1</td>
        <td>2</td>
        <td>3</td>
        <td>4</td>
      </tr>
    </tbody>
  </table>
</div>
