---
source: crates/gridwell-writer-rtf/tests/snapshots.rs
expression: out
---
{\rtf1\ansi\deff0
{\fonttbl{\f0 Arial;}}
{\colortbl ;\red0\green0\blue0;\red255\green255\blue255;}
\trowd\trhdr\cellx2160\cellx4320
\pard\intbl\plain\b Key\cell
\pard\intbl\plain\b Value\cell
\row
\trowd\trqc\cellx4320
\pard\intbl{\b Group 1}\cell
\row
\trowd\cellx2160\cellx4320
\pard\intbl\plain k1a\cell
\pard\intbl\plain 10\cell
\row
\trowd\cellx2160\cellx4320
\pard\intbl\plain k1b\cell
\pard\intbl\plain 20\cell
\row
\trowd\trqc\cellx4320
\pard\intbl{\b Group 2}\cell
\row
\trowd\cellx2160\cellx4320
\pard\intbl\plain k2a\cell
\pard\intbl\plain 20\cell
\row
\trowd\cellx2160\cellx4320
\pard\intbl\plain k2b\cell
\pard\intbl\plain 40\cell
\row
\trowd\trqc\cellx4320
\pard\intbl{\b Group 3}\cell
\row
\trowd\cellx2160\cellx4320
\pard\intbl\plain k3a\cell
\pard\intbl\plain 30\cell
\row
\trowd\cellx2160\cellx4320
\pard\intbl\plain k3b\cell
\pard\intbl\plain 60\cell
\row
\trowd\trqc\cellx4320
\pard\intbl{\b Group 4}\cell
\row
\trowd\cellx2160\cellx4320
\pard\intbl\plain k4a\cell
\pard\intbl\plain 40\cell
\row
\trowd\cellx2160\cellx4320
\pard\intbl\plain k4b\cell
\pard\intbl\plain 80\cell
\row
\trowd\trqc\cellx4320
\pard\intbl{\b Group 5}\cell
\row
\trowd\cellx2160\cellx4320
\pard\intbl\plain k5a\cell
\pard\intbl\plain 50\cell
\row
\trowd\cellx2160\cellx4320
\pard\intbl\plain k5b\cell
\pard\intbl\plain 100\cell
\row
}
