---
source: crates/gridwell-writer-latex/tests/snapshots.rs
expression: out
---
\begin{tabular}{ll}
\toprule
Format & Sample \\
\midrule
underline & \uline{Underlined} \\
line-through & \sout{Struck out} \\
18px & {\fontsize{13.5}{16.2}\selectfont Larger text} \\
smaller & {\fontsize{8.33}{10}\selectfont Smaller text} \\
inline & Plain, \uline{underlined}, \sout{struck} and {\fontsize{13.5}{16.2}\selectfont large} \\
\bottomrule
\end{tabular}
