---
source: crates/gridwell-writer-xlsx/tests/snapshots.rs
expression: xml
---
<?xml version="1.0" encoding="UTF-8" standalone="yes"?>
<worksheet xmlns="http://schemas.openxmlformats.org/spreadsheetml/2006/main">
<cols><col min="1" max="1" width="12.00" customWidth="1"/><col min="2" max="2" width="12.00" customWidth="1"/></cols>
<sheetData>
<row r="1"><c r="A1" t="inlineStr" s="1"><is><t>Test</t></is></c><c r="B1" t="inlineStr" s="1"><is><t>Result</t></is></c></row>
<row r="2"><c r="A2" t="inlineStr"><is><t>A</t></is></c><c r="B2" t="inlineStr"><is><t>pass1</t></is></c></row>
<row r="3"><c r="A3" t="inlineStr"><is><t>B</t></is></c><c r="B3" t="inlineStr"><is><t>fail</t></is></c></row>
<row r="5"><c r="A5" t="inlineStr"><is><t>1 Re-run confirmed.</t></is></c></row>
<row r="7"><c r="A7" t="inlineStr"><is><t>Source: CI pipeline.</t></is></c></row>
</sheetData>
</worksheet>
