---
source: crates/gridwell-writer-xlsx/tests/snapshots.rs
expression: xml
---
<?xml version="1.0" encoding="UTF-8" standalone="yes"?>
<worksheet xmlns="http://schemas.openxmlformats.org/spreadsheetml/2006/main">
<cols><col min="1" max="1" width="12.00" customWidth="1"/><col min="2" max="2" width="12.00" customWidth="1"/><col min="3" max="3" width="12.00" customWidth="1"/></cols>
<sheetData>
<row r="1"><c r="A1" t="inlineStr" s="1"><is><t>A</t></is></c><c r="B1" t="inlineStr" s="1"><is><t>B</t></is></c><c r="C1" t="inlineStr" s="1"><is><t>C</t></is></c></row>
<row r="2"><c r="A2" t="inlineStr"><is><t>1</t></is></c><c r="B2" t="inlineStr"><is><t>2</t></is></c><c r="C2" t="inlineStr"><is><t>3</t></is></c></row>
<row r="3"><c r="A3" t="inlineStr"><is><t>4</t></is></c><c r="B3" t="inlineStr"><is><t>5</t></is></c><c r="C3" t="inlineStr"><is><t>6</t></is></c></row>
<row r="4"><c r="A4" t="inlineStr"><is><t>7</t></is></c><c r="B4" t="inlineStr"><is><t>8</t></is></c><c r="C4" t="inlineStr"><is><t>9</t></is></c></row>
<row r="5"><c r="A5" t="inlineStr"><is><t>10</t></is></c><c r="B5" t="inlineStr"><is><t>11</t></is></c><c r="C5" t="inlineStr"><is><t>12</t></is></c></row>
</sheetData>
</worksheet>
