---
source: crates/gridwell-writer-pptx/tests/snapshots.rs
expression: xml
---
<?xml version="1.0" encoding="UTF-8" standalone="yes"?>
<p:sp xmlns:a="http://schemas.openxmlformats.org/drawingml/2006/main" xmlns:p="http://schemas.openxmlformats.org/presentationml/2006/main" xmlns:r="http://schemas.openxmlformats.org/officeDocument/2006/relationships">
<p:nvSpPr><p:cNvPr id="2" name="Table"/><p:cNvSpPr/><p:nvPr/></p:nvSpPr>
<p:spPr><a:xfrm><a:off x="3200400" y="0"/><a:ext cx="2743200" cy="32324040"/></a:xfrm></p:spPr>
<p:txBody><a:bodyPr/><a:lstStyle/><a:p><a:endParaRPr/></a:p></p:txBody>
</p:sp>
<p:graphicFrame>
<p:nvGraphicFramePr><p:cNvPr id="3" name="Table"/><p:cNvGraphicFramePr><a:graphicFrameLocks noGrp="1"/></p:cNvGraphicFramePr><p:nvPr/></p:nvGraphicFramePr>
<p:xfrm><a:off x="3200400" y="0"/><a:ext cx="2743200" cy="32324040"/></p:xfrm>
<a:graphic><a:graphicData uri="http://schemas.openxmlformats.org/drawingml/2006/table">
<a:tbl>
<a:tblPr firstRow="1" bandRow="1"/>
<a:tblGrid><a:gridCol w="914400"/><a:gridCol w="914400"/><a:gridCol w="914400"/></a:tblGrid>
<a:tr h="320040"><a:tc><a:txBody><a:bodyPr/><a:lstStyle/><a:p><a:r><a:rPr lang="en-US" b="1"/><a:t>n</a:t></a:r></a:p></a:txBody><a:tcPr></a:tcPr></a:tc><a:tc><a:txBody><a:bodyPr/><a:lstStyle/><a:p><a:r><a:rPr lang="en-US" b="1"/><a:t>2n</a:t></a:r></a:p></a:txBody><a:tcPr></a:tcPr></a:tc><a:tc><a:txBody><a:bodyPr/><a:lstStyle/><a:p><a:r><a:rPr lang="en-US" b="1"/><a:t>n^2</a:t></a:r></a:p></a:txBody><a:tcPr></a:tcPr></a:tc></a:tr>
<a:tr h="320040"><a:tc><a:txBody><a:bodyPr/><a:lstStyle/><a:p><a:r><a:rPr lang="en-US"/><a:t>row 0</a:t></a:r></a:p></a:txBody><a:tcPr></a:tcPr></a:tc><a:tc><a:txBody><a:bodyPr/><a:lstStyle/><a:p><a:r><a:rPr lang="en-US"/><a:t>0</a:t></a:r></a:p></a:txBody><a:tcPr></a:tcPr></a:tc><a:tc><a:txBody><a:bodyPr/><a:lstStyle/><a:p><a:r><a:rPr lang="en-US"/><a:t>0</a:t></a:r></a:p></a:txBody><a:tcPr></a:tcPr></a:tc></a:tr>
<a:tr h="320040"><a:tc><a:txBody><a:bodyPr/><a:lstStyle/><a:p><a:r><a:rPr lang="en-US"/><a:t>row 1</a:t></a:r></a:p></a:txBody><a:tcPr></a:tcPr></a:tc><a:tc><a:txBody><a:bodyPr/><a:lstStyle/><a:p><a:r><a:rPr lang="en-US"/><a:t>2</a:t></a:r></a:p></a:txBody><a:tcPr></a:tcPr></a:tc><a:tc><a:txBody><a:bodyPr/><a:lstStyle/><a:p><a:r><a:rPr lang="en-US"/><a:t>1</a:t></a:r></a:p></a:txBody><a:tcPr></a:tcPr></a:tc></a:tr>
<a:tr h="320040"><a:tc><a:txBody><a:bodyPr/><a:lstStyle/><a:p><a:r><a:rPr lang="en-US"/><a:t>row 2</a:t></a:r></a:p></a:txBody><a:tcPr></a:tcPr></a:tc><a:tc><a:txBody><a:bodyPr/><a:lstStyle/><a:p><a:r><a:rPr lang="en-US"/><a:t>4</a:t></a:r></a:p></a:txBody><a:tcPr></a:tcPr></a:tc><a:tc><a:txBody><a:bodyPr/><a:lstStyle/><a:p><a:r><a:rPr lang="en-US"/><a:t>4</a:t></a:r></a:p></a:txBody><a:tcPr></a:tcPr></a:tc></a:tr>
<a:tr h="320040"><a:tc><a:txBody><a:bodyPr/><a:lstStyle/><a:p><a:r><a:rPr lang="en-US"/><a:t>row 3</a:t></a:r></a:p></a:txBody><a:tcPr></a:tcPr></a:tc><a:tc><a:txBody><a:bodyPr/><a:lstStyle/><a:p><a:r><a:rPr lang="en-US"/><a:t>6</a:t></a:r></a:p></a:txBody><a:tcPr></a:tcPr></a:tc><a:tc><a:txBody><a:bodyPr/><a:lstStyle/><a:p><a:r><a:rPr lang="en-US"/><a:t>9</a:t></a:r></a:p></a:txBody><a:tcPr></a:tcPr></a:tc></a:tr>
<a:tr h="320040"><a:tc><a:txBody><a:bodyPr/><a:lstStyle/><a:p><a:r><a:rPr lang="en-US"/><a:t>row 4</a:t></a:r></a:p></a:txBody><a:tcPr></a:tcPr></a:tc><a:tc><a:txBody><a:bodyPr/><a:lstStyle/><a:p><a:r><a:rPr lang="en-US"/><a:t>8</a:t></a:r></a:p></a:txBody><a:tcPr></a:tcPr></a:tc><a:tc><a:txBody><a:bodyPr/><a:lstStyle/><a:p><a:r><a:rPr lang="en-US"/><a:t>16</a:t></a:r></a:p></a:txBody><a:tcPr></a:tcPr></a:tc></a:tr>
<a:tr h="320040"><a:tc><a:txBody><a:bodyPr/><a:lstStyle/><a:p><a:r><a:rPr lang="en-US"/><a:t>row 5</a:t></a:r></a:p></a:txBody><a:tcPr></a:tcPr></a:tc><a:tc><a:txBody><a:bodyPr/><a:lstStyle/><a:p><a:r><a:rPr lang="en-US"/><a:t>10</a:t></a:r></a:p></a:txBody><a:tcPr></a:tcPr></a:tc><a:tc><a:txBody><a:bodyPr/><a:lstStyle/><a:p><a:r><a:rPr lang="en-US"/><a:t>25</a:t></a:r></a:p></a:txBody><a:tcPr></a:tcPr></a:tc></a:tr>
<a:tr h="320040"><a:tc><a:txBody><a:bodyPr/><a:lstStyle/><a:p><a:r><a:rPr lang="en-US"/><a:t>row 6</a:t></a:r></a:p></a:txBody><a:tcPr></a:tcPr></a:tc><a:tc><a:txBody><a:bodyPr/><a:lstStyle/><a:p><a:r><a:rPr lang="en-US"/><a:t>12</a:t></a:r></a:p></a:txBody><a:tcPr></a:tcPr></a:tc><a:tc><a:txBody><a:bodyPr/><a:lstStyle/><a:p><a:r><a:rPr lang="en-US"/><a:t>36</a:t></a:r></a:p></a:txBody><a:tcPr></a:tcPr></a:tc></a:tr>
<a:tr h="320040"><a:tc><a:txBody><a:bodyPr/><a:lstStyle/><a:p><a:r><a:rPr lang="en-US"/><a:t>row 7</a:t></a:r></a:p></a:txBody><a:tcPr></a:tcPr></a:tc><a:tc><a:txBody><a:bodyPr/><a:lstStyle/><a:p><a:r><a:rPr lang="en-US"/><a:t>14</a:t></a:r></a:p></a:txBody><a:tcPr></a:tcPr></a:tc><a:tc><a:txBody><a:bodyPr/><a:lstStyle/><a:p><a:r><a:rPr lang="en-US"/><a:t>49</a:t></a:r></a:p></a:txBody><a:tcPr></a:tcPr></a:tc></a:tr>
<a:tr h="320040"><a:tc><a:txBody><a:bodyPr/><a:lstStyle/><a:p><a:r><a:rPr lang="en-US"/><a:t>row 8</a:t></a:r></a:p></a:txBody><a:tcPr></a:tcPr></a:tc><a:tc><a:txBody><a:bodyPr/><a:lstStyle/><a:p><a:r><a:rPr lang="en-US"/><a:t>16</a:t></a:r></a:p></a:txBody><a:tcPr></a:tcPr></a:tc><a:tc><a:txBody><a:bodyPr/><a:lstStyle/><a:p><a:r><a:rPr lang="en-US"/><a:t>64</a:t></a:r></a:p></a:txBody><a:tcPr></a:tcPr></a:tc></a:tr>
<a:tr h="320040"><a:tc><a:txBody><a:bodyPr/><a:lstStyle/><a:p><a:r><a:rPr lang="en-US"/><a:t>row 9</a:t></a:r></a:p></a:txBody><a:tcPr></a:tcPr></a:tc><a:tc><a:txBody><a:bodyPr/><a:lstStyle/><a:p><a:r><a:rPr lang="en-US"/><a:t>18</a:t></a:r></a:p></a:txBody><a:tcPr></a:tcPr></a:tc><a:tc><a:txBody><a:bodyPr/><a:lstStyle/><a:p><a:r><a:rPr lang="en-US"/><a:t>81</a:t></a:r></a:p></a:txBody><a:tcPr></a:tcPr></a:tc></a:tr>
<a:tr h="320040"><a:tc><a:txBody><a:bodyPr/><a:lstStyle/><a:p><a:r><a:rPr lang="en-US"/><a:t>row 10</a:t></a:r></a:p></a:txBody><a:tcPr></a:tcPr></a:tc><a:tc><a:txBody><a:bodyPr/><a:lstStyle/><a:p><a:r><a:rPr lang="en-US"/><a:t>20</a:t></a:r></a:p></a:txBody><a:tcPr></a:tcPr></a:tc><a:tc><a:txBody><a:bodyPr/><a:lstStyle/><a:p><a:r><a:rPr lang="en-US"/><a:t>100</a:t></a:r></a:p></a:txBody><a:tcPr></a:tcPr></a:tc></a:tr>
<a:tr h="320040"><a:tc><a:txBody><a:bodyPr/><a:lstStyle/><a:p><a:r><a:rPr lang="en-US"/><a:t>row 11</a:t></a:r></a:p></a:txBody><a:tcPr></a:tcPr></a:tc><a:tc><a:txBody><a:bodyPr/><a:lstStyle/><a:p><a:r><a:rPr lang="en-US"/><a:t>22</a:t></a:r></a:p></a:txBody><a:tcPr></a:tcPr></a:tc><a:tc><a:txBody><a:bodyPr/><a:lstStyle/><a:p><a:r><a:rPr lang="en-US"/><a:t>121</a:t></a:r></a:p></a:txBody><a:tcPr></a:tcPr></a:tc></a:tr>
<a:tr h="320040"><a:tc><a:txBody><a:bodyPr/><a:lstStyle/><a:p><a:r><a:rPr lang="en-US"/><a:t>row 12</a:t></a:r></a:p></a:txBody><a:tcPr></a:tcPr></a:tc><a:tc><a:txBody><a:bodyPr/><a:lstStyle/><a:p><a:r><a:rPr lang="en-US"/><a:t>24</a:t></a:r></a:p></a:txBody><a:tcPr></a:tcPr></a:tc><a:tc><a:txBody><a:bodyPr/><a:lstStyle/><a:p><a:r><a:rPr lang="en-US"/><a:t>144</a:t></a:r></a:p></a:txBody><a:tcPr></a:tcPr></a:tc></a:tr>
<a:tr h="320040"><a:tc><a:txBody><a:bodyPr/><a:lstStyle/><a:p><a:r><a:rPr lang="en-US"/><a:t>row 13</a:t></a:r></a:p></a:txBody><a:tcPr></a:tcPr></a:tc><a:tc><a:txBody><a:bodyPr/><a:lstStyle/><a:p><a:r><a:rPr lang="en-US"/><a:t>26</a:t></a:r></a:p></a:txBody><a:tcPr></a:tcPr></a:tc><a:tc><a:txBody><a:bodyPr/><a:lstStyle/><a:p><a:r><a:rPr lang="en-US"/><a:t>169</a:t></a:r></a:p></a:txBody><a:tcPr></a:tcPr></a:tc></a:tr>
<a:tr h="320040"><a:tc><a:txBody><a:bodyPr/><a:lstStyle/><a:p><a:r><a:rPr lang="en-US"/><a:t>row 14</a:t></a:r></a:p></a:txBody><a:tcPr></a:tcPr></a:tc><a:tc><a:txBody><a:bodyPr/><a:lstStyle/><a:p><a:r><a:rPr lang="en-US"/><a:t>28</a:t></a:r></a:p></a:txBody><a:tcPr></a:tcPr></a:tc><a:tc><a:txBody><a:bodyPr/><a:lstStyle/><a:p><a:r><a:rPr lang="en-US"/><a:t>196</a:t></a:r></a:p></a:txBody><a:tcPr></a:tcPr></a:tc></a:tr>
<a:tr h="320040"><a:tc><a:txBody><a:bodyPr/><a:lstStyle/><a:p><a:r><a:rPr lang="en-US"/><a:t>row 15</a:t></a:r></a:p></a:txBody><a:tcPr></a:tcPr></a:tc><a:tc><a:txBody><a:bodyPr/><a:lstStyle/><a:p><a:r><a:rPr lang="en-US"/><a:t>30</a:t></a:r></a:p></a:txBody><a:tcPr></a:tcPr></a:tc><a:tc><a:txBody><a:bodyPr/><a:lstStyle/><a:p><a:r><a:rPr lang="en-US"/><a:t>225</a:t></a:r></a:p></a:txBody><a:tcPr></a:tcPr></a:tc></a:tr>
<a:tr h="320040"><a:tc><a:txBody><a:bodyPr/><a:lstStyle/><a:p><a:r><a:rPr lang="en-US"/><a:t>row 16</a:t></a:r></a:p></a:txBody><a:tcPr></a:tcPr></a:tc><a:tc><a:txBody><a:bodyPr/><a:lstStyle/><a:p><a:r><a:rPr lang="en-US"/><a:t>32</a:t></a:r></a:p></a:txBody><a:tcPr></a:tcPr></a:tc><a:tc><a:txBody><a:bodyPr/><a:lstStyle/><a:p><a:r><a:rPr lang="en-US"/><a:t>256</a:t></a:r></a:p></a:txBody><a:tcPr></a:tcPr></a:tc></a:tr>
<a:tr h="320040"><a:tc><a:txBody><a:bodyPr/><a:lstStyle/><a:p><a:r><a:rPr lang="en-US"/><a:t>row 17</a:t></a:r></a:p></a:txBody><a:tcPr></a:tcPr></a:tc><a:tc><a:txBody><a:bodyPr/><a:lstStyle/><a:p><a:r><a:rPr lang="en-US"/><a:t>34</a:t></a:r></a:p></a:txBody><a:tcPr></a:tcPr></a:tc><a:tc><a:txBody><a:bodyPr/><a:lstStyle/><a:p><a:r><a:rPr lang="en-US"/><a:t>289</a:t></a:r></a:p></a:txBody><a:tcPr></a:tcPr></a:tc></a:tr>
<a:tr h="320040"><a:tc><a:txBody><a:bodyPr/><a:lstStyle/><a:p><a:r><a:rPr lang="en-US"/><a:t>row 18</a:t></a:r></a:p></a:txBody><a:tcPr></a:tcPr></a:tc><a:tc><a:txBody><a:bodyPr/><a:lstStyle/><a:p><a:r><a:rPr lang="en-US"/><a:t>36</a:t></a:r></a:p></a:txBody><a:tcPr></a:tcPr></a:tc><a:tc><a:txBody><a:bodyPr/><a:lstStyle/><a:p><a:r><a:rPr lang="en-US"/><a:t>324</a:t></a:r></a:p></a:txBody><a:tcPr></a:tcPr></a:tc></a:tr>
<a:tr h="320040"><a:tc><a:txBody><a:bodyPr/><a:lstStyle/><a:p><a:r><a:rPr lang="en-US"/><a:t>row 19</a:t></a:r></a:p></a:txBody><a:tcPr></a:tcPr></a:tc><a:tc><a:txBody><a:bodyPr/><a:lstStyle/><a:p><a:r><a:rPr lang="en-US"/><a:t>38</a:t></a:r></a:p></a:txBody><a:tcPr></a:tcPr></a:tc><a:tc><a:txBody><a:bodyPr/><a:lstStyle/><a:p><a:r><a:rPr lang="en-US"/><a:t>361</a:t></a:r></a:p></a:txBody><a:tcPr></a:tcPr></a:tc></a:tr>
<a:tr h="320040"><a:tc><a:txBody><a:bodyPr/><a:lstStyle/><a:p><a:r><a:rPr lang="en-US"/><a:t>row 20</a:t></a:r></a:p></a:txBody><a:tcPr></a:tcPr></a:tc><a:tc><a:txBody><a:bodyPr/><a:lstStyle/><a:p><a:r><a:rPr lang="en-US"/><a:t>40</a:t></a:r></a:p></a:txBody><a:tcPr></a:tcPr></a:tc><a:tc><a:txBody><a:bodyPr/><a:lstStyle/><a:p><a:r><a:rPr lang="en-US"/><a:t>400</a:t></a:r></a:p></a:txBody><a:tcPr></a:tcPr></a:tc></a:tr>
<a:tr h="320040"><a:tc><a:txBody><a:bodyPr/><a:lstStyle/><a:p><a:r><a:rPr lang="en-US"/><a:t>row 21</a:t></a:r></a:p></a:txBody><a:tcPr></a:tcPr></a:tc><a:tc><a:txBody><a:bodyPr/><a:lstStyle/><a:p><a:r><a:rPr lang="en-US"/><a:t>42</a:t></a:r></a:p></a:txBody><a:tcPr></a:tcPr></a:tc><a:tc><a:txBody><a:bodyPr/><a:lstStyle/><a:p><a:r><a:rPr lang="en-US"/><a:t>441</a:t></a:r></a:p></a:txBody><a:tcPr></a:tcPr></a:tc></a:tr>
<a:tr h="320040"><a:tc><a:txBody><a:bodyPr/><a:lstStyle/><a:p><a:r><a:rPr lang="en-US"/><a:t>row 22</a:t></a:r></a:p></a:txBody><a:tcPr></a:tcPr></a:tc><a:tc><a:txBody><a:bodyPr/><a:lstStyle/><a:p><a:r><a:rPr lang="en-US"/><a:t>44</a:t></a:r></a:p></a:txBody><a:tcPr></a:tcPr></a:tc><a:tc><a:txBody><a:bodyPr/><a:lstStyle/><a:p><a:r><a:rPr lang="en-US"/><a:t>484</a:t></a:r></a:p></a:txBody><a:tcPr></a:tcPr></a:tc></a:tr>
<a:tr h="320040"><a:tc><a:txBody><a:bodyPr/><a:lstStyle/><a:p><a:r><a:rPr lang="en-US"/><a:t>row 23</a:t></a:r></a:p></a:txBody><a:tcPr></a:tcPr></a:tc><a:tc><a:txBody><a:bodyPr/><a:lstStyle/><a:p><a:r><a:rPr lang="en-US"/><a:t>46</a:t></a:r></a:p></a:txBody><a:tcPr></a:tcPr></a:tc><a:tc><a:txBody><a:bodyPr/><a:lstStyle/><a:p><a:r><a:rPr lang="en-US"/><a:t>529</a:t></a:r></a:p></a:txBody><a:tcPr></a:tcPr></a:tc></a:tr>
<a:tr h="320040"><a:tc><a:txBody><a:bodyPr/><a:lstStyle/><a:p><a:r><a:rPr lang="en-US"/><a:t>row 24</a:t></a:r></a:p></a:txBody><a:tcPr></a:tcPr></a:tc><a:tc><a:txBody><a:bodyPr/><a:lstStyle/><a:p><a:r><a:rPr lang="en-US"/><a:t>48</a:t></a:r></a:p></a:txBody><a:tcPr></a:tcPr></a:tc><a:tc><a:txBody><a:bodyPr/><a:lstStyle/><a:p><a:r><a:rPr lang="en-US"/><a:t>576</a:t></a:r></a:p></a:txBody><a:tcPr></a:tcPr></a:tc></a:tr>
<a:tr h="320040"><a:tc><a:txBody><a:bodyPr/><a:lstStyle/><a:p><a:r><a:rPr lang="en-US"/><a:t>row 25</a:t></a:r></a:p></a:txBody><a:tcPr></a:tcPr></a:tc><a:tc><a:txBody><a:bodyPr/><a:lstStyle/><a:p><a:r><a:rPr lang="en-US"/><a:t>50</a:t></a:r></a:p></a:txBody><a:tcPr></a:tcPr></a:tc><a:tc><a:txBody><a:bodyPr/><a:lstStyle/><a:p><a:r><a:rPr lang="en-US"/><a:t>625</a:t></a:r></a:p></a:txBody><a:tcPr></a:tcPr></a:tc></a:tr>
<a:tr h="320040"><a:tc><a:txBody><a:bodyPr/><a:lstStyle/><a:p><a:r><a:rPr lang="en-US"/><a:t>row 26</a:t></a:r></a:p></a:txBody><a:tcPr></a:tcPr></a:tc><a:tc><a:txBody><a:bodyPr/><a:lstStyle/><a:p><a:r><a:rPr lang="en-US"/><a:t>52</a:t></a:r></a:p></a:txBody><a:tcPr></a:tcPr></a:tc><a:tc><a:txBody><a:bodyPr/><a:lstStyle/><a:p><a:r><a:rPr lang="en-US"/><a:t>676</a:t></a:r></a:p></a:txBody><a:tcPr></a:tcPr></a:tc></a:tr>
<a:tr h="320040"><a:tc><a:txBody><a:bodyPr/><a:lstStyle/><a:p><a:r><a:rPr lang="en-US"/><a:t>row 27</a:t></a:r></a:p></a:txBody><a:tcPr></a:tcPr></a:tc><a:tc><a:txBody><a:bodyPr/><a:lstStyle/><a:p><a:r><a:rPr lang="en-US"/><a:t>54</a:t></a:r></a:p></a:txBody><a:tcPr></a:tcPr></a:tc><a:tc><a:txBody><a:bodyPr/><a:lstStyle/><a:p><a:r><a:rPr lang="en-US"/><a:t>729</a:t></a:r></a:p></a:txBody><a:tcPr></a:tcPr></a:tc></a:tr>
<a:tr h="320040"><a:tc><a:txBody><a:bodyPr/><a:lstStyle/><a:p><a:r><a:rPr lang="en-US"/><a:t>row 28</a:t></a:r></a:p></a:txBody><a:tcPr></a:tcPr></a:tc><a:tc><a:txBody><a:bodyPr/><a:lstStyle/><a:p><a:r><a:rPr lang="en-US"/><a:t>56</a:t></a:r></a:p></a:txBody><a:tcPr></a:tcPr></a:tc><a:tc><a:txBody><a:bodyPr/><a:lstStyle/><a:p><a:r><a:rPr lang="en-US"/><a:t>784</a:t></a:r></a:p></a:txBody><a:tcPr></a:tcPr></a:tc></a:tr>
<a:tr h="320040"><a:tc><a:txBody><a:bodyPr/><a:lstStyle/><a:p><a:r><a:rPr lang="en-US"/><a:t>row 29</a:t></a:r></a:p></a:txBody><a:tcPr></a:tcPr></a:tc><a:tc><a:txBody><a:bodyPr/><a:lstStyle/><a:p><a:r><a:rPr lang="en-US"/><a:t>58</a:t></a:r></a:p></a:txBody><a:tcPr></a:tcPr></a:tc><a:tc><a:txBody><a:bodyPr/><a:lstStyle/><a:p><a:r><a:rPr lang="en-US"/><a:t>841</a:t></a:r></a:p></a:txBody><a:tcPr></a:tcPr></a:tc></a:tr>
<a:tr h="320040"><a:tc><a:txBody><a:bodyPr/><a:lstStyle/><a:p><a:r><a:rPr lang="en-US"/><a:t>row 30</a:t></a:r></a:p></a:txBody><a:tcPr></a:tcPr></a:tc><a:tc><a:txBody><a:bodyPr/><a:lstStyle/><a:p><a:r><a:rPr lang="en-US"/><a:t>60</a:t></a:r></a:p></a:txBody><a:tcPr></a:tcPr></a:tc><a:tc><a:txBody><a:bodyPr/><a:lstStyle/><a:p><a:r><a:rPr lang="en-US"/><a:t>900</a:t></a:r></a:p></a:txBody><a:tcPr></a:tcPr></a:tc></a:tr>
<a:tr h="320040"><a:tc><a:txBody><a:bodyPr/><a:lstStyle/><a:p><a:r><a:rPr lang="en-US"/><a:t>row 31</a:t></a:r></a:p></a:txBody><a:tcPr></a:tcPr></a:tc><a:tc><a:txBody><a:bodyPr/><a:lstStyle/><a:p><a:r><a:rPr lang="en-US"/><a:t>62</a:t></a:r></a:p></a:txBody><a:tcPr></a:tcPr></a:tc><a:tc><a:txBody><a:bodyPr/><a:lstStyle/><a:p><a:r><a:rPr lang="en-US"/><a:t>961</a:t></a:r></a:p></a:txBody><a:tcPr></a:tcPr></a:tc></a:tr>
<a:tr h="320040"><a:tc><a:txBody><a:bodyPr/><a:lstStyle/><a:p><a:r><a:rPr lang="en-US"/><a:t>row 32</a:t></a:r></a:p></a:txBody><a:tcPr></a:tcPr></a:tc><a:tc><a:txBody><a:bodyPr/><a:lstStyle/><a:p><a:r><a:rPr lang="en-US"/><a:t>64</a:t></a:r></a:p></a:txBody><a:tcPr></a:tcPr></a:tc><a:tc><a:txBody><a:bodyPr/><a:lstStyle/><a:p><a:r><a:rPr lang="en-US"/><a:t>1024</a:t></a:r></a:p></a:txBody><a:tcPr></a:tcPr></a:tc></a:tr>
<a:tr h="320040"><a:tc><a:txBody><a:bodyPr/><a:lstStyle/><a:p><a:r><a:rPr lang="en-US"/><a:t>row 33</a:t></a:r></a:p></a:txBody><a:tcPr></a:tcPr></a:tc><a:tc><a:txBody><a:bodyPr/><a:lstStyle/><a:p><a:r><a:rPr lang="en-US"/><a:t>66</a:t></a:r></a:p></a:txBody><a:tcPr></a:tcPr></a:tc><a:tc><a:txBody><a:bodyPr/><a:lstStyle/><a:p><a:r><a:rPr lang="en-US"/><a:t>1089</a:t></a:r></a:p></a:txBody><a:tcPr></a:tcPr></a:tc></a:tr>
<a:tr h="320040"><a:tc><a:txBody><a:bodyPr/><a:lstStyle/><a:p><a:r><a:rPr lang="en-US"/><a:t>row 34</a:t></a:r></a:p></a:txBody><a:tcPr></a:tcPr></a:tc><a:tc><a:txBody><a:bodyPr/><a:lstStyle/><a:p><a:r><a:rPr lang="en-US"/><a:t>68</a:t></a:r></a:p></a:txBody><a:tcPr></a:tcPr></a:tc><a:tc><a:txBody><a:bodyPr/><a:lstStyle/><a:p><a:r><a:rPr lang="en-US"/><a:t>1156</a:t></a:r></a:p></a:txBody><a:tcPr></a:tcPr></a:tc></a:tr>
<a:tr h="320040"><a:tc><a:txBody><a:bodyPr/><a:lstStyle/><a:p><a:r><a:rPr lang="en-US"/><a:t>row 35</a:t></a:r></a:p></a:txBody><a:tcPr></a:tcPr></a:tc><a:tc><a:txBody><a:bodyPr/><a:lstStyle/><a:p><a:r><a:rPr lang="en-US"/><a:t>70</a:t></a:r></a:p></a:txBody><a:tcPr></a:tcPr></a:tc><a:tc><a:txBody><a:bodyPr/><a:lstStyle/><a:p><a:r><a:rPr lang="en-US"/><a:t>1225</a:t></a:r></a:p></a:txBody><a:tcPr></a:tcPr></a:tc></a:tr>
<a:tr h="320040"><a:tc><a:txBody><a:bodyPr/><a:lstStyle/><a:p><a:r><a:rPr lang="en-US"/><a:t>row 36</a:t></a:r></a:p></a:txBody><a:tcPr></a:tcPr></a:tc><a:tc><a:txBody><a:bodyPr/><a:lstStyle/><a:p><a:r><a:rPr lang="en-US"/><a:t>72</a:t></a:r></a:p></a:txBody><a:tcPr></a:tcPr></a:tc><a:tc><a:txBody><a:bodyPr/><a:lstStyle/><a:p><a:r><a:rPr lang="en-US"/><a:t>1296</a:t></a:r></a:p></a:txBody><a:tcPr></a:tcPr></a:tc></a:tr>
<a:tr h="320040"><a:tc><a:txBody><a:bodyPr/><a:lstStyle/><a:p><a:r><a:rPr lang="en-US"/><a:t>row 37</a:t></a:r></a:p></a:txBody><a:tcPr></a:tcPr></a:tc><a:tc><a:txBody><a:bodyPr/><a:lstStyle/><a:p><a:r><a:rPr lang="en-US"/><a:t>74</a:t></a:r></a:p></a:txBody><a:tcPr></a:tcPr></a:tc><a:tc><a:txBody><a:bodyPr/><a:lstStyle/><a:p><a:r><a:rPr lang="en-US"/><a:t>1369</a:t></a:r></a:p></a:txBody><a:tcPr></a:tcPr></a:tc></a:tr>
<a:tr h="320040"><a:tc><a:txBody><a:bodyPr/><a:lstStyle/><a:p><a:r><a:rPr lang="en-US"/><a:t>row 38</a:t></a:r></a:p></a:txBody><a:tcPr></a:tcPr></a:tc><a:tc><a:txBody><a:bodyPr/><a:lstStyle/><a:p><a:r><a:rPr lang="en-US"/><a:t>76</a:t></a:r></a:p></a:txBody><a:tcPr></a:tcPr></a:tc><a:tc><a:txBody><a:bodyPr/><a:lstStyle/><a:p><a:r><a:rPr lang="en-US"/><a:t>1444</a:t></a:r></a:p></a:txBody><a:tcPr></a:tcPr></a:tc></a:tr>
<a:tr h="320040"><a:tc><a:txBody><a:bodyPr/><a:lstStyle/><a:p><a:r><a:rPr lang="en-US"/><a:t>row 39</a:t></a:r></a:p></a:txBody><a:tcPr></a:tcPr></a:tc><a:tc><a:txBody><a:bodyPr/><a:lstStyle/><a:p><a:r><a:rPr lang="en-US"/><a:t>78</a:t></a:r></a:p></a:txBody><a:tcPr></a:tcPr></a:tc><a:tc><a:txBody><a:bodyPr/><a:lstStyle/><a:p><a:r><a:rPr lang="en-US"/><a:t>1521</a:t></a:r></a:p></a:txBody><a:tcPr></a:tcPr></a:tc></a:tr>
<a:tr h="320040"><a:tc><a:txBody><a:bodyPr/><a:lstStyle/><a:p><a:r><a:rPr lang="en-US"/><a:t>row 40</a:t></a:r></a:p></a:txBody><a:tcPr></a:tcPr></a:tc><a:tc><a:txBody><a:bodyPr/><a:lstStyle/><a:p><a:r><a:rPr lang="en-US"/><a:t>80</a:t></a:r></a:p></a:txBody><a:tcPr></a:tcPr></a:tc><a:tc><a:txBody><a:bodyPr/><a:lstStyle/><a:p><a:r><a:rPr lang="en-US"/><a:t>1600</a:t></a:r></a:p></a:txBody><a:tcPr></a:tcPr></a:tc></a:tr>
<a:tr h="320040"><a:tc><a:txBody><a:bodyPr/><a:lstStyle/><a:p><a:r><a:rPr lang="en-US"/><a:t>row 41</a:t></a:r></a:p></a:txBody><a:tcPr></a:tcPr></a:tc><a:tc><a:txBody><a:bodyPr/><a:lstStyle/><a:p><a:r><a:rPr lang="en-US"/><a:t>82</a:t></a:r></a:p></a:txBody><a:tcPr></a:tcPr></a:tc><a:tc><a:txBody><a:bodyPr/><a:lstStyle/><a:p><a:r><a:rPr lang="en-US"/><a:t>1681</a:t></a:r></a:p></a:txBody><a:tcPr></a:tcPr></a:tc></a:tr>
<a:tr h="320040"><a:tc><a:txBody><a:bodyPr/><a:lstStyle/><a:p><a:r><a:rPr lang="en-US"/><a:t>row 42</a:t></a:r></a:p></a:txBody><a:tcPr></a:tcPr></a:tc><a:tc><a:txBody><a:bodyPr/><a:lstStyle/><a:p><a:r><a:rPr lang="en-US"/><a:t>84</a:t></a:r></a:p></a:txBody><a:tcPr></a:tcPr></a:tc><a:tc><a:txBody><a:bodyPr/><a:lstStyle/><a:p><a:r><a:rPr lang="en-US"/><a:t>1764</a:t></a:r></a:p></a:txBody><a:tcPr></a:tcPr></a:tc></a:tr>
<a:tr h="320040"><a:tc><a:txBody><a:bodyPr/><a:lstStyle/><a:p><a:r><a:rPr lang="en-US"/><a:t>row 43</a:t></a:r></a:p></a:txBody><a:tcPr></a:tcPr></a:tc><a:tc><a:txBody><a:bodyPr/><a:lstStyle/><a:p><a:r><a:rPr lang="en-US"/><a:t>86</a:t></a:r></a:p></a:txBody><a:tcPr></a:tcPr></a:tc><a:tc><a:txBody><a:bodyPr/><a:lstStyle/><a:p><a:r><a:rPr lang="en-US"/><a:t>1849</a:t></a:r></a:p></a:txBody><a:tcPr></a:tcPr></a:tc></a:tr>
<a:tr h="320040"><a:tc><a:txBody><a:bodyPr/><a:lstStyle/><a:p><a:r><a:rPr lang="en-US"/><a:t>row 44</a:t></a:r></a:p></a:txBody><a:tcPr></a:tcPr></a:tc><a:tc><a:txBody><a:bodyPr/><a:lstStyle/><a:p><a:r><a:rPr lang="en-US"/><a:t>88</a:t></a:r></a:p></a:txBody><a:tcPr></a:tcPr></a:tc><a:tc><a:txBody><a:bodyPr/><a:lstStyle/><a:p><a:r><a:rPr lang="en-US"/><a:t>1936</a:t></a:r></a:p></a:txBody><a:tcPr></a:tcPr></a:tc></a:tr>
<a:tr h="320040"><a:tc><a:txBody><a:bodyPr/><a:lstStyle/><a:p><a:r><a:rPr lang="en-US"/><a:t>row 45</a:t></a:r></a:p></a:txBody><a:tcPr></a:tcPr></a:tc><a:tc><a:txBody><a:bodyPr/><a:lstStyle/><a:p><a:r><a:rPr lang="en-US"/><a:t>90</a:t></a:r></a:p></a:txBody><a:tcPr></a:tcPr></a:tc><a:tc><a:txBody><a:bodyPr/><a:lstStyle/><a:p><a:r><a:rPr lang="en-US"/><a:t>2025</a:t></a:r></a:p></a:txBody><a:tcPr></a:tcPr></a:tc></a:tr>
<a:tr h="320040"><a:tc><a:txBody><a:bodyPr/><a:lstStyle/><a:p><a:r><a:rPr lang="en-US"/><a:t>row 46</a:t></a:r></a:p></a:txBody><a:tcPr></a:tcPr></a:tc><a:tc><a:txBody><a:bodyPr/><a:lstStyle/><a:p><a:r><a:rPr lang="en-US"/><a:t>92</a:t></a:r></a:p></a:txBody><a:tcPr></a:tcPr></a:tc><a:tc><a:txBody><a:bodyPr/><a:lstStyle/><a:p><a:r><a:rPr lang="en-US"/><a:t>2116</a:t></a:r></a:p></a:txBody><a:tcPr></a:tcPr></a:tc></a:tr>
<a:tr h="320040"><a:tc><a:txBody><a:bodyPr/><a:lstStyle/><a:p><a:r><a:rPr lang="en-US"/><a:t>row 47</a:t></a:r></a:p></a:txBody><a:tcPr></a:tcPr></a:tc><a:tc><a:txBody><a:bodyPr/><a:lstStyle/><a:p><a:r><a:rPr lang="en-US"/><a:t>94</a:t></a:r></a:p></a:txBody><a:tcPr></a:tcPr></a:tc><a:tc><a:txBody><a:bodyPr/><a:lstStyle/><a:p><a:r><a:rPr lang="en-US"/><a:t>2209</a:t></a:r></a:p></a:txBody><a:tcPr></a:tcPr></a:tc></a:tr>
<a:tr h="320040"><a:tc><a:txBody><a:bodyPr/><a:lstStyle/><a:p><a:r><a:rPr lang="en-US"/><a:t>row 48</a:t></a:r></a:p></a:txBody><a:tcPr></a:tcPr></a:tc><a:tc><a:txBody><a:bodyPr/><a:lstStyle/><a:p><a:r><a:rPr lang="en-US"/><a:t>96</a:t></a:r></a:p></a:txBody><a:tcPr></a:tcPr></a:tc><a:tc><a:txBody><a:bodyPr/><a:lstStyle/><a:p><a:r><a:rPr lang="en-US"/><a:t>2304</a:t></a:r></a:p></a:txBody><a:tcPr></a:tcPr></a:tc></a:tr>
<a:tr h="320040"><a:tc><a:txBody><a:bodyPr/><a:lstStyle/><a:p><a:r><a:rPr lang="en-US"/><a:t>row 49</a:t></a:r></a:p></a:txBody><a:tcPr></a:tcPr></a:tc><a:tc><a:txBody><a:bodyPr/><a:lstStyle/><a:p><a:r><a:rPr lang="en-US"/><a:t>98</a:t></a:r></a:p></a:txBody><a:tcPr></a:tcPr></a:tc><a:tc><a:txBody><a:bodyPr/><a:lstStyle/><a:p><a:r><a:rPr lang="en-US"/><a:t>2401</a:t></a:r></a:p></a:txBody><a:tcPr></a:tcPr></a:tc></a:tr>
<a:tr h="320040"><a:tc><a:txBody><a:bodyPr/><a:lstStyle/><a:p><a:r><a:rPr lang="en-US"/><a:t>row 50</a:t></a:r></a:p></a:txBody><a:tcPr></a:tcPr></a:tc><a:tc><a:txBody><a:bodyPr/><a:lstStyle/><a:p><a:r><a:rPr lang="en-US"/><a:t>100</a:t></a:r></a:p></a:txBody><a:tcPr></a:tcPr></a:tc><a:tc><a:txBody><a:bodyPr/><a:lstStyle/><a:p><a:r><a:rPr lang="en-US"/><a:t>2500</a:t></a:r></a:p></a:txBody><a:tcPr></a:tcPr></a:tc></a:tr>
<a:tr h="320040"><a:tc><a:txBody><a:bodyPr/><a:lstStyle/><a:p><a:r><a:rPr lang="en-US"/><a:t>row 51</a:t></a:r></a:p></a:txBody><a:tcPr></a:tcPr></a:tc><a:tc><a:txBody><a:bodyPr/><a:lstStyle/><a:p><a:r><a:rPr lang="en-US"/><a:t>102</a:t></a:r></a:p></a:txBody><a:tcPr></a:tcPr></a:tc><a:tc><a:txBody><a:bodyPr/><a:lstStyle/><a:p><a:r><a:rPr lang="en-US"/><a:t>2601</a:t></a:r></a:p></a:txBody><a:tcPr></a:tcPr></a:tc></a:tr>
<a:tr h="320040"><a:tc><a:txBody><a:bodyPr/><a:lstStyle/><a:p><a:r><a:rPr lang="en-US"/><a:t>row 52</a:t></a:r></a:p></a:txBody><a:tcPr></a:tcPr></a:tc><a:tc><a:txBody><a:bodyPr/><a:lstStyle/><a:p><a:r><a:rPr lang="en-US"/><a:t>104</a:t></a:r></a:p></a:txBody><a:tcPr></a:tcPr></a:tc><a:tc><a:txBody><a:bodyPr/><a:lstStyle/><a:p><a:r><a:rPr lang="en-US"/><a:t>2704</a:t></a:r></a:p></a:txBody><a:tcPr></a:tcPr></a:tc></a:tr>
<a:tr h="320040"><a:tc><a:txBody><a:bodyPr/><a:lstStyle/><a:p><a:r><a:rPr lang="en-US"/><a:t>row 53</a:t></a:r></a:p></a:txBody><a:tcPr></a:tcPr></a:tc><a:tc><a:txBody><a:bodyPr/><a:lstStyle/><a:p><a:r><a:rPr lang="en-US"/><a:t>106</a:t></a:r></a:p></a:txBody><a:tcPr></a:tcPr></a:tc><a:tc><a:txBody><a:bodyPr/><a:lstStyle/><a:p><a:r><a:rPr lang="en-US"/><a:t>2809</a:t></a:r></a:p></a:txBody><a:tcPr></a:tcPr></a:tc></a:tr>
<a:tr h="320040"><a:tc><a:txBody><a:bodyPr/><a:lstStyle/><a:p><a:r><a:rPr lang="en-US"/><a:t>row 54</a:t></a:r></a:p></a:txBody><a:tcPr></a:tcPr></a:tc><a:tc><a:txBody><a:bodyPr/><a:lstStyle/><a:p><a:r><a:rPr lang="en-US"/><a:t>108</a:t></a:r></a:p></a:txBody><a:tcPr></a:tcPr></a:tc><a:tc><a:txBody><a:bodyPr/><a:lstStyle/><a:p><a:r><a:rPr lang="en-US"/><a:t>2916</a:t></a:r></a:p></a:txBody><a:tcPr></a:tcPr></a:tc></a:tr>
<a:tr h="320040"><a:tc><a:txBody><a:bodyPr/><a:lstStyle/><a:p><a:r><a:rPr lang="en-US"/><a:t>row 55</a:t></a:r></a:p></a:txBody><a:tcPr></a:tcPr></a:tc><a:tc><a:txBody><a:bodyPr/><a:lstStyle/><a:p><a:r><a:rPr lang="en-US"/><a:t>110</a:t></a:r></a:p></a:txBody><a:tcPr></a:tcPr></a:tc><a:tc><a:txBody><a:bodyPr/><a:lstStyle/><a:p><a:r><a:rPr lang="en-US"/><a:t>3025</a:t></a:r></a:p></a:txBody><a:tcPr></a:tcPr></a:tc></a:tr>
<a:tr h="320040"><a:tc><a:txBody><a:bodyPr/><a:lstStyle/><a:p><a:r><a:rPr lang="en-US"/><a:t>row 56</a:t></a:r></a:p></a:txBody><a:tcPr></a:tcPr></a:tc><a:tc><a:txBody><a:bodyPr/><a:lstStyle/><a:p><a:r><a:rPr lang="en-US"/><a:t>112</a:t></a:r></a:p></a:txBody><a:tcPr></a:tcPr></a:tc><a:tc><a:txBody><a:bodyPr/><a:lstStyle/><a:p><a:r><a:rPr lang="en-US"/><a:t>3136</a:t></a:r></a:p></a:txBody><a:tcPr></a:tcPr></a:tc></a:tr>
<a:tr h="320040"><a:tc><a:txBody><a:bodyPr/><a:lstStyle/><a:p><a:r><a:rPr lang="en-US"/><a:t>row 57</a:t></a:r></a:p></a:txBody><a:tcPr></a:tcPr></a:tc><a:tc><a:txBody><a:bodyPr/><a:lstStyle/><a:p><a:r><a:rPr lang="en-US"/><a:t>114</a:t></a:r></a:p></a:txBody><a:tcPr></a:tcPr></a:tc><a:tc><a:txBody><a:bodyPr/><a:lstStyle/><a:p><a:r><a:rPr lang="en-US"/><a:t>3249</a:t></a:r></a:p></a:txBody><a:tcPr></a:tcPr></a:tc></a:tr>
<a:tr h="320040"><a:tc><a:txBody><a:bodyPr/><a:lstStyle/><a:p><a:r><a:rPr lang="en-US"/><a:t>row 58</a:t></a:r></a:p></a:txBody><a:tcPr></a:tcPr></a:tc><a:tc><a:txBody><a:bodyPr/><a:lstStyle/><a:p><a:r><a:rPr lang="en-US"/><a:t>116</a:t></a:r></a:p></a:txBody><a:tcPr></a:tcPr></a:tc><a:tc><a:txBody><a:bodyPr/><a:lstStyle/><a:p><a:r><a:rPr lang="en-US"/><a:t>3364</a:t></a:r></a:p></a:txBody><a:tcPr></a:tcPr></a:tc></a:tr>
<a:tr h="320040"><a:tc><a:txBody><a:bodyPr/><a:lstStyle/><a:p><a:r><a:rPr lang="en-US"/><a:t>row 59</a:t></a:r></a:p></a:txBody><a:tcPr></a:tcPr></a:tc><a:tc><a:txBody><a:bodyPr/><a:lstStyle/><a:p><a:r><a:rPr lang="en-US"/><a:t>118</a:t></a:r></a:p></a:txBody><a:tcPr></a:tcPr></a:tc><a:tc><a:txBody><a:bodyPr/><a:lstStyle/><a:p><a:r><a:rPr lang="en-US"/><a:t>3481</a:t></a:r></a:p></a:txBody><a:tcPr></a:tcPr></a:tc></a:tr>
<a:tr h="320040"><a:tc><a:txBody><a:bodyPr/><a:lstStyle/><a:p><a:r><a:rPr lang="en-US"/><a:t>row 60</a:t></a:r></a:p></a:txBody><a:tcPr></a:tcPr></a:tc><a:tc><a:txBody><a:bodyPr/><a:lstStyle/><a:p><a:r><a:rPr lang="en-US"/><a:t>120</a:t></a:r></a:p></a:txBody><a:tcPr></a:tcPr></a:tc><a:tc><a:txBody><a:bodyPr/><a:lstStyle/><a:p><a:r><a:rPr lang="en-US"/><a:t>3600</a:t></a:r></a:p></a:txBody><a:tcPr></a:tcPr></a:tc></a:tr>
<a:tr h="320040"><a:tc><a:txBody><a:bodyPr/><a:lstStyle/><a:p><a:r><a:rPr lang="en-US"/><a:t>row 61</a:t></a:r></a:p></a:txBody><a:tcPr></a:tcPr></a:tc><a:tc><a:txBody><a:bodyPr/><a:lstStyle/><a:p><a:r><a:rPr lang="en-US"/><a:t>122</a:t></a:r></a:p></a:txBody><a:tcPr></a:tcPr></a:tc><a:tc><a:txBody><a:bodyPr/><a:lstStyle/><a:p><a:r><a:rPr lang="en-US"/><a:t>3721</a:t></a:r></a:p></a:txBody><a:tcPr></a:tcPr></a:tc></a:tr>
<a:tr h="320040"><a:tc><a:txBody><a:bodyPr/><a:lstStyle/><a:p><a:r><a:rPr lang="en-US"/><a:t>row 62</a:t></a:r></a:p></a:txBody><a:tcPr></a:tcPr></a:tc><a:tc><a:txBody><a:bodyPr/><a:lstStyle/><a:p><a:r><a:rPr lang="en-US"/><a:t>124</a:t></a:r></a:p></a:txBody><a:tcPr></a:tcPr></a:tc><a:tc><a:txBody><a:bodyPr/><a:lstStyle/><a:p><a:r><a:rPr lang="en-US"/><a:t>3844</a:t></a:r></a:p></a:txBody><a:tcPr></a:tcPr></a:tc></a:tr>
<a:tr h="320040"><a:tc><a:txBody><a:bodyPr/><a:lstStyle/><a:p><a:r><a:rPr lang="en-US"/><a:t>row 63</a:t></a:r></a:p></a:txBody><a:tcPr></a:tcPr></a:tc><a:tc><a:txBody><a:bodyPr/><a:lstStyle/><a:p><a:r><a:rPr lang="en-US"/><a:t>126</a:t></a:r></a:p></a:txBody><a:tcPr></a:tcPr></a:tc><a:tc><a:txBody><a:bodyPr/><a:lstStyle/><a:p><a:r><a:rPr lang="en-US"/><a:t>3969</a:t></a:r></a:p></a:txBody><a:tcPr></a:tcPr></a:tc></a:tr>
<a:tr h="320040"><a:tc><a:txBody><a:bodyPr/><a:lstStyle/><a:p><a:r><a:rPr lang="en-US"/><a:t>row 64</a:t></a:r></a:p></a:txBody><a:tcPr></a:tcPr></a:tc><a:tc><a:txBody><a:bodyPr/><a:lstStyle/><a:p><a:r><a:rPr lang="en-US"/><a:t>128</a:t></a:r></a:p></a:txBody><a:tcPr></a:tcPr></a:tc><a:tc><a:txBody><a:bodyPr/><a:lstStyle/><a:p><a:r><a:rPr lang="en-US"/><a:t>4096</a:t></a:r></a:p></a:txBody><a:tcPr></a:tcPr></a:tc></a:tr>
<a:tr h="320040"><a:tc><a:txBody><a:bodyPr/><a:lstStyle/><a:p><a:r><a:rPr lang="en-US"/><a:t>row 65</a:t></a:r></a:p></a:txBody><a:tcPr></a:tcPr></a:tc><a:tc><a:txBody><a:bodyPr/><a:lstStyle/><a:p><a:r><a:rPr lang="en-US"/><a:t>130</a:t></a:r></a:p></a:txBody><a:tcPr></a:tcPr></a:tc><a:tc><a:txBody><a:bodyPr/><a:lstStyle/><a:p><a:r><a:rPr lang="en-US"/><a:t>4225</a:t></a:r></a:p></a:txBody><a:tcPr></a:tcPr></a:tc></a:tr>
<a:tr h="320040"><a:tc><a:txBody><a:bodyPr/><a:lstStyle/><a:p><a:r><a:rPr lang="en-US"/><a:t>row 66</a:t></a:r></a:p></a:txBody><a:tcPr></a:tcPr></a:tc><a:tc><a:txBody><a:bodyPr/><a:lstStyle/><a:p><a:r><a:rPr lang="en-US"/><a:t>132</a:t></a:r></a:p></a:txBody><a:tcPr></a:tcPr></a:tc><a:tc><a:txBody><a:bodyPr/><a:lstStyle/><a:p><a:r><a:rPr lang="en-US"/><a:t>4356</a:t></a:r></a:p></a:txBody><a:tcPr></a:tcPr></a:tc></a:tr>
<a:tr h="320040"><a:tc><a:txBody><a:bodyPr/><a:lstStyle/><a:p><a:r><a:rPr lang="en-US"/><a:t>row 67</a:t></a:r></a:p></a:txBody><a:tcPr></a:tcPr></a:tc><a:tc><a:txBody><a:bodyPr/><a:lstStyle/><a:p><a:r><a:rPr lang="en-US"/><a:t>134</a:t></a:r></a:p></a:txBody><a:tcPr></a:tcPr></a:tc><a:tc><a:txBody><a:bodyPr/><a:lstStyle/><a:p><a:r><a:rPr lang="en-US"/><a:t>4489</a:t></a:r></a:p></a:txBody><a:tcPr></a:tcPr></a:tc></a:tr>
<a:tr h="320040"><a:tc><a:txBody><a:bodyPr/><a:lstStyle/><a:p><a:r><a:rPr lang="en-US"/><a:t>row 68</a:t></a:r></a:p></a:txBody><a:tcPr></a:tcPr></a:tc><a:tc><a:txBody><a:bodyPr/><a:lstStyle/><a:p><a:r><a:rPr lang="en-US"/><a:t>136</a:t></a:r></a:p></a:txBody><a:tcPr></a:tcPr></a:tc><a:tc><a:txBody><a:bodyPr/><a:lstStyle/><a:p><a:r><a:rPr lang="en-US"/><a:t>4624</a:t></a:r></a:p></a:txBody><a:tcPr></a:tcPr></a:tc></a:tr>
<a:tr h="320040"><a:tc><a:txBody><a:bodyPr/><a:lstStyle/><a:p><a:r><a:rPr lang="en-US"/><a:t>row 69</a:t></a:r></a:p></a:txBody><a:tcPr></a:tcPr></a:tc><a:tc><a:txBody><a:bodyPr/><a:lstStyle/><a:p><a:r><a:rPr lang="en-US"/><a:t>138</a:t></a:r></a:p></a:txBody><a:tcPr></a:tcPr></a:tc><a:tc><a:txBody><a:bodyPr/><a:lstStyle/><a:p><a:r><a:rPr lang="en-US"/><a:t>4761</a:t></a:r></a:p></a:txBody><a:tcPr></a:tcPr></a:tc></a:tr>
<a:tr h="320040"><a:tc><a:txBody><a:bodyPr/><a:lstStyle/><a:p><a:r><a:rPr lang="en-US"/><a:t>row 70</a:t></a:r></a:p></a:txBody><a:tcPr></a:tcPr></a:tc><a:tc><a:txBody><a:bodyPr/><a:lstStyle/><a:p><a:r><a:rPr lang="en-US"/><a:t>140</a:t></a:r></a:p></a:txBody><a:tcPr></a:tcPr></a:tc><a:tc><a:txBody><a:bodyPr/><a:lstStyle/><a:p><a:r><a:rPr lang="en-US"/><a:t>4900</a:t></a:r></a:p></a:txBody><a:tcPr></a:tcPr></a:tc></a:tr>
<a:tr h="320040"><a:tc><a:txBody><a:bodyPr/><a:lstStyle/><a:p><a:r><a:rPr lang="en-US"/><a:t>row 71</a:t></a:r></a:p></a:txBody><a:tcPr></a:tcPr></a:tc><a:tc><a:txBody><a:bodyPr/><a:lstStyle/><a:p><a:r><a:rPr lang="en-US"/><a:t>142</a:t></a:r></a:p></a:txBody><a:tcPr></a:tcPr></a:tc><a:tc><a:txBody><a:bodyPr/><a:lstStyle/><a:p><a:r><a:rPr lang="en-US"/><a:t>5041</a:t></a:r></a:p></a:txBody><a:tcPr></a:tcPr></a:tc></a:tr>
<a:tr h="320040"><a:tc><a:txBody><a:bodyPr/><a:lstStyle/><a:p><a:r><a:rPr lang="en-US"/><a:t>row 72</a:t></a:r></a:p></a:txBody><a:tcPr></a:tcPr></a:tc><a:tc><a:txBody><a:bodyPr/><a:lstStyle/><a:p><a:r><a:rPr lang="en-US"/><a:t>144</a:t></a:r></a:p></a:txBody><a:tcPr></a:tcPr></a:tc><a:tc><a:txBody><a:bodyPr/><a:lstStyle/><a:p><a:r><a:rPr lang="en-US"/><a:t>5184</a:t></a:r></a:p></a:txBody><a:tcPr></a:tcPr></a:tc></a:tr>
<a:tr h="320040"><a:tc><a:txBody><a:bodyPr/><a:lstStyle/><a:p><a:r><a:rPr lang="en-US"/><a:t>row 73</a:t></a:r></a:p></a:txBody><a:tcPr></a:tcPr></a:tc><a:tc><a:txBody><a:bodyPr/><a:lstStyle/><a:p><a:r><a:rPr lang="en-US"/><a:t>146</a:t></a:r></a:p></a:txBody><a:tcPr></a:tcPr></a:tc><a:tc><a:txBody><a:bodyPr/><a:lstStyle/><a:p><a:r><a:rPr lang="en-US"/><a:t>5329</a:t></a:r></a:p></a:txBody><a:tcPr></a:tcPr></a:tc></a:tr>
<a:tr h="320040"><a:tc><a:txBody><a:bodyPr/><a:lstStyle/><a:p><a:r><a:rPr lang="en-US"/><a:t>row 74</a:t></a:r></a:p></a:txBody><a:tcPr></a:tcPr></a:tc><a:tc><a:txBody><a:bodyPr/><a:lstStyle/><a:p><a:r><a:rPr lang="en-US"/><a:t>148</a:t></a:r></a:p></a:txBody><a:tcPr></a:tcPr></a:tc><a:tc><a:txBody><a:bodyPr/><a:lstStyle/><a:p><a:r><a:rPr lang="en-US"/><a:t>5476</a:t></a:r></a:p></a:txBody><a:tcPr></a:tcPr></a:tc></a:tr>
<a:tr h="320040"><a:tc><a:txBody><a:bodyPr/><a:lstStyle/><a:p><a:r><a:rPr lang="en-US"/><a:t>row 75</a:t></a:r></a:p></a:txBody><a:tcPr></a:tcPr></a:tc><a:tc><a:txBody><a:bodyPr/><a:lstStyle/><a:p><a:r><a:rPr lang="en-US"/><a:t>150</a:t></a:r></a:p></a:txBody><a:tcPr></a:tcPr></a:tc><a:tc><a:txBody><a:bodyPr/><a:lstStyle/><a:p><a:r><a:rPr lang="en-US"/><a:t>5625</a:t></a:r></a:p></a:txBody><a:tcPr></a:tcPr></a:tc></a:tr>
<a:tr h="320040"><a:tc><a:txBody><a:bodyPr/><a:lstStyle/><a:p><a:r><a:rPr lang="en-US"/><a:t>row 76</a:t></a:r></a:p></a:txBody><a:tcPr></a:tcPr></a:tc><a:tc><a:txBody><a:bodyPr/><a:lstStyle/><a:p><a:r><a:rPr lang="en-US"/><a:t>152</a:t></a:r></a:p></a:txBody><a:tcPr></a:tcPr></a:tc><a:tc><a:txBody><a:bodyPr/><a:lstStyle/><a:p><a:r><a:rPr lang="en-US"/><a:t>5776</a:t></a:r></a:p></a:txBody><a:tcPr></a:tcPr></a:tc></a:tr>
<a:tr h="320040"><a:tc><a:txBody><a:bodyPr/><a:lstStyle/><a:p><a:r><a:rPr lang="en-US"/><a:t>row 77</a:t></a:r></a:p></a:txBody><a:tcPr></a:tcPr></a:tc><a:tc><a:txBody><a:bodyPr/><a:lstStyle/><a:p><a:r><a:rPr lang="en-US"/><a:t>154</a:t></a:r></a:p></a:txBody><a:tcPr></a:tcPr></a:tc><a:tc><a:txBody><a:bodyPr/><a:lstStyle/><a:p><a:r><a:rPr lang="en-US"/><a:t>5929</a:t></a:r></a:p></a:txBody><a:tcPr></a:tcPr></a:tc></a:tr>
<a:tr h="320040"><a:tc><a:txBody><a:bodyPr/><a:lstStyle/><a:p><a:r><a:rPr lang="en-US"/><a:t>row 78</a:t></a:r></a:p></a:txBody><a:tcPr></a:tcPr></a:tc><a:tc><a:txBody><a:bodyPr/><a:lstStyle/><a:p><a:r><a:rPr lang="en-US"/><a:t>156</a:t></a:r></a:p></a:txBody><a:tcPr></a:tcPr></a:tc><a:tc><a:txBody><a:bodyPr/><a:lstStyle/><a:p><a:r><a:rPr lang="en-US"/><a:t>6084</a:t></a:r></a:p></a:txBody><a:tcPr></a:tcPr></a:tc></a:tr>
<a:tr h="320040"><a:tc><a:txBody><a:bodyPr/><a:lstStyle/><a:p><a:r><a:rPr lang="en-US"/><a:t>row 79</a:t></a:r></a:p></a:txBody><a:tcPr></a:tcPr></a:tc><a:tc><a:txBody><a:bodyPr/><a:lstStyle/><a:p><a:r><a:rPr lang="en-US"/><a:t>158</a:t></a:r></a:p></a:txBody><a:tcPr></a:tcPr></a:tc><a:tc><a:txBody><a:bodyPr/><a:lstStyle/><a:p><a:r><a:rPr lang="en-US"/><a:t>6241</a:t></a:r></a:p></a:txBody><a:tcPr></a:tcPr></a:tc></a:tr>
<a:tr h="320040"><a:tc><a:txBody><a:bodyPr/><a:lstStyle/><a:p><a:r><a:rPr lang="en-US"/><a:t>row 80</a:t></a:r></a:p></a:txBody><a:tcPr></a:tcPr></a:tc><a:tc><a:txBody><a:bodyPr/><a:lstStyle/><a:p><a:r><a:rPr lang="en-US"/><a:t>160</a:t></a:r></a:p></a:txBody><a:tcPr></a:tcPr></a:tc><a:tc><a:txBody><a:bodyPr/><a:lstStyle/><a:p><a:r><a:rPr lang="en-US"/><a:t>6400</a:t></a:r></a:p></a:txBody><a:tcPr></a:tcPr></a:tc></a:tr>
<a:tr h="320040"><a:tc><a:txBody><a:bodyPr/><a:lstStyle/><a:p><a:r><a:rPr lang="en-US"/><a:t>row 81</a:t></a:r></a:p></a:txBody><a:tcPr></a:tcPr></a:tc><a:tc><a:txBody><a:bodyPr/><a:lstStyle/><a:p><a:r><a:rPr lang="en-US"/><a:t>162</a:t></a:r></a:p></a:txBody><a:tcPr></a:tcPr></a:tc><a:tc><a:txBody><a:bodyPr/><a:lstStyle/><a:p><a:r><a:rPr lang="en-US"/><a:t>6561</a:t></a:r></a:p></a:txBody><a:tcPr></a:tcPr></a:tc></a:tr>
<a:tr h="320040"><a:tc><a:txBody><a:bodyPr/><a:lstStyle/><a:p><a:r><a:rPr lang="en-US"/><a:t>row 82</a:t></a:r></a:p></a:txBody><a:tcPr></a:tcPr></a:tc><a:tc><a:txBody><a:bodyPr/><a:lstStyle/><a:p><a:r><a:rPr lang="en-US"/><a:t>164</a:t></a:r></a:p></a:txBody><a:tcPr></a:tcPr></a:tc><a:tc><a:txBody><a:bodyPr/><a:lstStyle/><a:p><a:r><a:rPr lang="en-US"/><a:t>6724</a:t></a:r></a:p></a:txBody><a:tcPr></a:tcPr></a:tc></a:tr>
<a:tr h="320040"><a:tc><a:txBody><a:bodyPr/><a:lstStyle/><a:p><a:r><a:rPr lang="en-US"/><a:t>row 83</a:t></a:r></a:p></a:txBody><a:tcPr></a:tcPr></a:tc><a:tc><a:txBody><a:bodyPr/><a:lstStyle/><a:p><a:r><a:rPr lang="en-US"/><a:t>166</a:t></a:r></a:p></a:txBody><a:tcPr></a:tcPr></a:tc><a:tc><a:txBody><a:bodyPr/><a:lstStyle/><a:p><a:r><a:rPr lang="en-US"/><a:t>6889</a:t></a:r></a:p></a:txBody><a:tcPr></a:tcPr></a:tc></a:tr>
<a:tr h="320040"><a:tc><a:txBody><a:bodyPr/><a:lstStyle/><a:p><a:r><a:rPr lang="en-US"/><a:t>row 84</a:t></a:r></a:p></a:txBody><a:tcPr></a:tcPr></a:tc><a:tc><a:txBody><a:bodyPr/><a:lstStyle/><a:p><a:r><a:rPr lang="en-US"/><a:t>168</a:t></a:r></a:p></a:txBody><a:tcPr></a:tcPr></a:tc><a:tc><a:txBody><a:bodyPr/><a:lstStyle/><a:p><a:r><a:rPr lang="en-US"/><a:t>7056</a:t></a:r></a:p></a:txBody><a:tcPr></a:tcPr></a:tc></a:tr>
<a:tr h="320040"><a:tc><a:txBody><a:bodyPr/><a:lstStyle/><a:p><a:r><a:rPr lang="en-US"/><a:t>row 85</a:t></a:r></a:p></a:txBody><a:tcPr></a:tcPr></a:tc><a:tc><a:txBody><a:bodyPr/><a:lstStyle/><a:p><a:r><a:rPr lang="en-US"/><a:t>170</a:t></a:r></a:p></a:txBody><a:tcPr></a:tcPr></a:tc><a:tc><a:txBody><a:bodyPr/><a:lstStyle/><a:p><a:r><a:rPr lang="en-US"/><a:t>7225</a:t></a:r></a:p></a:txBody><a:tcPr></a:tcPr></a:tc></a:tr>
<a:tr h="320040"><a:tc><a:txBody><a:bodyPr/><a:lstStyle/><a:p><a:r><a:rPr lang="en-US"/><a:t>row 86</a:t></a:r></a:p></a:txBody><a:tcPr></a:tcPr></a:tc><a:tc><a:txBody><a:bodyPr/><a:lstStyle/><a:p><a:r><a:rPr lang="en-US"/><a:t>172</a:t></a:r></a:p></a:txBody><a:tcPr></a:tcPr></a:tc><a:tc><a:txBody><a:bodyPr/><a:lstStyle/><a:p><a:r><a:rPr lang="en-US"/><a:t>7396</a:t></a:r></a:p></a:txBody><a:tcPr></a:tcPr></a:tc></a:tr>
<a:tr h="320040"><a:tc><a:txBody><a:bodyPr/><a:lstStyle/><a:p><a:r><a:rPr lang="en-US"/><a:t>row 87</a:t></a:r></a:p></a:txBody><a:tcPr></a:tcPr></a:tc><a:tc><a:txBody><a:bodyPr/><a:lstStyle/><a:p><a:r><a:rPr lang="en-US"/><a:t>174</a:t></a:r></a:p></a:txBody><a:tcPr></a:tcPr></a:tc><a:tc><a:txBody><a:bodyPr/><a:lstStyle/><a:p><a:r><a:rPr lang="en-US"/><a:t>7569</a:t></a:r></a:p></a:txBody><a:tcPr></a:tcPr></a:tc></a:tr>
<a:tr h="320040"><a:tc><a:txBody><a:bodyPr/><a:lstStyle/><a:p><a:r><a:rPr lang="en-US"/><a:t>row 88</a:t></a:r></a:p></a:txBody><a:tcPr></a:tcPr></a:tc><a:tc><a:txBody><a:bodyPr/><a:lstStyle/><a:p><a:r><a:rPr lang="en-US"/><a:t>176</a:t></a:r></a:p></a:txBody><a:tcPr></a:tcPr></a:tc><a:tc><a:txBody><a:bodyPr/><a:lstStyle/><a:p><a:r><a:rPr lang="en-US"/><a:t>7744</a:t></a:r></a:p></a:txBody><a:tcPr></a:tcPr></a:tc></a:tr>
<a:tr h="320040"><a:tc><a:txBody><a:bodyPr/><a:lstStyle/><a:p><a:r><a:rPr lang="en-US"/><a:t>row 89</a:t></a:r></a:p></a:txBody><a:tcPr></a:tcPr></a:tc><a:tc><a:txBody><a:bodyPr/><a:lstStyle/><a:p><a:r><a:rPr lang="en-US"/><a:t>178</a:t></a:r></a:p></a:txBody><a:tcPr></a:tcPr></a:tc><a:tc><a:txBody><a:bodyPr/><a:lstStyle/><a:p><a:r><a:rPr lang="en-US"/><a:t>7921</a:t></a:r></a:p></a:txBody><a:tcPr></a:tcPr></a:tc></a:tr>
<a:tr h="320040"><a:tc><a:txBody><a:bodyPr/><a:lstStyle/><a:p><a:r><a:rPr lang="en-US"/><a:t>row 90</a:t></a:r></a:p></a:txBody><a:tcPr></a:tcPr></a:tc><a:tc><a:txBody><a:bodyPr/><a:lstStyle/><a:p><a:r><a:rPr lang="en-US"/><a:t>180</a:t></a:r></a:p></a:txBody><a:tcPr></a:tcPr></a:tc><a:tc><a:txBody><a:bodyPr/><a:lstStyle/><a:p><a:r><a:rPr lang="en-US"/><a:t>8100</a:t></a:r></a:p></a:txBody><a:tcPr></a:tcPr></a:tc></a:tr>
<a:tr h="320040"><a:tc><a:txBody><a:bodyPr/><a:lstStyle/><a:p><a:r><a:rPr lang="en-US"/><a:t>row 91</a:t></a:r></a:p></a:txBody><a:tcPr></a:tcPr></a:tc><a:tc><a:txBody><a:bodyPr/><a:lstStyle/><a:p><a:r><a:rPr lang="en-US"/><a:t>182</a:t></a:r></a:p></a:txBody><a:tcPr></a:tcPr></a:tc><a:tc><a:txBody><a:bodyPr/><a:lstStyle/><a:p><a:r><a:rPr lang="en-US"/><a:t>8281</a:t></a:r></a:p></a:txBody><a:tcPr></a:tcPr></a:tc></a:tr>
<a:tr h="320040"><a:tc><a:txBody><a:bodyPr/><a:lstStyle/><a:p><a:r><a:rPr lang="en-US"/><a:t>row 92</a:t></a:r></a:p></a:txBody><a:tcPr></a:tcPr></a:tc><a:tc><a:txBody><a:bodyPr/><a:lstStyle/><a:p><a:r><a:rPr lang="en-US"/><a:t>184</a:t></a:r></a:p></a:txBody><a:tcPr></a:tcPr></a:tc><a:tc><a:txBody><a:bodyPr/><a:lstStyle/><a:p><a:r><a:rPr lang="en-US"/><a:t>8464</a:t></a:r></a:p></a:txBody><a:tcPr></a:tcPr></a:tc></a:tr>
<a:tr h="320040"><a:tc><a:txBody><a:bodyPr/><a:lstStyle/><a:p><a:r><a:rPr lang="en-US"/><a:t>row 93</a:t></a:r></a:p></a:txBody><a:tcPr></a:tcPr></a:tc><a:tc><a:txBody><a:bodyPr/><a:lstStyle/><a:p><a:r><a:rPr lang="en-US"/><a:t>186</a:t></a:r></a:p></a:txBody><a:tcPr></a:tcPr></a:tc><a:tc><a:txBody><a:bodyPr/><a:lstStyle/><a:p><a:r><a:rPr lang="en-US"/><a:t>8649</a:t></a:r></a:p></a:txBody><a:tcPr></a:tcPr></a:tc></a:tr>
<a:tr h="320040"><a:tc><a:txBody><a:bodyPr/><a:lstStyle/><a:p><a:r><a:rPr lang="en-US"/><a:t>row 94</a:t></a:r></a:p></a:txBody><a:tcPr></a:tcPr></a:tc><a:tc><a:txBody><a:bodyPr/><a:lstStyle/><a:p><a:r><a:rPr lang="en-US"/><a:t>188</a:t></a:r></a:p></a:txBody><a:tcPr></a:tcPr></a:tc><a:tc><a:txBody><a:bodyPr/><a:lstStyle/><a:p><a:r><a:rPr lang="en-US"/><a:t>8836</a:t></a:r></a:p></a:txBody><a:tcPr></a:tcPr></a:tc></a:tr>
<a:tr h="320040"><a:tc><a:txBody><a:bodyPr/><a:lstStyle/><a:p><a:r><a:rPr lang="en-US"/><a:t>row 95</a:t></a:r></a:p></a:txBody><a:tcPr></a:tcPr></a:tc><a:tc><a:txBody><a:bodyPr/><a:lstStyle/><a:p><a:r><a:rPr lang="en-US"/><a:t>190</a:t></a:r></a:p></a:txBody><a:tcPr></a:tcPr></a:tc><a:tc><a:txBody><a:bodyPr/><a:lstStyle/><a:p><a:r><a:rPr lang="en-US"/><a:t>9025</a:t></a:r></a:p></a:txBody><a:tcPr></a:tcPr></a:tc></a:tr>
<a:tr h="320040"><a:tc><a:txBody><a:bodyPr/><a:lstStyle/><a:p><a:r><a:rPr lang="en-US"/><a:t>row 96</a:t></a:r></a:p></a:txBody><a:tcPr></a:tcPr></a:tc><a:tc><a:txBody><a:bodyPr/><a:lstStyle/><a:p><a:r><a:rPr lang="en-US"/><a:t>192</a:t></a:r></a:p></a:txBody><a:tcPr></a:tcPr></a:tc><a:tc><a:txBody><a:bodyPr/><a:lstStyle/><a:p><a:r><a:rPr lang="en-US"/><a:t>9216</a:t></a:r></a:p></a:txBody><a:tcPr></a:tcPr></a:tc></a:tr>
<a:tr h="320040"><a:tc><a:txBody><a:bodyPr/><a:lstStyle/><a:p><a:r><a:rPr lang="en-US"/><a:t>row 97</a:t></a:r></a:p></a:txBody><a:tcPr></a:tcPr></a:tc><a:tc><a:txBody><a:bodyPr/><a:lstStyle/><a:p><a:r><a:rPr lang="en-US"/><a:t>194</a:t></a:r></a:p></a:txBody><a:tcPr></a:tcPr></a:tc><a:tc><a:txBody><a:bodyPr/><a:lstStyle/><a:p><a:r><a:rPr lang="en-US"/><a:t>9409</a:t></a:r></a:p></a:txBody><a:tcPr></a:tcPr></a:tc></a:tr>
<a:tr h="320040"><a:tc><a:txBody><a:bodyPr/><a:lstStyle/><a:p><a:r><a:rPr lang="en-US"/><a:t>row 98</a:t></a:r></a:p></a:txBody><a:tcPr></a:tcPr></a:tc><a:tc><a:txBody><a:bodyPr/><a:lstStyle/><a:p><a:r><a:rPr lang="en-US"/><a:t>196</a:t></a:r></a:p></a:txBody><a:tcPr></a:tcPr></a:tc><a:tc><a:txBody><a:bodyPr/><a:lstStyle/><a:p><a:r><a:rPr lang="en-US"/><a:t>9604</a:t></a:r></a:p></a:txBody><a:tcPr></a:tcPr></a:tc></a:tr>
<a:tr h="320040"><a:tc><a:txBody><a:bodyPr/><a:lstStyle/><a:p><a:r><a:rPr lang="en-US"/><a:t>row 99</a:t></a:r></a:p></a:txBody><a:tcPr></a:tcPr></a:tc><a:tc><a:txBody><a:bodyPr/><a:lstStyle/><a:p><a:r><a:rPr lang="en-US"/><a:t>198</a:t></a:r></a:p></a:txBody><a:tcPr></a:tcPr></a:tc><a:tc><a:txBody><a:bodyPr/><a:lstStyle/><a:p><a:r><a:rPr lang="en-US"/><a:t>9801</a:t></a:r></a:p></a:txBody><a:tcPr></a:tcPr></a:tc></a:tr>
</a:tbl>
</a:graphicData></a:graphic>
</p:graphicFrame>
