---
source: crates/gridwell-writer-svg/tests/snapshots.rs
expression: out
---
<svg xmlns="http://www.w3.org/2000/svg" width="2298" height="124" viewBox="0 0 2298 124">
<style>text { font-family: Arial, sans-serif; font-size: 14px; }</style>
<text x="8" y="22.9" font-size="14px" xml:space="preserve"><tspan font-weight="bold">c0</tspan></text>
<text x="52.38" y="22.9" font-size="14px" xml:space="preserve"><tspan font-weight="bold">c1</tspan></text>
<text x="96.76" y="22.9" font-size="14px" xml:space="preserve"><tspan font-weight="bold">c2</tspan></text>
<text x="141.14" y="22.9" font-size="14px" xml:space="preserve"><tspan font-weight="bold">c3</tspan></text>
<text x="185.52" y="22.9" font-size="14px" xml:space="preserve"><tspan font-weight="bold">c4</tspan></text>
<text x="229.9" y="22.9" font-size="14px" xml:space="preserve"><tspan font-weight="bold">c5</tspan></text>
<text x="274.28" y="22.9" font-size="14px" xml:space="preserve"><tspan font-weight="bold">c6</tspan></text>
<text x="318.66" y="22.9" font-size="14px" xml:space="preserve"><tspan font-weight="bold">c7</tspan></text>
<text x="363.04" y="22.9" font-size="14px" xml:space="preserve"><tspan font-weight="bold">c8</tspan></text>
<text x="407.42" y="22.9" font-size="14px" xml:space="preserve"><tspan font-weight="bold">c9</tspan></text>
<text x="451.8" y="22.9" font-size="14px" xml:space="preserve"><tspan font-weight="bold">c10</tspan></text>
<text x="498.15" y="22.9" font-size="14px" xml:space="preserve"><tspan font-weight="bold">c11</tspan></text>
<text x="544.5" y="22.9" font-size="14px" xml:space="preserve"><tspan font-weight="bold">c12</tspan></text>
<text x="590.85" y="22.9" font-size="14px" xml:space="preserve"><tspan font-weight="bold">c13</tspan></text>
<text x="637.2" y="22.9" font-size="14px" xml:space="preserve"><tspan font-weight="bold">c14</tspan></text>
<text x="683.56" y="22.9" font-size="14px" xml:space="preserve"><tspan font-weight="bold">c15</tspan></text>
<text x="729.91" y="22.9" font-size="14px" xml:space="preserve"><tspan font-weight="bold">c16</tspan></text>
<text x="776.26" y="22.9" font-size="14px" xml:space="preserve"><tspan font-weight="bold">c17</tspan></text>
<text x="822.61" y="22.9" font-size="14px" xml:space="preserve"><tspan font-weight="bold">c18</tspan></text>
<text x="868.96" y="22.9" font-size="14px" xml:space="preserve"><tspan font-weight="bold">c19</tspan></text>
<text x="915.31" y="22.9" font-size="14px" xml:space="preserve"><tspan font-weight="bold">c20</tspan></text>
<text x="961.66" y="22.9" font-size="14px" xml:space="preserve"><tspan font-weight="bold">c21</tspan></text>
<text x="1008.01" y="22.9" font-size="14px" xml:space="preserve"><tspan font-weight="bold">c22</tspan></text>
<text x="1054.37" y="22.9" font-size="14px" xml:space="preserve"><tspan font-weight="bold">c23</tspan></text>
<text x="1100.72" y="22.9" font-size="14px" xml:space="preserve"><tspan font-weight="bold">c24</tspan></text>
<text x="1147.07" y="22.9" font-size="14px" xml:space="preserve"><tspan font-weight="bold">c25</tspan></text>
<text x="1193.42" y="22.9" font-size="14px" xml:space="preserve"><tspan font-weight="bold">c26</tspan></text>
<text x="1239.77" y="22.9" font-size="14px" xml:space="preserve"><tspan font-weight="bold">c27</tspan></text>
<text x="1286.12" y="22.9" font-size="14px" xml:space="preserve"><tspan font-weight="bold">c28</tspan></text>
<text x="1332.47" y="22.9" font-size="14px" xml:space="preserve"><tspan font-weight="bold">c29</tspan></text>
<text x="1378.82" y="22.9" font-size="14px" xml:space="preserve"><tspan font-weight="bold">c30</tspan></text>
<text x="1425.18" y="22.9" font-size="14px" xml:space="preserve"><tspan font-weight="bold">c31</tspan></text>
<text x="1471.53" y="22.9" font-size="14px" xml:space="preserve"><tspan font-weight="bold">c32</tspan></text>
<text x="1517.88" y="22.9" font-size="14px" xml:space="preserve"><tspan font-weight="bold">c33</tspan></text>
<text x="1564.23" y="22.9" font-size="14px" xml:space="preserve"><tspan font-weight="bold">c34</tspan></text>
<text x="1610.58" y="22.9" font-size="14px" xml:space="preserve"><tspan font-weight="bold">c35</tspan></text>
<text x="1656.93" y="22.9" font-size="14px" xml:space="preserve"><tspan font-weight="bold">c36</tspan></text>
<text x="1703.28" y="22.9" font-size="14px" xml:space="preserve"><tspan font-weight="bold">c37</tspan></text>
<text x="1749.63" y="22.9" font-size="14px" xml:space="preserve"><tspan font-weight="bold">c38</tspan></text>
<text x="1795.98" y="22.9" font-size="14px" xml:space="preserve"><tspan font-weight="bold">c39</tspan></text>
<text x="1842.34" y="22.9" font-size="14px" xml:space="preserve"><tspan font-weight="bold">c40</tspan></text>
<text x="1888.69" y="22.9" font-size="14px" xml:space="preserve"><tspan font-weight="bold">c41</tspan></text>
<text x="1935.04" y="22.9" font-size="14px" xml:space="preserve"><tspan font-weight="bold">c42</tspan></text>
<text x="1981.39" y="22.9" font-size="14px" xml:space="preserve"><tspan font-weight="bold">c43</tspan></text>
<text x="2027.74" y="22.9" font-size="14px" xml:space="preserve"><tspan font-weight="bold">c44</tspan></text>
<text x="2074.09" y="22.9" font-size="14px" xml:space="preserve"><tspan font-weight="bold">c45</tspan></text>
<text x="2120.44" y="22.9" font-size="14px" xml:space="preserve"><tspan font-weight="bold">c46</tspan></text>
<text x="2166.79" y="22.9" font-size="14px" xml:space="preserve"><tspan font-weight="bold">c47</tspan></text>
<text x="2213.15" y="22.9" font-size="14px" xml:space="preserve"><tspan font-weight="bold">c48</tspan></text>
<text x="2259.5" y="22.9" font-size="14px" xml:space="preserve"><tspan font-weight="bold">c49</tspan></text>
<text x="8" y="50.9" font-size="14px" xml:space="preserve">0</text>
<text x="52.38" y="50.9" font-size="14px" xml:space="preserve">1</text>
<text x="96.76" y="50.9" font-size="14px" xml:space="preserve">2</text>
<text x="141.14" y="50.9" font-size="14px" xml:space="preserve">3</text>
<text x="185.52" y="50.9" font-size="14px" xml:space="preserve">4</text>
<text x="229.9" y="50.9" font-size="14px" xml:space="preserve">5</text>
<text x="274.28" y="50.9" font-size="14px" xml:space="preserve">6</text>
<text x="318.66" y="50.9" font-size="14px" xml:space="preserve">7</text>
<text x="363.04" y="50.9" font-size="14px" xml:space="preserve">8</text>
<text x="407.42" y="50.9" font-size="14px" xml:space="preserve">9</text>
<text x="451.8" y="50.9" font-size="14px" xml:space="preserve">10</text>
<text x="498.15" y="50.9" font-size="14px" xml:space="preserve">11</text>
<text x="544.5" y="50.9" font-size="14px" xml:space="preserve">12</text>
<text x="590.85" y="50.9" font-size="14px" xml:space="preserve">13</text>
<text x="637.2" y="50.9" font-size="14px" xml:space="preserve">14</text>
<text x="683.56" y="50.9" font-size="14px" xml:space="preserve">15</text>
<text x="729.91" y="50.9" font-size="14px" xml:space="preserve">16</text>
<text x="776.26" y="50.9" font-size="14px" xml:space="preserve">17</text>
<text x="822.61" y="50.9" font-size="14px" xml:space="preserve">18</text>
<text x="868.96" y="50.9" font-size="14px" xml:space="preserve">19</text>
<text x="915.31" y="50.9" font-size="14px" xml:space="preserve">20</text>
<text x="961.66" y="50.9" font-size="14px" xml:space="preserve">21</text>
<text x="1008.01" y="50.9" font-size="14px" xml:space="preserve">22</text>
<text x="1054.37" y="50.9" font-size="14px" xml:space="preserve">23</text>
<text x="1100.72" y="50.9" font-size="14px" xml:space="preserve">24</text>
<text x="1147.07" y="50.9" font-size="14px" xml:space="preserve">25</text>
<text x="1193.42" y="50.9" font-size="14px" xml:space="preserve">26</text>
<text x="1239.77" y="50.9" font-size="14px" xml:space="preserve">27</text>
<text x="1286.12" y="50.9" font-size="14px" xml:space="preserve">28</text>
<text x="1332.47" y="50.9" font-size="14px" xml:space="preserve">29</text>
<text x="1378.82" y="50.9" font-size="14px" xml:space="preserve">30</text>
<text x="1425.18" y="50.9" font-size="14px" xml:space="preserve">31</text>
<text x="1471.53" y="50.9" font-size="14px" xml:space="preserve">32</text>
<text x="1517.88" y="50.9" font-size="14px" xml:space="preserve">33</text>
<text x="1564.23" y="50.9" font-size="14px" xml:space="preserve">34</text>
<text x="1610.58" y="50.9" font-size="14px" xml:space="preserve">35</text>
<text x="1656.93" y="50.9" font-size="14px" xml:space="preserve">36</text>
<text x="1703.28" y="50.9" font-size="14px" xml:space="preserve">37</text>
<text x="1749.63" y="50.9" font-size="14px" xml:space="preserve">38</text>
<text x="1795.98" y="50.9" font-size="14px" xml:space="preserve">39</text>
<text x="1842.34" y="50.9" font-size="14px" xml:space="preserve">40</text>
<text x="1888.69" y="50.9" font-size="14px" xml:space="preserve">41</text>
<text x="1935.04" y="50.9" font-size="14px" xml:space="preserve">42</text>
<text x="1981.39" y="50.9" font-size="14px" xml:space="preserve">43</text>
<text x="2027.74" y="50.9" font-size="14px" xml:space="preserve">44</text>
<text x="2074.09" y="50.9" font-size="14px" xml:space="preserve">45</text>
<text x="2120.44" y="50.9" font-size="14px" xml:space="preserve">46</text>
<text x="2166.79" y="50.9" font-size="14px" xml:space="preserve">47</text>
<text x="2213.15" y="50.9" font-size="14px" xml:space="preserve">48</text>
<text x="2259.5" y="50.9" font-size="14px" xml:space="preserve">49</text>
<text x="8" y="78.9" font-size="14px" xml:space="preserve">100</text>
<text x="52.38" y="78.9" font-size="14px" xml:space="preserve">101</text>
<text x="96.76" y="78.9" font-size="14px" xml:space="preserve">102</text>
<text x="141.14" y="78.9" font-size="14px" xml:space="preserve">103</text>
<text x="185.52" y="78.9" font-size="14px" xml:space="preserve">104</text>
<text x="229.9" y="78.9" font-size="14px" xml:space="preserve">105</text>
<text x="274.28" y="78.9" font-size="14px" xml:space="preserve">106</text>
<text x="318.66" y="78.9" font-size="14px" xml:space="preserve">107</text>
<text x="363.04" y="78.9" font-size="14px" xml:space="preserve">108</text>
<text x="407.42" y="78.9" font-size="14px" xml:space="preserve">109</text>
<text x="451.8" y="78.9" font-size="14px" xml:space="preserve">110</text>
<text x="498.15" y="78.9" font-size="14px" xml:space="preserve">111</text>
<text x="544.5" y="78.9" font-size="14px" xml:space="preserve">112</text>
<text x="590.85" y="78.9" font-size="14px" xml:space="preserve">113</text>
<text x="637.2" y="78.9" font-size="14px" xml:space="preserve">114</text>
<text x="683.56" y="78.9" font-size="14px" xml:space="preserve">115</text>
<text x="729.91" y="78.9" font-size="14px" xml:space="preserve">116</text>
<text x="776.26" y="78.9" font-size="14px" xml:space="preserve">117</text>
<text x="822.61" y="78.9" font-size="14px" xml:space="preserve">118</text>
<text x="868.96" y="78.9" font-size="14px" xml:space="preserve">119</text>
<text x="915.31" y="78.9" font-size="14px" xml:space="preserve">120</text>
<text x="961.66" y="78.9" font-size="14px" xml:space="preserve">121</text>
<text x="1008.01" y="78.9" font-size="14px" xml:space="preserve">122</text>
<text x="1054.37" y="78.9" font-size="14px" xml:space="preserve">123</text>
<text x="1100.72" y="78.9" font-size="14px" xml:space="preserve">124</text>
<text x="1147.07" y="78.9" font-size="14px" xml:space="preserve">125</text>
<text x="1193.42" y="78.9" font-size="14px" xml:space="preserve">126</text>
<text x="1239.77" y="78.9" font-size="14px" xml:space="preserve">127</text>
<text x="1286.12" y="78.9" font-size="14px" xml:space="preserve">128</text>
<text x="1332.47" y="78.9" font-size="14px" xml:space="preserve">129</text>
<text x="1378.82" y="78.9" font-size="14px" xml:space="preserve">130</text>
<text x="1425.18" y="78.9" font-size="14px" xml:space="preserve">131</text>
<text x="1471.53" y="78.9" font-size="14px" xml:space="preserve">132</text>
<text x="1517.88" y="78.9" font-size="14px" xml:space="preserve">133</text>
<text x="1564.23" y="78.9" font-size="14px" xml:space="preserve">134</text>
<text x="1610.58" y="78.9" font-size="14px" xml:space="preserve">135</text>
<text x="1656.93" y="78.9" font-size="14px" xml:space="preserve">136</text>
<text x="1703.28" y="78.9" font-size="14px" xml:space="preserve">137</text>
<text x="1749.63" y="78.9" font-size="14px" xml:space="preserve">138</text>
<text x="1795.98" y="78.9" font-size="14px" xml:space="preserve">139</text>
<text x="1842.34" y="78.9" font-size="14px" xml:space="preserve">140</text>
<text x="1888.69" y="78.9" font-size="14px" xml:space="preserve">141</text>
<text x="1935.04" y="78.9" font-size="14px" xml:space="preserve">142</text>
<text x="1981.39" y="78.9" font-size="14px" xml:space="preserve">143</text>
<text x="2027.74" y="78.9" font-size="14px" xml:space="preserve">144</text>
<text x="2074.09" y="78.9" font-size="14px" xml:space="preserve">145</text>
<text x="2120.44" y="78.9" font-size="14px" xml:space="preserve">146</text>
<text x="2166.79" y="78.9" font-size="14px" xml:space="preserve">147</text>
<text x="2213.15" y="78.9" font-size="14px" xml:space="preserve">148</text>
<text x="2259.5" y="78.9" font-size="14px" xml:space="preserve">149</text>
<text x="8" y="106.9" font-size="14px" xml:space="preserve">200</text>
<text x="52.38" y="106.9" font-size="14px" xml:space="preserve">201</text>
<text x="96.76" y="106.9" font-size="14px" xml:space="preserve">202</text>
<text x="141.14" y="106.9" font-size="14px" xml:space="preserve">203</text>
<text x="185.52" y="106.9" font-size="14px" xml:space="preserve">204</text>
<text x="229.9" y="106.9" font-size="14px" xml:space="preserve">205</text>
<text x="274.28" y="106.9" font-size="14px" xml:space="preserve">206</text>
<text x="318.66" y="106.9" font-size="14px" xml:space="preserve">207</text>
<text x="363.04" y="106.9" font-size="14px" xml:space="preserve">208</text>
<text x="407.42" y="106.9" font-size="14px" xml:space="preserve">209</text>
<text x="451.8" y="106.9" font-size="14px" xml:space="preserve">210</text>
<text x="498.15" y="106.9" font-size="14px" xml:space="preserve">211</text>
<text x="544.5" y="106.9" font-size="14px" xml:space="preserve">212</text>
<text x="590.85" y="106.9" font-size="14px" xml:space="preserve">213</text>
<text x="637.2" y="106.9" font-size="14px" xml:space="preserve">214</text>
<text x="683.56" y="106.9" font-size="14px" xml:space="preserve">215</text>
<text x="729.91" y="106.9" font-size="14px" xml:space="preserve">216</text>
<text x="776.26" y="106.9" font-size="14px" xml:space="preserve">217</text>
<text x="822.61" y="106.9" font-size="14px" xml:space="preserve">218</text>
<text x="868.96" y="106.9" font-size="14px" xml:space="preserve">219</text>
<text x="915.31" y="106.9" font-size="14px" xml:space="preserve">220</text>
<text x="961.66" y="106.9" font-size="14px" xml:space="preserve">221</text>
<text x="1008.01" y="106.9" font-size="14px" xml:space="preserve">222</text>
<text x="1054.37" y="106.9" font-size="14px" xml:space="preserve">223</text>
<text x="1100.72" y="106.9" font-size="14px" xml:space="preserve">224</text>
<text x="1147.07" y="106.9" font-size="14px" xml:space="preserve">225</text>
<text x="1193.42" y="106.9" font-size="14px" xml:space="preserve">226</text>
<text x="1239.77" y="106.9" font-size="14px" xml:space="preserve">227</text>
<text x="1286.12" y="106.9" font-size="14px" xml:space="preserve">228</text>
<text x="1332.47" y="106.9" font-size="14px" xml:space="preserve">229</text>
<text x="1378.82" y="106.9" font-size="14px" xml:space="preserve">230</text>
<text x="1425.18" y="106.9" font-size="14px" xml:space="preserve">231</text>
<text x="1471.53" y="106.9" font-size="14px" xml:space="preserve">232</text>
<text x="1517.88" y="106.9" font-size="14px" xml:space="preserve">233</text>
<text x="1564.23" y="106.9" font-size="14px" xml:space="preserve">234</text>
<text x="1610.58" y="106.9" font-size="14px" xml:space="preserve">235</text>
<text x="1656.93" y="106.9" font-size="14px" xml:space="preserve">236</text>
<text x="1703.28" y="106.9" font-size="14px" xml:space="preserve">237</text>
<text x="1749.63" y="106.9" font-size="14px" xml:space="preserve">238</text>
<text x="1795.98" y="106.9" font-size="14px" xml:space="preserve">239</text>
<text x="1842.34" y="106.9" font-size="14px" xml:space="preserve">240</text>
<text x="1888.69" y="106.9" font-size="14px" xml:space="preserve">241</text>
<text x="1935.04" y="106.9" font-size="14px" xml:space="preserve">242</text>
<text x="1981.39" y="106.9" font-size="14px" xml:space="preserve">243</text>
<text x="2027.74" y="106.9" font-size="14px" xml:space="preserve">244</text>
<text x="2074.09" y="106.9" font-size="14px" xml:space="preserve">245</text>
<text x="2120.44" y="106.9" font-size="14px" xml:space="preserve">246</text>
<text x="2166.79" y="106.9" font-size="14px" xml:space="preserve">247</text>
<text x="2213.15" y="106.9" font-size="14px" xml:space="preserve">248</text>
<text x="2259.5" y="106.9" font-size="14px" xml:space="preserve">249</text>
<line x1="0" y1="32" x2="44.38" y2="32" stroke="#d0d0d0" stroke-width="0.5"/>
<line x1="44.38" y1="32" x2="88.76" y2="32" stroke="#d0d0d0" stroke-width="0.5"/>
<line x1="88.76" y1="32" x2="133.14" y2="32" stroke="#d0d0d0" stroke-width="0.5"/>
<line x1="133.14" y1="32" x2="177.52" y2="32" stroke="#d0d0d0" stroke-width="0.5"/>
<line x1="177.52" y1="32" x2="221.9" y2="32" stroke="#d0d0d0" stroke-width="0.5"/>
<line x1="221.9" y1="32" x2="266.28" y2="32" stroke="#d0d0d0" stroke-width="0.5"/>
<line x1="266.28" y1="32" x2="310.66" y2="32" stroke="#d0d0d0" stroke-width="0.5"/>
<line x1="310.66" y1="32" x2="355.04" y2="32" stroke="#d0d0d0" stroke-width="0.5"/>
<line x1="355.04" y1="32" x2="399.42" y2="32" stroke="#d0d0d0" stroke-width="0.5"/>
<line x1="399.42" y1="32" x2="443.8" y2="32" stroke="#d0d0d0" stroke-width="0.5"/>
<line x1="443.8" y1="32" x2="490.15" y2="32" stroke="#d0d0d0" stroke-width="0.5"/>
<line x1="490.15" y1="32" x2="536.5" y2="32" stroke="#d0d0d0" stroke-width="0.5"/>
<line x1="536.5" y1="32" x2="582.85" y2="32" stroke="#d0d0d0" stroke-width="0.5"/>
<line x1="582.85" y1="32" x2="629.2" y2="32" stroke="#d0d0d0" stroke-width="0.5"/>
<line x1="629.2" y1="32" x2="675.56" y2="32" stroke="#d0d0d0" stroke-width="0.5"/>
<line x1="675.56" y1="32" x2="721.91" y2="32" stroke="#d0d0d0" stroke-width="0.5"/>
<line x1="721.91" y1="32" x2="768.26" y2="32" stroke="#d0d0d0" stroke-width="0.5"/>
<line x1="768.26" y1="32" x2="814.61" y2="32" stroke="#d0d0d0" stroke-width="0.5"/>
<line x1="814.61" y1="32" x2="860.96" y2="32" stroke="#d0d0d0" stroke-width="0.5"/>
<line x1="860.96" y1="32" x2="907.31" y2="32" stroke="#d0d0d0" stroke-width="0.5"/>
<line x1="907.31" y1="32" x2="953.66" y2="32" stroke="#d0d0d0" stroke-width="0.5"/>
<line x1="953.66" y1="32" x2="1000.01" y2="32" stroke="#d0d0d0" stroke-width="0.5"/>
<line x1="1000.01" y1="32" x2="1046.37" y2="32" stroke="#d0d0d0" stroke-width="0.5"/>
<line x1="1046.37" y1="32" x2="1092.72" y2="32" stroke="#d0d0d0" stroke-width="0.5"/>
<line x1="1092.72" y1="32" x2="1139.07" y2="32" stroke="#d0d0d0" stroke-width="0.5"/>
<line x1="1139.07" y1="32" x2="1185.42" y2="32" stroke="#d0d0d0" stroke-width="0.5"/>
<line x1="1185.42" y1="32" x2="1231.77" y2="32" stroke="#d0d0d0" stroke-width="0.5"/>
<line x1="1231.77" y1="32" x2="1278.12" y2="32" stroke="#d0d0d0" stroke-width="0.5"/>
<line x1="1278.12" y1="32" x2="1324.47" y2="32" stroke="#d0d0d0" stroke-width="0.5"/>
<line x1="1324.47" y1="32" x2="1370.82" y2="32" stroke="#d0d0d0" stroke-width="0.5"/>
<line x1="1370.82" y1="32" x2="1417.18" y2="32" stroke="#d0d0d0" stroke-width="0.5"/>
<line x1="1417.18" y1="32" x2="1463.53" y2="32" stroke="#d0d0d0" stroke-width="0.5"/>
<line x1="1463.53" y1="32" x2="1509.88" y2="32" stroke="#d0d0d0" stroke-width="0.5"/>
<line x1="1509.88" y1="32" x2="1556.23" y2="32" stroke="#d0d0d0" stroke-width="0.5"/>
<line x1="1556.23" y1="32" x2="1602.58" y2="32" stroke="#d0d0d0" stroke-width="0.5"/>
<line x1="1602.58" y1="32" x2="1648.93" y2="32" stroke="#d0d0d0" stroke-width="0.5"/>
<line x1="1648.93" y1="32" x2="1695.28" y2="32" stroke="#d0d0d0" stroke-width="0.5"/>
<line x1="1695.28" y1="32" x2="1741.63" y2="32" stroke="#d0d0d0" stroke-width="0.5"/>
<line x1="1741.63" y1="32" x2="1787.98" y2="32" stroke="#d0d0d0" stroke-width="0.5"/>
<line x1="1787.98" y1="32" x2="1834.34" y2="32" stroke="#d0d0d0" stroke-width="0.5"/>
<line x1="1834.34" y1="32" x2="1880.69" y2="32" stroke="#d0d0d0" stroke-width="0.5"/>
<line x1="1880.69" y1="32" x2="1927.04" y2="32" stroke="#d0d0d0" stroke-width="0.5"/>
<line x1="1927.04" y1="32" x2="1973.39" y2="32" stroke="#d0d0d0" stroke-width="0.5"/>
<line x1="1973.39" y1="32" x2="2019.74" y2="32" stroke="#d0d0d0" stroke-width="0.5"/>
<line x1="2019.74" y1="32" x2="2066.09" y2="32" stroke="#d0d0d0" stroke-width="0.5"/>
<line x1="2066.09" y1="32" x2="2112.44" y2="32" stroke="#d0d0d0" stroke-width="0.5"/>
<line x1="2112.44" y1="32" x2="2158.79" y2="32" stroke="#d0d0d0" stroke-width="0.5"/>
<line x1="2158.79" y1="32" x2="2205.15" y2="32" stroke="#d0d0d0" stroke-width="0.5"/>
<line x1="2205.15" y1="32" x2="2251.5" y2="32" stroke="#d0d0d0" stroke-width="0.5"/>
<line x1="2251.5" y1="32" x2="2297.85" y2="32" stroke="#d0d0d0" stroke-width="0.5"/>
<line x1="0" y1="60" x2="44.38" y2="60" stroke="#d0d0d0" stroke-width="0.5"/>
<line x1="44.38" y1="60" x2="88.76" y2="60" stroke="#d0d0d0" stroke-width="0.5"/>
<line x1="88.76" y1="60" x2="133.14" y2="60" stroke="#d0d0d0" stroke-width="0.5"/>
<line x1="133.14" y1="60" x2="177.52" y2="60" stroke="#d0d0d0" stroke-width="0.5"/>
<line x1="177.52" y1="60" x2="221.9" y2="60" stroke="#d0d0d0" stroke-width="0.5"/>
<line x1="221.9" y1="60" x2="266.28" y2="60" stroke="#d0d0d0" stroke-width="0.5"/>
<line x1="266.28" y1="60" x2="310.66" y2="60" stroke="#d0d0d0" stroke-width="0.5"/>
<line x1="310.66" y1="60" x2="355.04" y2="60" stroke="#d0d0d0" stroke-width="0.5"/>
<line x1="355.04" y1="60" x2="399.42" y2="60" stroke="#d0d0d0" stroke-width="0.5"/>
<line x1="399.42" y1="60" x2="443.8" y2="60" stroke="#d0d0d0" stroke-width="0.5"/>
<line x1="443.8" y1="60" x2="490.15" y2="60" stroke="#d0d0d0" stroke-width="0.5"/>
<line x1="490.15" y1="60" x2="536.5" y2="60" stroke="#d0d0d0" stroke-width="0.5"/>
<line x1="536.5" y1="60" x2="582.85" y2="60" stroke="#d0d0d0" stroke-width="0.5"/>
<line x1="582.85" y1="60" x2="629.2" y2="60" stroke="#d0d0d0" stroke-width="0.5"/>
<line x1="629.2" y1="60" x2="675.56" y2="60" stroke="#d0d0d0" stroke-width="0.5"/>
<line x1="675.56" y1="60" x2="721.91" y2="60" stroke="#d0d0d0" stroke-width="0.5"/>
<line x1="721.91" y1="60" x2="768.26" y2="60" stroke="#d0d0d0" stroke-width="0.5"/>
<line x1="768.26" y1="60" x2="814.61" y2="60" stroke="#d0d0d0" stroke-width="0.5"/>
<line x1="814.61" y1="60" x2="860.96" y2="60" stroke="#d0d0d0" stroke-width="0.5"/>
<line x1="860.96" y1="60" x2="907.31" y2="60" stroke="#d0d0d0" stroke-width="0.5"/>
<line x1="907.31" y1="60" x2="953.66" y2="60" stroke="#d0d0d0" stroke-width="0.5"/>
<line x1="953.66" y1="60" x2="1000.01" y2="60" stroke="#d0d0d0" stroke-width="0.5"/>
<line x1="1000.01" y1="60" x2="1046.37" y2="60" stroke="#d0d0d0" stroke-width="0.5"/>
<line x1="1046.37" y1="60" x2="1092.72" y2="60" stroke="#d0d0d0" stroke-width="0.5"/>
<line x1="1092.72" y1="60" x2="1139.07" y2="60" stroke="#d0d0d0" stroke-width="0.5"/>
<line x1="1139.07" y1="60" x2="1185.42" y2="60" stroke="#d0d0d0" stroke-width="0.5"/>
<line x1="1185.42" y1="60" x2="1231.77" y2="60" stroke="#d0d0d0" stroke-width="0.5"/>
<line x1="1231.77" y1="60" x2="1278.12" y2="60" stroke="#d0d0d0" stroke-width="0.5"/>
<line x1="1278.12" y1="60" x2="1324.47" y2="60" stroke="#d0d0d0" stroke-width="0.5"/>
<line x1="1324.47" y1="60" x2="1370.82" y2="60" stroke="#d0d0d0" stroke-width="0.5"/>
<line x1="1370.82" y1="60" x2="1417.18" y2="60" stroke="#d0d0d0" stroke-width="0.5"/>
<line x1="1417.18" y1="60" x2="1463.53" y2="60" stroke="#d0d0d0" stroke-width="0.5"/>
<line x1="1463.53" y1="60" x2="1509.88" y2="60" stroke="#d0d0d0" stroke-width="0.5"/>
<line x1="1509.88" y1="60" x2="1556.23" y2="60" stroke="#d0d0d0" stroke-width="0.5"/>
<line x1="1556.23" y1="60" x2="1602.58" y2="60" stroke="#d0d0d0" stroke-width="0.5"/>
<line x1="1602.58" y1="60" x2="1648.93" y2="60" stroke="#d0d0d0" stroke-width="0.5"/>
<line x1="1648.93" y1="60" x2="1695.28" y2="60" stroke="#d0d0d0" stroke-width="0.5"/>
<line x1="1695.28" y1="60" x2="1741.63" y2="60" stroke="#d0d0d0" stroke-width="0.5"/>
<line x1="1741.63" y1="60" x2="1787.98" y2="60" stroke="#d0d0d0" stroke-width="0.5"/>
<line x1="1787.98" y1="60" x2="1834.34" y2="60" stroke="#d0d0d0" stroke-width="0.5"/>
<line x1="1834.34" y1="60" x2="1880.69" y2="60" stroke="#d0d0d0" stroke-width="0.5"/>
<line x1="1880.69" y1="60" x2="1927.04" y2="60" stroke="#d0d0d0" stroke-width="0.5"/>
<line x1="1927.04" y1="60" x2="1973.39" y2="60" stroke="#d0d0d0" stroke-width="0.5"/>
<line x1="1973.39" y1="60" x2="2019.74" y2="60" stroke="#d0d0d0" stroke-width="0.5"/>
<line x1="2019.74" y1="60" x2="2066.09" y2="60" stroke="#d0d0d0" stroke-width="0.5"/>
<line x1="2066.09" y1="60" x2="2112.44" y2="60" stroke="#d0d0d0" stroke-width="0.5"/>
<line x1="2112.44" y1="60" x2="2158.79" y2="60" stroke="#d0d0d0" stroke-width="0.5"/>
<line x1="2158.79" y1="60" x2="2205.15" y2="60" stroke="#d0d0d0" stroke-width="0.5"/>
<line x1="2205.15" y1="60" x2="2251.5" y2="60" stroke="#d0d0d0" stroke-width="0.5"/>
<line x1="2251.5" y1="60" x2="2297.85" y2="60" stroke="#d0d0d0" stroke-width="0.5"/>
<line x1="0" y1="88" x2="44.38" y2="88" stroke="#d0d0d0" stroke-width="0.5"/>
<line x1="44.38" y1="88" x2="88.76" y2="88" stroke="#d0d0d0" stroke-width="0.5"/>
<line x1="88.76" y1="88" x2="133.14" y2="88" stroke="#d0d0d0" stroke-width="0.5"/>
<line x1="133.14" y1="88" x2="177.52" y2="88" stroke="#d0d0d0" stroke-width="0.5"/>
<line x1="177.52" y1="88" x2="221.9" y2="88" stroke="#d0d0d0" stroke-width="0.5"/>
<line x1="221.9" y1="88" x2="266.28" y2="88" stroke="#d0d0d0" stroke-width="0.5"/>
<line x1="266.28" y1="88" x2="310.66" y2="88" stroke="#d0d0d0" stroke-width="0.5"/>
<line x1="310.66" y1="88" x2="355.04" y2="88" stroke="#d0d0d0" stroke-width="0.5"/>
<line x1="355.04" y1="88" x2="399.42" y2="88" stroke="#d0d0d0" stroke-width="0.5"/>
<line x1="399.42" y1="88" x2="443.8" y2="88" stroke="#d0d0d0" stroke-width="0.5"/>
<line x1="443.8" y1="88" x2="490.15" y2="88" stroke="#d0d0d0" stroke-width="0.5"/>
<line x1="490.15" y1="88" x2="536.5" y2="88" stroke="#d0d0d0" stroke-width="0.5"/>
<line x1="536.5" y1="88" x2="582.85" y2="88" stroke="#d0d0d0" stroke-width="0.5"/>
<line x1="582.85" y1="88" x2="629.2" y2="88" stroke="#d0d0d0" stroke-width="0.5"/>
<line x1="629.2" y1="88" x2="675.56" y2="88" stroke="#d0d0d0" stroke-width="0.5"/>
<line x1="675.56" y1="88" x2="721.91" y2="88" stroke="#d0d0d0" stroke-width="0.5"/>
<line x1="721.91" y1="88" x2="768.26" y2="88" stroke="#d0d0d0" stroke-width="0.5"/>
<line x1="768.26" y1="88" x2="814.61" y2="88" stroke="#d0d0d0" stroke-width="0.5"/>
<line x1="814.61" y1="88" x2="860.96" y2="88" stroke="#d0d0d0" stroke-width="0.5"/>
<line x1="860.96" y1="88" x2="907.31" y2="88" stroke="#d0d0d0" stroke-width="0.5"/>
<line x1="907.31" y1="88" x2="953.66" y2="88" stroke="#d0d0d0" stroke-width="0.5"/>
<line x1="953.66" y1="88" x2="1000.01" y2="88" stroke="#d0d0d0" stroke-width="0.5"/>
<line x1="1000.01" y1="88" x2="1046.37" y2="88" stroke="#d0d0d0" stroke-width="0.5"/>
<line x1="1046.37" y1="88" x2="1092.72" y2="88" stroke="#d0d0d0" stroke-width="0.5"/>
<line x1="1092.72" y1="88" x2="1139.07" y2="88" stroke="#d0d0d0" stroke-width="0.5"/>
<line x1="1139.07" y1="88" x2="1185.42" y2="88" stroke="#d0d0d0" stroke-width="0.5"/>
<line x1="1185.42" y1="88" x2="1231.77" y2="88" stroke="#d0d0d0" stroke-width="0.5"/>
<line x1="1231.77" y1="88" x2="1278.12" y2="88" stroke="#d0d0d0" stroke-width="0.5"/>
<line x1="1278.12" y1="88" x2="1324.47" y2="88" stroke="#d0d0d0" stroke-width="0.5"/>
<line x1="1324.47" y1="88" x2="1370.82" y2="88" stroke="#d0d0d0" stroke-width="0.5"/>
<line x1="1370.82" y1="88" x2="1417.18" y2="88" stroke="#d0d0d0" stroke-width="0.5"/>
<line x1="1417.18" y1="88" x2="1463.53" y2="88" stroke="#d0d0d0" stroke-width="0.5"/>
<line x1="1463.53" y1="88" x2="1509.88" y2="88" stroke="#d0d0d0" stroke-width="0.5"/>
<line x1="1509.88" y1="88" x2="1556.23" y2="88" stroke="#d0d0d0" stroke-width="0.5"/>
<line x1="1556.23" y1="88" x2="1602.58" y2="88" stroke="#d0d0d0" stroke-width="0.5"/>
<line x1="1602.58" y1="88" x2="1648.93" y2="88" stroke="#d0d0d0" stroke-width="0.5"/>
<line x1="1648.93" y1="88" x2="1695.28" y2="88" stroke="#d0d0d0" stroke-width="0.5"/>
<line x1="1695.28" y1="88" x2="1741.63" y2="88" stroke="#d0d0d0" stroke-width="0.5"/>
<line x1="1741.63" y1="88" x2="1787.98" y2="88" stroke="#d0d0d0" stroke-width="0.5"/>
<line x1="1787.98" y1="88" x2="1834.34" y2="88" stroke="#d0d0d0" stroke-width="0.5"/>
<line x1="1834.34" y1="88" x2="1880.69" y2="88" stroke="#d0d0d0" stroke-width="0.5"/>
<line x1="1880.69" y1="88" x2="1927.04" y2="88" stroke="#d0d0d0" stroke-width="0.5"/>
<line x1="1927.04" y1="88" x2="1973.39" y2="88" stroke="#d0d0d0" stroke-width="0.5"/>
<line x1="1973.39" y1="88" x2="2019.74" y2="88" stroke="#d0d0d0" stroke-width="0.5"/>
<line x1="2019.74" y1="88" x2="2066.09" y2="88" stroke="#d0d0d0" stroke-width="0.5"/>
<line x1="2066.09" y1="88" x2="2112.44" y2="88" stroke="#d0d0d0" stroke-width="0.5"/>
<line x1="2112.44" y1="88" x2="2158.79" y2="88" stroke="#d0d0d0" stroke-width="0.5"/>
<line x1="2158.79" y1="88" x2="2205.15" y2="88" stroke="#d0d0d0" stroke-width="0.5"/>
<line x1="2205.15" y1="88" x2="2251.5" y2="88" stroke="#d0d0d0" stroke-width="0.5"/>
<line x1="2251.5" y1="88" x2="2297.85" y2="88" stroke="#d0d0d0" stroke-width="0.5"/>
<line x1="0" y1="116" x2="44.38" y2="116" stroke="#d0d0d0" stroke-width="0.5"/>
<line x1="44.38" y1="116" x2="88.76" y2="116" stroke="#d0d0d0" stroke-width="0.5"/>
<line x1="88.76" y1="116" x2="133.14" y2="116" stroke="#d0d0d0" stroke-width="0.5"/>
<line x1="133.14" y1="116" x2="177.52" y2="116" stroke="#d0d0d0" stroke-width="0.5"/>
<line x1="177.52" y1="116" x2="221.9" y2="116" stroke="#d0d0d0" stroke-width="0.5"/>
<line x1="221.9" y1="116" x2="266.28" y2="116" stroke="#d0d0d0" stroke-width="0.5"/>
<line x1="266.28" y1="116" x2="310.66" y2="116" stroke="#d0d0d0" stroke-width="0.5"/>
<line x1="310.66" y1="116" x2="355.04" y2="116" stroke="#d0d0d0" stroke-width="0.5"/>
<line x1="355.04" y1="116" x2="399.42" y2="116" stroke="#d0d0d0" stroke-width="0.5"/>
<line x1="399.42" y1="116" x2="443.8" y2="116" stroke="#d0d0d0" stroke-width="0.5"/>
<line x1="443.8" y1="116" x2="490.15" y2="116" stroke="#d0d0d0" stroke-width="0.5"/>
<line x1="490.15" y1="116" x2="536.5" y2="116" stroke="#d0d0d0" stroke-width="0.5"/>
<line x1="536.5" y1="116" x2="582.85" y2="116" stroke="#d0d0d0" stroke-width="0.5"/>
<line x1="582.85" y1="116" x2="629.2" y2="116" stroke="#d0d0d0" stroke-width="0.5"/>
<line x1="629.2" y1="116" x2="675.56" y2="116" stroke="#d0d0d0" stroke-width="0.5"/>
<line x1="675.56" y1="116" x2="721.91" y2="116" stroke="#d0d0d0" stroke-width="0.5"/>
<line x1="721.91" y1="116" x2="768.26" y2="116" stroke="#d0d0d0" stroke-width="0.5"/>
<line x1="768.26" y1="116" x2="814.61" y2="116" stroke="#d0d0d0" stroke-width="0.5"/>
<line x1="814.61" y1="116" x2="860.96" y2="116" stroke="#d0d0d0" stroke-width="0.5"/>
<line x1="860.96" y1="116" x2="907.31" y2="116" stroke="#d0d0d0" stroke-width="0.5"/>
<line x1="907.31" y1="116" x2="953.66" y2="116" stroke="#d0d0d0" stroke-width="0.5"/>
<line x1="953.66" y1="116" x2="1000.01" y2="116" stroke="#d0d0d0" stroke-width="0.5"/>
<line x1="1000.01" y1="116" x2="1046.37" y2="116" stroke="#d0d0d0" stroke-width="0.5"/>
<line x1="1046.37" y1="116" x2="1092.72" y2="116" stroke="#d0d0d0" stroke-width="0.5"/>
<line x1="1092.72" y1="116" x2="1139.07" y2="116" stroke="#d0d0d0" stroke-width="0.5"/>
<line x1="1139.07" y1="116" x2="1185.42" y2="116" stroke="#d0d0d0" stroke-width="0.5"/>
<line x1="1185.42" y1="116" x2="1231.77" y2="116" stroke="#d0d0d0" stroke-width="0.5"/>
<line x1="1231.77" y1="116" x2="1278.12" y2="116" stroke="#d0d0d0" stroke-width="0.5"/>
<line x1="1278.12" y1="116" x2="1324.47" y2="116" stroke="#d0d0d0" stroke-width="0.5"/>
<line x1="1324.47" y1="116" x2="1370.82" y2="116" stroke="#d0d0d0" stroke-width="0.5"/>
<line x1="1370.82" y1="116" x2="1417.18" y2="116" stroke="#d0d0d0" stroke-width="0.5"/>
<line x1="1417.18" y1="116" x2="1463.53" y2="116" stroke="#d0d0d0" stroke-width="0.5"/>
<line x1="1463.53" y1="116" x2="1509.88" y2="116" stroke="#d0d0d0" stroke-width="0.5"/>
<line x1="1509.88" y1="116" x2="1556.23" y2="116" stroke="#d0d0d0" stroke-width="0.5"/>
<line x1="1556.23" y1="116" x2="1602.58" y2="116" stroke="#d0d0d0" stroke-width="0.5"/>
<line x1="1602.58" y1="116" x2="1648.93" y2="116" stroke="#d0d0d0" stroke-width="0.5"/>
<line x1="1648.93" y1="116" x2="1695.28" y2="116" stroke="#d0d0d0" stroke-width="0.5"/>
<line x1="1695.28" y1="116" x2="1741.63" y2="116" stroke="#d0d0d0" stroke-width="0.5"/>
<line x1="1741.63" y1="116" x2="1787.98" y2="116" stroke="#d0d0d0" stroke-width="0.5"/>
<line x1="1787.98" y1="116" x2="1834.34" y2="116" stroke="#d0d0d0" stroke-width="0.5"/>
<line x1="1834.34" y1="116" x2="1880.69" y2="116" stroke="#d0d0d0" stroke-width="0.5"/>
<line x1="1880.69" y1="116" x2="1927.04" y2="116" stroke="#d0d0d0" stroke-width="0.5"/>
<line x1="1927.04" y1="116" x2="1973.39" y2="116" stroke="#d0d0d0" stroke-width="0.5"/>
<line x1="1973.39" y1="116" x2="2019.74" y2="116" stroke="#d0d0d0" stroke-width="0.5"/>
<line x1="2019.74" y1="116" x2="2066.09" y2="116" stroke="#d0d0d0" stroke-width="0.5"/>
<line x1="2066.09" y1="116" x2="2112.44" y2="116" stroke="#d0d0d0" stroke-width="0.5"/>
<line x1="2112.44" y1="116" x2="2158.79" y2="116" stroke="#d0d0d0" stroke-width="0.5"/>
<line x1="2158.79" y1="116" x2="2205.15" y2="116" stroke="#d0d0d0" stroke-width="0.5"/>
<line x1="2205.15" y1="116" x2="2251.5" y2="116" stroke="#d0d0d0" stroke-width="0.5"/>
<line x1="2251.5" y1="116" x2="2297.85" y2="116" stroke="#d0d0d0" stroke-width="0.5"/>
<line x1="0" y1="32" x2="2297.85" y2="32" stroke="#333333" stroke-width="1.5"/>
</svg>
