---
source: crates/gridwell-writer-svg/tests/snapshots.rs
expression: out
---
<svg xmlns="http://www.w3.org/2000/svg" width="240" height="204" viewBox="0 0 240 204">
<style>text { font-family: Arial, sans-serif; font-size: 14px; } </style>
<line x1="0" y1="28" x2="120" y2="28" stroke="#d0d0d0" stroke-width="0.5"/>
<text x="8" y="24" font-weight="bold">Country</text>
<line x1="120" y1="28" x2="240" y2="28" stroke="#d0d0d0" stroke-width="0.5"/>
<text x="128" y="24" font-weight="bold">Value</text>
<line x1="0" y1="28" x2="240" y2="28" stroke="#333333" stroke-width="1.5"/>
<rect x="0" y="28" width="240" height="28" fill="#f0f0f0"/>
<text x="8" y="52" font-weight="bold">North America</text>
<line x1="0" y1="84" x2="120" y2="84" stroke="#d0d0d0" stroke-width="0.5"/>
<text x="8" y="80">USA</text>
<line x1="120" y1="84" x2="240" y2="84" stroke="#d0d0d0" stroke-width="0.5"/>
<text x="128" y="80">1250</text>
<line x1="0" y1="112" x2="120" y2="112" stroke="#d0d0d0" stroke-width="0.5"/>
<text x="8" y="108">Canada</text>
<line x1="120" y1="112" x2="240" y2="112" stroke="#d0d0d0" stroke-width="0.5"/>
<text x="128" y="108">420</text>
<rect x="0" y="112" width="240" height="28" fill="#f0f0f0"/>
<text x="8" y="136" font-weight="bold">Europe</text>
<line x1="0" y1="168" x2="120" y2="168" stroke="#d0d0d0" stroke-width="0.5"/>
<text x="8" y="164">Germany</text>
<line x1="120" y1="168" x2="240" y2="168" stroke="#d0d0d0" stroke-width="0.5"/>
<text x="128" y="164">890</text>
<line x1="0" y1="196" x2="120" y2="196" stroke="#d0d0d0" stroke-width="0.5"/>
<text x="8" y="192">France</text>
<line x1="120" y1="196" x2="240" y2="196" stroke="#d0d0d0" stroke-width="0.5"/>
<text x="128" y="192">610</text>
</svg>
