---
source: crates/gridwell-writer-svg/tests/snapshots.rs
expression: out
---
<svg xmlns="http://www.w3.org/2000/svg" width="405" height="191" viewBox="0 0 405 191">
<style>text { font-family: Arial, sans-serif; font-size: 14px; }</style>
<text x="8" y="22.9" font-size="14px" xml:space="preserve"><tspan font-weight="bold">Format</tspan></text>
<text x="118.76" y="22.9" font-size="14px" xml:space="preserve"><tspan font-weight="bold">Sample</tspan></text>
<text x="8" y="50.9" font-size="14px" xml:space="preserve">underline</text>
<text x="118.76" y="50.9" font-size="14px" xml:space="preserve"><tspan text-decoration="underline">Underlined</tspan></text>
<text x="8" y="78.9" font-size="14px" xml:space="preserve">line-through</text>
<text x="118.76" y="78.9" font-size="14px" xml:space="preserve"><tspan text-decoration="line-through">Struck</tspan> <tspan text-decoration="line-through">out</tspan></text>
<text x="8" y="109.5" font-size="14px" xml:space="preserve">18px</text>
<text x="118.76" y="110.9" font-size="14px" xml:space="preserve"><tspan font-size="18px">Larger text</tspan></text>
<text x="8" y="140.1" font-size="14px" xml:space="preserve">smaller</text>
<text x="118.76" y="139.28" font-size="14px" xml:space="preserve"><tspan font-size="11.67px">Smaller text</tspan></text>
<text x="8" y="170.7" font-size="14px" xml:space="preserve">inline</text>
<text x="118.76" y="172.1" font-size="14px" xml:space="preserve">Plain, <tspan text-decoration="underline">underlined</tspan>, <tspan text-decoration="line-through">struck</tspan> and <tspan font-size="18px">large</tspan></text>
<line x1="0" y1="32" x2="110.76" y2="32" stroke="#d0d0d0" stroke-width="0.5"/>
<line x1="110.76" y1="32" x2="404.46" y2="32" stroke="#d0d0d0" stroke-width="0.5"/>
<line x1="0" y1="60" x2="110.76" y2="60" stroke="#d0d0d0" stroke-width="0.5"/>
<line x1="110.76" y1="60" x2="404.46" y2="60" stroke="#d0d0d0" stroke-width="0.5"/>
<line x1="0" y1="88" x2="110.76" y2="88" stroke="#d0d0d0" stroke-width="0.5"/>
<line x1="110.76" y1="88" x2="404.46" y2="88" stroke="#d0d0d0" stroke-width="0.5"/>
<line x1="0" y1="121.2" x2="110.76" y2="121.2" stroke="#d0d0d0" stroke-width="0.5"/>
<line x1="110.76" y1="121.2" x2="404.46" y2="121.2" stroke="#d0d0d0" stroke-width="0.5"/>
<line x1="0" y1="149.2" x2="110.76" y2="149.2" stroke="#d0d0d0" stroke-width="0.5"/>
<line x1="110.76" y1="149.2" x2="404.46" y2="149.2" stroke="#d0d0d0" stroke-width="0.5"/>
<line x1="0" y1="182.4" x2="110.76" y2="182.4" stroke="#d0d0d0" stroke-width="0.5"/>
<line x1="110.76" y1="182.4" x2="404.46" y2="182.4" stroke="#d0d0d0" stroke-width="0.5"/>
<line x1="0" y1="32" x2="404.46" y2="32" stroke="#333333" stroke-width="1.5"/>
</svg>
