---
source: crates/gridwell-writer-svg/tests/snapshots.rs
expression: out
---
<svg xmlns="http://www.w3.org/2000/svg" width="108" height="128" viewBox="0 0 108 128">
<style>text { font-family: Arial, sans-serif; font-size: 14px; }</style>
<text x="8" y="24.58" font-size="19.6px" xml:space="preserve"><tspan font-weight="bold">販売実績</tspan></text>
<text x="8" y="54.34" font-size="14px" xml:space="preserve"><tspan font-weight="bold">地域</tspan></text>
<text x="56.61" y="54.34" font-size="14px" xml:space="preserve"><tspan font-weight="bold">売上</tspan></text>
<text x="8" y="82.34" font-size="14px" xml:space="preserve">東京</text>
<text x="56.61" y="82.34" font-size="14px" xml:space="preserve">1,250</text>
<text x="8" y="110.34" font-size="14px" xml:space="preserve">大阪</text>
<text x="56.61" y="110.34" font-size="14px" xml:space="preserve">980</text>
<line x1="0" y1="63.44" x2="48.61" y2="63.44" stroke="#d0d0d0" stroke-width="0.5"/>
<line x1="48.61" y1="63.44" x2="104.65" y2="63.44" stroke="#d0d0d0" stroke-width="0.5"/>
<line x1="0" y1="91.44" x2="48.61" y2="91.44" stroke="#d0d0d0" stroke-width="0.5"/>
<line x1="48.61" y1="91.44" x2="104.65" y2="91.44" stroke="#d0d0d0" stroke-width="0.5"/>
<line x1="0" y1="119.44" x2="48.61" y2="119.44" stroke="#d0d0d0" stroke-width="0.5"/>
<line x1="48.61" y1="119.44" x2="104.65" y2="119.44" stroke="#d0d0d0" stroke-width="0.5"/>
<line x1="0" y1="63.44" x2="104.65" y2="63.44" stroke="#333333" stroke-width="1.5"/>
</svg>
