---
source: crates/gridwell-writer-svg/tests/snapshots.rs
expression: out
---
<svg xmlns="http://www.w3.org/2000/svg" width="151" height="208" viewBox="0 0 151 208">
<style>text { font-family: Arial, sans-serif; font-size: 14px; }</style>
<rect x="0" y="32" width="150.71" height="28" fill="#f0f0f0"/>
<rect x="0" y="116" width="150.71" height="28" fill="#f0f0f0"/>
<text x="8" y="22.9" font-size="14px" xml:space="preserve"><tspan font-weight="bold">Country</tspan></text>
<text x="94.42" y="22.9" font-size="14px" xml:space="preserve"><tspan font-weight="bold">Value</tspan></text>
<text x="8" y="78.9" font-size="14px" xml:space="preserve">USA</text>
<text x="94.42" y="78.9" font-size="14px" xml:space="preserve">1250</text>
<text x="8" y="106.9" font-size="14px" xml:space="preserve">Canada</text>
<text x="94.42" y="106.9" font-size="14px" xml:space="preserve">420</text>
<text x="8" y="162.9" font-size="14px" xml:space="preserve">Germany</text>
<text x="94.42" y="162.9" font-size="14px" xml:space="preserve">890</text>
<text x="8" y="190.9" font-size="14px" xml:space="preserve">France</text>
<text x="94.42" y="190.9" font-size="14px" xml:space="preserve">610</text>
<text x="8" y="50.9" font-size="14px" xml:space="preserve"><tspan font-weight="bold">North America</tspan></text>
<text x="8" y="134.9" font-size="14px" xml:space="preserve"><tspan font-weight="bold">Europe</tspan></text>
<line x1="0" y1="32" x2="86.42" y2="32" stroke="#d0d0d0" stroke-width="0.5"/>
<line x1="86.42" y1="32" x2="150.71" y2="32" stroke="#d0d0d0" stroke-width="0.5"/>
<line x1="0" y1="88" x2="86.42" y2="88" stroke="#d0d0d0" stroke-width="0.5"/>
<line x1="86.42" y1="88" x2="150.71" y2="88" stroke="#d0d0d0" stroke-width="0.5"/>
<line x1="0" y1="116" x2="86.42" y2="116" stroke="#d0d0d0" stroke-width="0.5"/>
<line x1="86.42" y1="116" x2="150.71" y2="116" stroke="#d0d0d0" stroke-width="0.5"/>
<line x1="0" y1="172" x2="86.42" y2="172" stroke="#d0d0d0" stroke-width="0.5"/>
<line x1="86.42" y1="172" x2="150.71" y2="172" stroke="#d0d0d0" stroke-width="0.5"/>
<line x1="0" y1="200" x2="86.42" y2="200" stroke="#d0d0d0" stroke-width="0.5"/>
<line x1="86.42" y1="200" x2="150.71" y2="200" stroke="#d0d0d0" stroke-width="0.5"/>
<line x1="0" y1="32" x2="150.71" y2="32" stroke="#333333" stroke-width="1.5"/>
</svg>
