---
source: crates/gridwell-writer-svg/tests/snapshots.rs
expression: out
---
<svg xmlns="http://www.w3.org/2000/svg" width="161" height="2872" viewBox="0 0 161 2872">
<style>text { font-family: Arial, sans-serif; font-size: 14px; }</style>
<text x="8" y="24.58" font-size="19.6px" xml:space="preserve"><tspan font-weight="bold">Sequence</tspan></text>
<text x="8" y="54.34" font-size="14px" xml:space="preserve"><tspan font-weight="bold">n</tspan></text>
<text x="73.56" y="54.34" font-size="14px" xml:space="preserve"><tspan font-weight="bold">2n</tspan></text>
<text x="116.44" y="54.34" font-size="14px" xml:space="preserve"><tspan font-weight="bold">n^2</tspan></text>
<text x="8" y="82.34" font-size="14px" xml:space="preserve">row 0</text>
<text x="73.56" y="82.34" font-size="14px" xml:space="preserve">0</text>
<text x="116.44" y="82.34" font-size="14px" xml:space="preserve">0</text>
<text x="8" y="110.34" font-size="14px" xml:space="preserve">row 1</text>
<text x="73.56" y="110.34" font-size="14px" xml:space="preserve">2</text>
<text x="116.44" y="110.34" font-size="14px" xml:space="preserve">1</text>
<text x="8" y="138.34" font-size="14px" xml:space="preserve">row 2</text>
<text x="73.56" y="138.34" font-size="14px" xml:space="preserve">4</text>
<text x="116.44" y="138.34" font-size="14px" xml:space="preserve">4</text>
<text x="8" y="166.34" font-size="14px" xml:space="preserve">row 3</text>
<text x="73.56" y="166.34" font-size="14px" xml:space="preserve">6</text>
<text x="116.44" y="166.34" font-size="14px" xml:space="preserve">9</text>
<text x="8" y="194.34" font-size="14px" xml:space="preserve">row 4</text>
<text x="73.56" y="194.34" font-size="14px" xml:space="preserve">8</text>
<text x="116.44" y="194.34" font-size="14px" xml:space="preserve">16</text>
<text x="8" y="222.34" font-size="14px" xml:space="preserve">row 5</text>
<text x="73.56" y="222.34" font-size="14px" xml:space="preserve">10</text>
<text x="116.44" y="222.34" font-size="14px" xml:space="preserve">25</text>
<text x="8" y="250.34" font-size="14px" xml:space="preserve">row 6</text>
<text x="73.56" y="250.34" font-size="14px" xml:space="preserve">12</text>
<text x="116.44" y="250.34" font-size="14px" xml:space="preserve">36</text>
<text x="8" y="278.34" font-size="14px" xml:space="preserve">row 7</text>
<text x="73.56" y="278.34" font-size="14px" xml:space="preserve">14</text>
<text x="116.44" y="278.34" font-size="14px" xml:space="preserve">49</text>
<text x="8" y="306.34" font-size="14px" xml:space="preserve">row 8</text>
<text x="73.56" y="306.34" font-size="14px" xml:space="preserve">16</text>
<text x="116.44" y="306.34" font-size="14px" xml:space="preserve">64</text>
<text x="8" y="334.34" font-size="14px" xml:space="preserve">row 9</text>
<text x="73.56" y="334.34" font-size="14px" xml:space="preserve">18</text>
<text x="116.44" y="334.34" font-size="14px" xml:space="preserve">81</text>
<text x="8" y="362.34" font-size="14px" xml:space="preserve">row 10</text>
<text x="73.56" y="362.34" font-size="14px" xml:space="preserve">20</text>
<text x="116.44" y="362.34" font-size="14px" xml:space="preserve">100</text>
<text x="8" y="390.34" font-size="14px" xml:space="preserve">row 11</text>
<text x="73.56" y="390.34" font-size="14px" xml:space="preserve">22</text>
<text x="116.44" y="390.34" font-size="14px" xml:space="preserve">121</text>
<text x="8" y="418.34" font-size="14px" xml:space="preserve">row 12</text>
<text x="73.56" y="418.34" font-size="14px" xml:space="preserve">24</text>
<text x="116.44" y="418.34" font-size="14px" xml:space="preserve">144</text>
<text x="8" y="446.34" font-size="14px" xml:space="preserve">row 13</text>
<text x="73.56" y="446.34" font-size="14px" xml:space="preserve">26</text>
<text x="116.44" y="446.34" font-size="14px" xml:space="preserve">169</text>
<text x="8" y="474.34" font-size="14px" xml:space="preserve">row 14</text>
<text x="73.56" y="474.34" font-size="14px" xml:space="preserve">28</text>
<text x="116.44" y="474.34" font-size="14px" xml:space="preserve">196</text>
<text x="8" y="502.34" font-size="14px" xml:space="preserve">row 15</text>
<text x="73.56" y="502.34" font-size="14px" xml:space="preserve">30</text>
<text x="116.44" y="502.34" font-size="14px" xml:space="preserve">225</text>
<text x="8" y="530.34" font-size="14px" xml:space="preserve">row 16</text>
<text x="73.56" y="530.34" font-size="14px" xml:space="preserve">32</text>
<text x="116.44" y="530.34" font-size="14px" xml:space="preserve">256</text>
<text x="8" y="558.34" font-size="14px" xml:space="preserve">row 17</text>
<text x="73.56" y="558.34" font-size="14px" xml:space="preserve">34</text>
<text x="116.44" y="558.34" font-size="14px" xml:space="preserve">289</text>
<text x="8" y="586.34" font-size="14px" xml:space="preserve">row 18</text>
<text x="73.56" y="586.34" font-size="14px" xml:space="preserve">36</text>
<text x="116.44" y="586.34" font-size="14px" xml:space="preserve">324</text>
<text x="8" y="614.34" font-size="14px" xml:space="preserve">row 19</text>
<text x="73.56" y="614.34" font-size="14px" xml:space="preserve">38</text>
<text x="116.44" y="614.34" font-size="14px" xml:space="preserve">361</text>
<text x="8" y="642.34" font-size="14px" xml:space="preserve">row 20</text>
<text x="73.56" y="642.34" font-size="14px" xml:space="preserve">40</text>
<text x="116.44" y="642.34" font-size="14px" xml:space="preserve">400</text>
<text x="8" y="670.34" font-size="14px" xml:space="preserve">row 21</text>
<text x="73.56" y="670.34" font-size="14px" xml:space="preserve">42</text>
<text x="116.44" y="670.34" font-size="14px" xml:space="preserve">441</text>
<text x="8" y="698.34" font-size="14px" xml:space="preserve">row 22</text>
<text x="73.56" y="698.34" font-size="14px" xml:space="preserve">44</text>
<text x="116.44" y="698.34" font-size="14px" xml:space="preserve">484</text>
<text x="8" y="726.34" font-size="14px" xml:space="preserve">row 23</text>
<text x="73.56" y="726.34" font-size="14px" xml:space="preserve">46</text>
<text x="116.44" y="726.34" font-size="14px" xml:space="preserve">529</text>
<text x="8" y="754.34" font-size="14px" xml:space="preserve">row 24</text>
<text x="73.56" y="754.34" font-size="14px" xml:space="preserve">48</text>
<text x="116.44" y="754.34" font-size="14px" xml:space="preserve">576</text>
<text x="8" y="782.34" font-size="14px" xml:space="preserve">row 25</text>
<text x="73.56" y="782.34" font-size="14px" xml:space="preserve">50</text>
<text x="116.44" y="782.34" font-size="14px" xml:space="preserve">625</text>
<text x="8" y="810.34" font-size="14px" xml:space="preserve">row 26</text>
<text x="73.56" y="810.34" font-size="14px" xml:space="preserve">52</text>
<text x="116.44" y="810.34" font-size="14px" xml:space="preserve">676</text>
<text x="8" y="838.34" font-size="14px" xml:space="preserve">row 27</text>
<text x="73.56" y="838.34" font-size="14px" xml:space="preserve">54</text>
<text x="116.44" y="838.34" font-size="14px" xml:space="preserve">729</text>
<text x="8" y="866.34" font-size="14px" xml:space="preserve">row 28</text>
<text x="73.56" y="866.34" font-size="14px" xml:space="preserve">56</text>
<text x="116.44" y="866.34" font-size="14px" xml:space="preserve">784</text>
<text x="8" y="894.34" font-size="14px" xml:space="preserve">row 29</text>
<text x="73.56" y="894.34" font-size="14px" xml:space="preserve">58</text>
<text x="116.44" y="894.34" font-size="14px" xml:space="preserve">841</text>
<text x="8" y="922.34" font-size="14px" xml:space="preserve">row 30</text>
<text x="73.56" y="922.34" font-size="14px" xml:space="preserve">60</text>
<text x="116.44" y="922.34" font-size="14px" xml:space="preserve">900</text>
<text x="8" y="950.34" font-size="14px" xml:space="preserve">row 31</text>
<text x="73.56" y="950.34" font-size="14px" xml:space="preserve">62</text>
<text x="116.44" y="950.34" font-size="14px" xml:space="preserve">961</text>
<text x="8" y="978.34" font-size="14px" xml:space="preserve">row 32</text>
<text x="73.56" y="978.34" font-size="14px" xml:space="preserve">64</text>
<text x="116.44" y="978.34" font-size="14px" xml:space="preserve">1024</text>
<text x="8" y="1006.34" font-size="14px" xml:space="preserve">row 33</text>
<text x="73.56" y="1006.34" font-size="14px" xml:space="preserve">66</text>
<text x="116.44" y="1006.34" font-size="14px" xml:space="preserve">1089</text>
<text x="8" y="1034.34" font-size="14px" xml:space="preserve">row 34</text>
<text x="73.56" y="1034.34" font-size="14px" xml:space="preserve">68</text>
<text x="116.44" y="1034.34" font-size="14px" xml:space="preserve">1156</text>
<text x="8" y="1062.34" font-size="14px" xml:space="preserve">row 35</text>
<text x="73.56" y="1062.34" font-size="14px" xml:space="preserve">70</text>
<text x="116.44" y="1062.34" font-size="14px" xml:space="preserve">1225</text>
<text x="8" y="1090.34" font-size="14px" xml:space="preserve">row 36</text>
<text x="73.56" y="1090.34" font-size="14px" xml:space="preserve">72</text>
<text x="116.44" y="1090.34" font-size="14px" xml:space="preserve">1296</text>
<text x="8" y="1118.34" font-size="14px" xml:space="preserve">row 37</text>
<text x="73.56" y="1118.34" font-size="14px" xml:space="preserve">74</text>
<text x="116.44" y="1118.34" font-size="14px" xml:space="preserve">1369</text>
<text x="8" y="1146.34" font-size="14px" xml:space="preserve">row 38</text>
<text x="73.56" y="1146.34" font-size="14px" xml:space="preserve">76</text>
<text x="116.44" y="1146.34" font-size="14px" xml:space="preserve">1444</text>
<text x="8" y="1174.34" font-size="14px" xml:space="preserve">row 39</text>
<text x="73.56" y="1174.34" font-size="14px" xml:space="preserve">78</text>
<text x="116.44" y="1174.34" font-size="14px" xml:space="preserve">1521</text>
<text x="8" y="1202.34" font-size="14px" xml:space="preserve">row 40</text>
<text x="73.56" y="1202.34" font-size="14px" xml:space="preserve">80</text>
<text x="116.44" y="1202.34" font-size="14px" xml:space="preserve">1600</text>
<text x="8" y="1230.34" font-size="14px" xml:space="preserve">row 41</text>
<text x="73.56" y="1230.34" font-size="14px" xml:space="preserve">82</text>
<text x="116.44" y="1230.34" font-size="14px" xml:space="preserve">1681</text>
<text x="8" y="1258.34" font-size="14px" xml:space="preserve">row 42</text>
<text x="73.56" y="1258.34" font-size="14px" xml:space="preserve">84</text>
<text x="116.44" y="1258.34" font-size="14px" xml:space="preserve">1764</text>
<text x="8" y="1286.34" font-size="14px" xml:space="preserve">row 43</text>
<text x="73.56" y="1286.34" font-size="14px" xml:space="preserve">86</text>
<text x="116.44" y="1286.34" font-size="14px" xml:space="preserve">1849</text>
<text x="8" y="1314.34" font-size="14px" xml:space="preserve">row 44</text>
<text x="73.56" y="1314.34" font-size="14px" xml:space="preserve">88</text>
<text x="116.44" y="1314.34" font-size="14px" xml:space="preserve">1936</text>
<text x="8" y="1342.34" font-size="14px" xml:space="preserve">row 45</text>
<text x="73.56" y="1342.34" font-size="14px" xml:space="preserve">90</text>
<text x="116.44" y="1342.34" font-size="14px" xml:space="preserve">2025</text>
<text x="8" y="1370.34" font-size="14px" xml:space="preserve">row 46</text>
<text x="73.56" y="1370.34" font-size="14px" xml:space="preserve">92</text>
<text x="116.44" y="1370.34" font-size="14px" xml:space="preserve">2116</text>
<text x="8" y="1398.34" font-size="14px" xml:space="preserve">row 47</text>
<text x="73.56" y="1398.34" font-size="14px" xml:space="preserve">94</text>
<text x="116.44" y="1398.34" font-size="14px" xml:space="preserve">2209</text>
<text x="8" y="1426.34" font-size="14px" xml:space="preserve">row 48</text>
<text x="73.56" y="1426.34" font-size="14px" xml:space="preserve">96</text>
<text x="116.44" y="1426.34" font-size="14px" xml:space="preserve">2304</text>
<text x="8" y="1454.34" font-size="14px" xml:space="preserve">row 49</text>
<text x="73.56" y="1454.34" font-size="14px" xml:space="preserve">98</text>
<text x="116.44" y="1454.34" font-size="14px" xml:space="preserve">2401</text>
<text x="8" y="1482.34" font-size="14px" xml:space="preserve">row 50</text>
<text x="73.56" y="1482.34" font-size="14px" xml:space="preserve">100</text>
<text x="116.44" y="1482.34" font-size="14px" xml:space="preserve">2500</text>
<text x="8" y="1510.34" font-size="14px" xml:space="preserve">row 51</text>
<text x="73.56" y="1510.34" font-size="14px" xml:space="preserve">102</text>
<text x="116.44" y="1510.34" font-size="14px" xml:space="preserve">2601</text>
<text x="8" y="1538.34" font-size="14px" xml:space="preserve">row 52</text>
<text x="73.56" y="1538.34" font-size="14px" xml:space="preserve">104</text>
<text x="116.44" y="1538.34" font-size="14px" xml:space="preserve">2704</text>
<text x="8" y="1566.34" font-size="14px" xml:space="preserve">row 53</text>
<text x="73.56" y="1566.34" font-size="14px" xml:space="preserve">106</text>
<text x="116.44" y="1566.34" font-size="14px" xml:space="preserve">2809</text>
<text x="8" y="1594.34" font-size="14px" xml:space="preserve">row 54</text>
<text x="73.56" y="1594.34" font-size="14px" xml:space="preserve">108</text>
<text x="116.44" y="1594.34" font-size="14px" xml:space="preserve">2916</text>
<text x="8" y="1622.34" font-size="14px" xml:space="preserve">row 55</text>
<text x="73.56" y="1622.34" font-size="14px" xml:space="preserve">110</text>
<text x="116.44" y="1622.34" font-size="14px" xml:space="preserve">3025</text>
<text x="8" y="1650.34" font-size="14px" xml:space="preserve">row 56</text>
<text x="73.56" y="1650.34" font-size="14px" xml:space="preserve">112</text>
<text x="116.44" y="1650.34" font-size="14px" xml:space="preserve">3136</text>
<text x="8" y="1678.34" font-size="14px" xml:space="preserve">row 57</text>
<text x="73.56" y="1678.34" font-size="14px" xml:space="preserve">114</text>
<text x="116.44" y="1678.34" font-size="14px" xml:space="preserve">3249</text>
<text x="8" y="1706.34" font-size="14px" xml:space="preserve">row 58</text>
<text x="73.56" y="1706.34" font-size="14px" xml:space="preserve">116</text>
<text x="116.44" y="1706.34" font-size="14px" xml:space="preserve">3364</text>
<text x="8" y="1734.34" font-size="14px" xml:space="preserve">row 59</text>
<text x="73.56" y="1734.34" font-size="14px" xml:space="preserve">118</text>
<text x="116.44" y="1734.34" font-size="14px" xml:space="preserve">3481</text>
<text x="8" y="1762.34" font-size="14px" xml:space="preserve">row 60</text>
<text x="73.56" y="1762.34" font-size="14px" xml:space="preserve">120</text>
<text x="116.44" y="1762.34" font-size="14px" xml:space="preserve">3600</text>
<text x="8" y="1790.34" font-size="14px" xml:space="preserve">row 61</text>
<text x="73.56" y="1790.34" font-size="14px" xml:space="preserve">122</text>
<text x="116.44" y="1790.34" font-size="14px" xml:space="preserve">3721</text>
<text x="8" y="1818.34" font-size="14px" xml:space="preserve">row 62</text>
<text x="73.56" y="1818.34" font-size="14px" xml:space="preserve">124</text>
<text x="116.44" y="1818.34" font-size="14px" xml:space="preserve">3844</text>
<text x="8" y="1846.34" font-size="14px" xml:space="preserve">row 63</text>
<text x="73.56" y="1846.34" font-size="14px" xml:space="preserve">126</text>
<text x="116.44" y="1846.34" font-size="14px" xml:space="preserve">3969</text>
<text x="8" y="1874.34" font-size="14px" xml:space="preserve">row 64</text>
<text x="73.56" y="1874.34" font-size="14px" xml:space="preserve">128</text>
<text x="116.44" y="1874.34" font-size="14px" xml:space="preserve">4096</text>
<text x="8" y="1902.34" font-size="14px" xml:space="preserve">row 65</text>
<text x="73.56" y="1902.34" font-size="14px" xml:space="preserve">130</text>
<text x="116.44" y="1902.34" font-size="14px" xml:space="preserve">4225</text>
<text x="8" y="1930.34" font-size="14px" xml:space="preserve">row 66</text>
<text x="73.56" y="1930.34" font-size="14px" xml:space="preserve">132</text>
<text x="116.44" y="1930.34" font-size="14px" xml:space="preserve">4356</text>
<text x="8" y="1958.34" font-size="14px" xml:space="preserve">row 67</text>
<text x="73.56" y="1958.34" font-size="14px" xml:space="preserve">134</text>
<text x="116.44" y="1958.34" font-size="14px" xml:space="preserve">4489</text>
<text x="8" y="1986.34" font-size="14px" xml:space="preserve">row 68</text>
<text x="73.56" y="1986.34" font-size="14px" xml:space="preserve">136</text>
<text x="116.44" y="1986.34" font-size="14px" xml:space="preserve">4624</text>
<text x="8" y="2014.34" font-size="14px" xml:space="preserve">row 69</text>
<text x="73.56" y="2014.34" font-size="14px" xml:space="preserve">138</text>
<text x="116.44" y="2014.34" font-size="14px" xml:space="preserve">4761</text>
<text x="8" y="2042.34" font-size="14px" xml:space="preserve">row 70</text>
<text x="73.56" y="2042.34" font-size="14px" xml:space="preserve">140</text>
<text x="116.44" y="2042.34" font-size="14px" xml:space="preserve">4900</text>
<text x="8" y="2070.34" font-size="14px" xml:space="preserve">row 71</text>
<text x="73.56" y="2070.34" font-size="14px" xml:space="preserve">142</text>
<text x="116.44" y="2070.34" font-size="14px" xml:space="preserve">5041</text>
<text x="8" y="2098.34" font-size="14px" xml:space="preserve">row 72</text>
<text x="73.56" y="2098.34" font-size="14px" xml:space="preserve">144</text>
<text x="116.44" y="2098.34" font-size="14px" xml:space="preserve">5184</text>
<text x="8" y="2126.34" font-size="14px" xml:space="preserve">row 73</text>
<text x="73.56" y="2126.34" font-size="14px" xml:space="preserve">146</text>
<text x="116.44" y="2126.34" font-size="14px" xml:space="preserve">5329</text>
<text x="8" y="2154.34" font-size="14px" xml:space="preserve">row 74</text>
<text x="73.56" y="2154.34" font-size="14px" xml:space="preserve">148</text>
<text x="116.44" y="2154.34" font-size="14px" xml:space="preserve">5476</text>
<text x="8" y="2182.34" font-size="14px" xml:space="preserve">row 75</text>
<text x="73.56" y="2182.34" font-size="14px" xml:space="preserve">150</text>
<text x="116.44" y="2182.34" font-size="14px" xml:space="preserve">5625</text>
<text x="8" y="2210.34" font-size="14px" xml:space="preserve">row 76</text>
<text x="73.56" y="2210.34" font-size="14px" xml:space="preserve">152</text>
<text x="116.44" y="2210.34" font-size="14px" xml:space="preserve">5776</text>
<text x="8" y="2238.34" font-size="14px" xml:space="preserve">row 77</text>
<text x="73.56" y="2238.34" font-size="14px" xml:space="preserve">154</text>
<text x="116.44" y="2238.34" font-size="14px" xml:space="preserve">5929</text>
<text x="8" y="2266.34" font-size="14px" xml:space="preserve">row 78</text>
<text x="73.56" y="2266.34" font-size="14px" xml:space="preserve">156</text>
<text x="116.44" y="2266.34" font-size="14px" xml:space="preserve">6084</text>
<text x="8" y="2294.34" font-size="14px" xml:space="preserve">row 79</text>
<text x="73.56" y="2294.34" font-size="14px" xml:space="preserve">158</text>
<text x="116.44" y="2294.34" font-size="14px" xml:space="preserve">6241</text>
<text x="8" y="2322.34" font-size="14px" xml:space="preserve">row 80</text>
<text x="73.56" y="2322.34" font-size="14px" xml:space="preserve">160</text>
<text x="116.44" y="2322.34" font-size="14px" xml:space="preserve">6400</text>
<text x="8" y="2350.34" font-size="14px" xml:space="preserve">row 81</text>
<text x="73.56" y="2350.34" font-size="14px" xml:space="preserve">162</text>
<text x="116.44" y="2350.34" font-size="14px" xml:space="preserve">6561</text>
<text x="8" y="2378.34" font-size="14px" xml:space="preserve">row 82</text>
<text x="73.56" y="2378.34" font-size="14px" xml:space="preserve">164</text>
<text x="116.44" y="2378.34" font-size="14px" xml:space="preserve">6724</text>
<text x="8" y="2406.34" font-size="14px" xml:space="preserve">row 83</text>
<text x="73.56" y="2406.34" font-size="14px" xml:space="preserve">166</text>
<text x="116.44" y="2406.34" font-size="14px" xml:space="preserve">6889</text>
<text x="8" y="2434.34" font-size="14px" xml:space="preserve">row 84</text>
<text x="73.56" y="2434.34" font-size="14px" xml:space="preserve">168</text>
<text x="116.44" y="2434.34" font-size="14px" xml:space="preserve">7056</text>
<text x="8" y="2462.34" font-size="14px" xml:space="preserve">row 85</text>
<text x="73.56" y="2462.34" font-size="14px" xml:space="preserve">170</text>
<text x="116.44" y="2462.34" font-size="14px" xml:space="preserve">7225</text>
<text x="8" y="2490.34" font-size="14px" xml:space="preserve">row 86</text>
<text x="73.56" y="2490.34" font-size="14px" xml:space="preserve">172</text>
<text x="116.44" y="2490.34" font-size="14px" xml:space="preserve">7396</text>
<text x="8" y="2518.34" font-size="14px" xml:space="preserve">row 87</text>
<text x="73.56" y="2518.34" font-size="14px" xml:space="preserve">174</text>
<text x="116.44" y="2518.34" font-size="14px" xml:space="preserve">7569</text>
<text x="8" y="2546.34" font-size="14px" xml:space="preserve">row 88</text>
<text x="73.56" y="2546.34" font-size="14px" xml:space="preserve">176</text>
<text x="116.44" y="2546.34" font-size="14px" xml:space="preserve">7744</text>
<text x="8" y="2574.34" font-size="14px" xml:space="preserve">row 89</text>
<text x="73.56" y="2574.34" font-size="14px" xml:space="preserve">178</text>
<text x="116.44" y="2574.34" font-size="14px" xml:space="preserve">7921</text>
<text x="8" y="2602.34" font-size="14px" xml:space="preserve">row 90</text>
<text x="73.56" y="2602.34" font-size="14px" xml:space="preserve">180</text>
<text x="116.44" y="2602.34" font-size="14px" xml:space="preserve">8100</text>
<text x="8" y="2630.34" font-size="14px" xml:space="preserve">row 91</text>
<text x="73.56" y="2630.34" font-size="14px" xml:space="preserve">182</text>
<text x="116.44" y="2630.34" font-size="14px" xml:space="preserve">8281</text>
<text x="8" y="2658.34" font-size="14px" xml:space="preserve">row 92</text>
<text x="73.56" y="2658.34" font-size="14px" xml:space="preserve">184</text>
<text x="116.44" y="2658.34" font-size="14px" xml:space="preserve">8464</text>
<text x="8" y="2686.34" font-size="14px" xml:space="preserve">row 93</text>
<text x="73.56" y="2686.34" font-size="14px" xml:space="preserve">186</text>
<text x="116.44" y="2686.34" font-size="14px" xml:space="preserve">8649</text>
<text x="8" y="2714.34" font-size="14px" xml:space="preserve">row 94</text>
<text x="73.56" y="2714.34" font-size="14px" xml:space="preserve">188</text>
<text x="116.44" y="2714.34" font-size="14px" xml:space="preserve">8836</text>
<text x="8" y="2742.34" font-size="14px" xml:space="preserve">row 95</text>
<text x="73.56" y="2742.34" font-size="14px" xml:space="preserve">190</text>
<text x="116.44" y="2742.34" font-size="14px" xml:space="preserve">9025</text>
<text x="8" y="2770.34" font-size="14px" xml:space="preserve">row 96</text>
<text x="73.56" y="2770.34" font-size="14px" xml:space="preserve">192</text>
<text x="116.44" y="2770.34" font-size="14px" xml:space="preserve">9216</text>
<text x="8" y="2798.34" font-size="14px" xml:space="preserve">row 97</text>
<text x="73.56" y="2798.34" font-size="14px" xml:space="preserve">194</text>
<text x="116.44" y="2798.34" font-size="14px" xml:space="preserve">9409</text>
<text x="8" y="2826.34" font-size="14px" xml:space="preserve">row 98</text>
<text x="73.56" y="2826.34" font-size="14px" xml:space="preserve">196</text>
<text x="116.44" y="2826.34" font-size="14px" xml:space="preserve">9604</text>
<text x="8" y="2854.34" font-size="14px" xml:space="preserve">row 99</text>
<text x="73.56" y="2854.34" font-size="14px" xml:space="preserve">198</text>
<text x="116.44" y="2854.34" font-size="14px" xml:space="preserve">9801</text>
<line x1="0" y1="63.44" x2="65.56" y2="63.44" stroke="#d0d0d0" stroke-width="0.5"/>
<line x1="65.56" y1="63.44" x2="108.44" y2="63.44" stroke="#d0d0d0" stroke-width="0.5"/>
<line x1="108.44" y1="63.44" x2="160.28" y2="63.44" stroke="#d0d0d0" stroke-width="0.5"/>
<line x1="0" y1="91.44" x2="65.56" y2="91.44" stroke="#d0d0d0" stroke-width="0.5"/>
<line x1="65.56" y1="91.44" x2="108.44" y2="91.44" stroke="#d0d0d0" stroke-width="0.5"/>
<line x1="108.44" y1="91.44" x2="160.28" y2="91.44" stroke="#d0d0d0" stroke-width="0.5"/>
<line x1="0" y1="119.44" x2="65.56" y2="119.44" stroke="#d0d0d0" stroke-width="0.5"/>
<line x1="65.56" y1="119.44" x2="108.44" y2="119.44" stroke="#d0d0d0" stroke-width="0.5"/>
<line x1="108.44" y1="119.44" x2="160.28" y2="119.44" stroke="#d0d0d0" stroke-width="0.5"/>
<line x1="0" y1="147.44" x2="65.56" y2="147.44" stroke="#d0d0d0" stroke-width="0.5"/>
<line x1="65.56" y1="147.44" x2="108.44" y2="147.44" stroke="#d0d0d0" stroke-width="0.5"/>
<line x1="108.44" y1="147.44" x2="160.28" y2="147.44" stroke="#d0d0d0" stroke-width="0.5"/>
<line x1="0" y1="175.44" x2="65.56" y2="175.44" stroke="#d0d0d0" stroke-width="0.5"/>
<line x1="65.56" y1="175.44" x2="108.44" y2="175.44" stroke="#d0d0d0" stroke-width="0.5"/>
<line x1="108.44" y1="175.44" x2="160.28" y2="175.44" stroke="#d0d0d0" stroke-width="0.5"/>
<line x1="0" y1="203.44" x2="65.56" y2="203.44" stroke="#d0d0d0" stroke-width="0.5"/>
<line x1="65.56" y1="203.44" x2="108.44" y2="203.44" stroke="#d0d0d0" stroke-width="0.5"/>
<line x1="108.44" y1="203.44" x2="160.28" y2="203.44" stroke="#d0d0d0" stroke-width="0.5"/>
<line x1="0" y1="231.44" x2="65.56" y2="231.44" stroke="#d0d0d0" stroke-width="0.5"/>
<line x1="65.56" y1="231.44" x2="108.44" y2="231.44" stroke="#d0d0d0" stroke-width="0.5"/>
<line x1="108.44" y1="231.44" x2="160.28" y2="231.44" stroke="#d0d0d0" stroke-width="0.5"/>
<line x1="0" y1="259.44" x2="65.56" y2="259.44" stroke="#d0d0d0" stroke-width="0.5"/>
<line x1="65.56" y1="259.44" x2="108.44" y2="259.44" stroke="#d0d0d0" stroke-width="0.5"/>
<line x1="108.44" y1="259.44" x2="160.28" y2="259.44" stroke="#d0d0d0" stroke-width="0.5"/>
<line x1="0" y1="287.44" x2="65.56" y2="287.44" stroke="#d0d0d0" stroke-width="0.5"/>
<line x1="65.56" y1="287.44" x2="108.44" y2="287.44" stroke="#d0d0d0" stroke-width="0.5"/>
<line x1="108.44" y1="287.44" x2="160.28" y2="287.44" stroke="#d0d0d0" stroke-width="0.5"/>
<line x1="0" y1="315.44" x2="65.56" y2="315.44" stroke="#d0d0d0" stroke-width="0.5"/>
<line x1="65.56" y1="315.44" x2="108.44" y2="315.44" stroke="#d0d0d0" stroke-width="0.5"/>
<line x1="108.44" y1="315.44" x2="160.28" y2="315.44" stroke="#d0d0d0" stroke-width="0.5"/>
<line x1="0" y1="343.44" x2="65.56" y2="343.44" stroke="#d0d0d0" stroke-width="0.5"/>
<line x1="65.56" y1="343.44" x2="108.44" y2="343.44" stroke="#d0d0d0" stroke-width="0.5"/>
<line x1="108.44" y1="343.44" x2="160.28" y2="343.44" stroke="#d0d0d0" stroke-width="0.5"/>
<line x1="0" y1="371.44" x2="65.56" y2="371.44" stroke="#d0d0d0" stroke-width="0.5"/>
<line x1="65.56" y1="371.44" x2="108.44" y2="371.44" stroke="#d0d0d0" stroke-width="0.5"/>
<line x1="108.44" y1="371.44" x2="160.28" y2="371.44" stroke="#d0d0d0" stroke-width="0.5"/>
<line x1="0" y1="399.44" x2="65.56" y2="399.44" stroke="#d0d0d0" stroke-width="0.5"/>
<line x1="65.56" y1="399.44" x2="108.44" y2="399.44" stroke="#d0d0d0" stroke-width="0.5"/>
<line x1="108.44" y1="399.44" x2="160.28" y2="399.44" stroke="#d0d0d0" stroke-width="0.5"/>
<line x1="0" y1="427.44" x2="65.56" y2="427.44" stroke="#d0d0d0" stroke-width="0.5"/>
<line x1="65.56" y1="427.44" x2="108.44" y2="427.44" stroke="#d0d0d0" stroke-width="0.5"/>
<line x1="108.44" y1="427.44" x2="160.28" y2="427.44" stroke="#d0d0d0" stroke-width="0.5"/>
<line x1="0" y1="455.44" x2="65.56" y2="455.44" stroke="#d0d0d0" stroke-width="0.5"/>
<line x1="65.56" y1="455.44" x2="108.44" y2="455.44" stroke="#d0d0d0" stroke-width="0.5"/>
<line x1="108.44" y1="455.44" x2="160.28" y2="455.44" stroke="#d0d0d0" stroke-width="0.5"/>
<line x1="0" y1="483.44" x2="65.56" y2="483.44" stroke="#d0d0d0" stroke-width="0.5"/>
<line x1="65.56" y1="483.44" x2="108.44" y2="483.44" stroke="#d0d0d0" stroke-width="0.5"/>
<line x1="108.44" y1="483.44" x2="160.28" y2="483.44" stroke="#d0d0d0" stroke-width="0.5"/>
<line x1="0" y1="511.44" x2="65.56" y2="511.44" stroke="#d0d0d0" stroke-width="0.5"/>
<line x1="65.56" y1="511.44" x2="108.44" y2="511.44" stroke="#d0d0d0" stroke-width="0.5"/>
<line x1="108.44" y1="511.44" x2="160.28" y2="511.44" stroke="#d0d0d0" stroke-width="0.5"/>
<line x1="0" y1="539.44" x2="65.56" y2="539.44" stroke="#d0d0d0" stroke-width="0.5"/>
<line x1="65.56" y1="539.44" x2="108.44" y2="539.44" stroke="#d0d0d0" stroke-width="0.5"/>
<line x1="108.44" y1="539.44" x2="160.28" y2="539.44" stroke="#d0d0d0" stroke-width="0.5"/>
<line x1="0" y1="567.44" x2="65.56" y2="567.44" stroke="#d0d0d0" stroke-width="0.5"/>
<line x1="65.56" y1="567.44" x2="108.44" y2="567.44" stroke="#d0d0d0" stroke-width="0.5"/>
<line x1="108.44" y1="567.44" x2="160.28" y2="567.44" stroke="#d0d0d0" stroke-width="0.5"/>
<line x1="0" y1="595.44" x2="65.56" y2="595.44" stroke="#d0d0d0" stroke-width="0.5"/>
<line x1="65.56" y1="595.44" x2="108.44" y2="595.44" stroke="#d0d0d0" stroke-width="0.5"/>
<line x1="108.44" y1="595.44" x2="160.28" y2="595.44" stroke="#d0d0d0" stroke-width="0.5"/>
<line x1="0" y1="623.44" x2="65.56" y2="623.44" stroke="#d0d0d0" stroke-width="0.5"/>
<line x1="65.56" y1="623.44" x2="108.44" y2="623.44" stroke="#d0d0d0" stroke-width="0.5"/>
<line x1="108.44" y1="623.44" x2="160.28" y2="623.44" stroke="#d0d0d0" stroke-width="0.5"/>
<line x1="0" y1="651.44" x2="65.56" y2="651.44" stroke="#d0d0d0" stroke-width="0.5"/>
<line x1="65.56" y1="651.44" x2="108.44" y2="651.44" stroke="#d0d0d0" stroke-width="0.5"/>
<line x1="108.44" y1="651.44" x2="160.28" y2="651.44" stroke="#d0d0d0" stroke-width="0.5"/>
<line x1="0" y1="679.44" x2="65.56" y2="679.44" stroke="#d0d0d0" stroke-width="0.5"/>
<line x1="65.56" y1="679.44" x2="108.44" y2="679.44" stroke="#d0d0d0" stroke-width="0.5"/>
<line x1="108.44" y1="679.44" x2="160.28" y2="679.44" stroke="#d0d0d0" stroke-width="0.5"/>
<line x1="0" y1="707.44" x2="65.56" y2="707.44" stroke="#d0d0d0" stroke-width="0.5"/>
<line x1="65.56" y1="707.44" x2="108.44" y2="707.44" stroke="#d0d0d0" stroke-width="0.5"/>
<line x1="108.44" y1="707.44" x2="160.28" y2="707.44" stroke="#d0d0d0" stroke-width="0.5"/>
<line x1="0" y1="735.44" x2="65.56" y2="735.44" stroke="#d0d0d0" stroke-width="0.5"/>
<line x1="65.56" y1="735.44" x2="108.44" y2="735.44" stroke="#d0d0d0" stroke-width="0.5"/>
<line x1="108.44" y1="735.44" x2="160.28" y2="735.44" stroke="#d0d0d0" stroke-width="0.5"/>
<line x1="0" y1="763.44" x2="65.56" y2="763.44" stroke="#d0d0d0" stroke-width="0.5"/>
<line x1="65.56" y1="763.44" x2="108.44" y2="763.44" stroke="#d0d0d0" stroke-width="0.5"/>
<line x1="108.44" y1="763.44" x2="160.28" y2="763.44" stroke="#d0d0d0" stroke-width="0.5"/>
<line x1="0" y1="791.44" x2="65.56" y2="791.44" stroke="#d0d0d0" stroke-width="0.5"/>
<line x1="65.56" y1="791.44" x2="108.44" y2="791.44" stroke="#d0d0d0" stroke-width="0.5"/>
<line x1="108.44" y1="791.44" x2="160.28" y2="791.44" stroke="#d0d0d0" stroke-width="0.5"/>
<line x1="0" y1="819.44" x2="65.56" y2="819.44" stroke="#d0d0d0" stroke-width="0.5"/>
<line x1="65.56" y1="819.44" x2="108.44" y2="819.44" stroke="#d0d0d0" stroke-width="0.5"/>
<line x1="108.44" y1="819.44" x2="160.28" y2="819.44" stroke="#d0d0d0" stroke-width="0.5"/>
<line x1="0" y1="847.44" x2="65.56" y2="847.44" stroke="#d0d0d0" stroke-width="0.5"/>
<line x1="65.56" y1="847.44" x2="108.44" y2="847.44" stroke="#d0d0d0" stroke-width="0.5"/>
<line x1="108.44" y1="847.44" x2="160.28" y2="847.44" stroke="#d0d0d0" stroke-width="0.5"/>
<line x1="0" y1="875.44" x2="65.56" y2="875.44" stroke="#d0d0d0" stroke-width="0.5"/>
<line x1="65.56" y1="875.44" x2="108.44" y2="875.44" stroke="#d0d0d0" stroke-width="0.5"/>
<line x1="108.44" y1="875.44" x2="160.28" y2="875.44" stroke="#d0d0d0" stroke-width="0.5"/>
<line x1="0" y1="903.44" x2="65.56" y2="903.44" stroke="#d0d0d0" stroke-width="0.5"/>
<line x1="65.56" y1="903.44" x2="108.44" y2="903.44" stroke="#d0d0d0" stroke-width="0.5"/>
<line x1="108.44" y1="903.44" x2="160.28" y2="903.44" stroke="#d0d0d0" stroke-width="0.5"/>
<line x1="0" y1="931.44" x2="65.56" y2="931.44" stroke="#d0d0d0" stroke-width="0.5"/>
<line x1="65.56" y1="931.44" x2="108.44" y2="931.44" stroke="#d0d0d0" stroke-width="0.5"/>
<line x1="108.44" y1="931.44" x2="160.28" y2="931.44" stroke="#d0d0d0" stroke-width="0.5"/>
<line x1="0" y1="959.44" x2="65.56" y2="959.44" stroke="#d0d0d0" stroke-width="0.5"/>
<line x1="65.56" y1="959.44" x2="108.44" y2="959.44" stroke="#d0d0d0" stroke-width="0.5"/>
<line x1="108.44" y1="959.44" x2="160.28" y2="959.44" stroke="#d0d0d0" stroke-width="0.5"/>
<line x1="0" y1="987.44" x2="65.56" y2="987.44" stroke="#d0d0d0" stroke-width="0.5"/>
<line x1="65.56" y1="987.44" x2="108.44" y2="987.44" stroke="#d0d0d0" stroke-width="0.5"/>
<line x1="108.44" y1="987.44" x2="160.28" y2="987.44" stroke="#d0d0d0" stroke-width="0.5"/>
<line x1="0" y1="1015.44" x2="65.56" y2="1015.44" stroke="#d0d0d0" stroke-width="0.5"/>
<line x1="65.56" y1="1015.44" x2="108.44" y2="1015.44" stroke="#d0d0d0" stroke-width="0.5"/>
<line x1="108.44" y1="1015.44" x2="160.28" y2="1015.44" stroke="#d0d0d0" stroke-width="0.5"/>
<line x1="0" y1="1043.44" x2="65.56" y2="1043.44" stroke="#d0d0d0" stroke-width="0.5"/>
<line x1="65.56" y1="1043.44" x2="108.44" y2="1043.44" stroke="#d0d0d0" stroke-width="0.5"/>
<line x1="108.44" y1="1043.44" x2="160.28" y2="1043.44" stroke="#d0d0d0" stroke-width="0.5"/>
<line x1="0" y1="1071.44" x2="65.56" y2="1071.44" stroke="#d0d0d0" stroke-width="0.5"/>
<line x1="65.56" y1="1071.44" x2="108.44" y2="1071.44" stroke="#d0d0d0" stroke-width="0.5"/>
<line x1="108.44" y1="1071.44" x2="160.28" y2="1071.44" stroke="#d0d0d0" stroke-width="0.5"/>
<line x1="0" y1="1099.44" x2="65.56" y2="1099.44" stroke="#d0d0d0" stroke-width="0.5"/>
<line x1="65.56" y1="1099.44" x2="108.44" y2="1099.44" stroke="#d0d0d0" stroke-width="0.5"/>
<line x1="108.44" y1="1099.44" x2="160.28" y2="1099.44" stroke="#d0d0d0" stroke-width="0.5"/>
<line x1="0" y1="1127.44" x2="65.56" y2="1127.44" stroke="#d0d0d0" stroke-width="0.5"/>
<line x1="65.56" y1="1127.44" x2="108.44" y2="1127.44" stroke="#d0d0d0" stroke-width="0.5"/>
<line x1="108.44" y1="1127.44" x2="160.28" y2="1127.44" stroke="#d0d0d0" stroke-width="0.5"/>
<line x1="0" y1="1155.44" x2="65.56" y2="1155.44" stroke="#d0d0d0" stroke-width="0.5"/>
<line x1="65.56" y1="1155.44" x2="108.44" y2="1155.44" stroke="#d0d0d0" stroke-width="0.5"/>
<line x1="108.44" y1="1155.44" x2="160.28" y2="1155.44" stroke="#d0d0d0" stroke-width="0.5"/>
<line x1="0" y1="1183.44" x2="65.56" y2="1183.44" stroke="#d0d0d0" stroke-width="0.5"/>
<line x1="65.56" y1="1183.44" x2="108.44" y2="1183.44" stroke="#d0d0d0" stroke-width="0.5"/>
<line x1="108.44" y1="1183.44" x2="160.28" y2="1183.44" stroke="#d0d0d0" stroke-width="0.5"/>
<line x1="0" y1="1211.44" x2="65.56" y2="1211.44" stroke="#d0d0d0" stroke-width="0.5"/>
<line x1="65.56" y1="1211.44" x2="108.44" y2="1211.44" stroke="#d0d0d0" stroke-width="0.5"/>
<line x1="108.44" y1="1211.44" x2="160.28" y2="1211.44" stroke="#d0d0d0" stroke-width="0.5"/>
<line x1="0" y1="1239.44" x2="65.56" y2="1239.44" stroke="#d0d0d0" stroke-width="0.5"/>
<line x1="65.56" y1="1239.44" x2="108.44" y2="1239.44" stroke="#d0d0d0" stroke-width="0.5"/>
<line x1="108.44" y1="1239.44" x2="160.28" y2="1239.44" stroke="#d0d0d0" stroke-width="0.5"/>
<line x1="0" y1="1267.44" x2="65.56" y2="1267.44" stroke="#d0d0d0" stroke-width="0.5"/>
<line x1="65.56" y1="1267.44" x2="108.44" y2="1267.44" stroke="#d0d0d0" stroke-width="0.5"/>
<line x1="108.44" y1="1267.44" x2="160.28" y2="1267.44" stroke="#d0d0d0" stroke-width="0.5"/>
<line x1="0" y1="1295.44" x2="65.56" y2="1295.44" stroke="#d0d0d0" stroke-width="0.5"/>
<line x1="65.56" y1="1295.44" x2="108.44" y2="1295.44" stroke="#d0d0d0" stroke-width="0.5"/>
<line x1="108.44" y1="1295.44" x2="160.28" y2="1295.44" stroke="#d0d0d0" stroke-width="0.5"/>
<line x1="0" y1="1323.44" x2="65.56" y2="1323.44" stroke="#d0d0d0" stroke-width="0.5"/>
<line x1="65.56" y1="1323.44" x2="108.44" y2="1323.44" stroke="#d0d0d0" stroke-width="0.5"/>
<line x1="108.44" y1="1323.44" x2="160.28" y2="1323.44" stroke="#d0d0d0" stroke-width="0.5"/>
<line x1="0" y1="1351.44" x2="65.56" y2="1351.44" stroke="#d0d0d0" stroke-width="0.5"/>
<line x1="65.56" y1="1351.44" x2="108.44" y2="1351.44" stroke="#d0d0d0" stroke-width="0.5"/>
<line x1="108.44" y1="1351.44" x2="160.28" y2="1351.44" stroke="#d0d0d0" stroke-width="0.5"/>
<line x1="0" y1="1379.44" x2="65.56" y2="1379.44" stroke="#d0d0d0" stroke-width="0.5"/>
<line x1="65.56" y1="1379.44" x2="108.44" y2="1379.44" stroke="#d0d0d0" stroke-width="0.5"/>
<line x1="108.44" y1="1379.44" x2="160.28" y2="1379.44" stroke="#d0d0d0" stroke-width="0.5"/>
<line x1="0" y1="1407.44" x2="65.56" y2="1407.44" stroke="#d0d0d0" stroke-width="0.5"/>
<line x1="65.56" y1="1407.44" x2="108.44" y2="1407.44" stroke="#d0d0d0" stroke-width="0.5"/>
<line x1="108.44" y1="1407.44" x2="160.28" y2="1407.44" stroke="#d0d0d0" stroke-width="0.5"/>
<line x1="0" y1="1435.44" x2="65.56" y2="1435.44" stroke="#d0d0d0" stroke-width="0.5"/>
<line x1="65.56" y1="1435.44" x2="108.44" y2="1435.44" stroke="#d0d0d0" stroke-width="0.5"/>
<line x1="108.44" y1="1435.44" x2="160.28" y2="1435.44" stroke="#d0d0d0" stroke-width="0.5"/>
<line x1="0" y1="1463.44" x2="65.56" y2="1463.44" stroke="#d0d0d0" stroke-width="0.5"/>
<line x1="65.56" y1="1463.44" x2="108.44" y2="1463.44" stroke="#d0d0d0" stroke-width="0.5"/>
<line x1="108.44" y1="1463.44" x2="160.28" y2="1463.44" stroke="#d0d0d0" stroke-width="0.5"/>
<line x1="0" y1="1491.44" x2="65.56" y2="1491.44" stroke="#d0d0d0" stroke-width="0.5"/>
<line x1="65.56" y1="1491.44" x2="108.44" y2="1491.44" stroke="#d0d0d0" stroke-width="0.5"/>
<line x1="108.44" y1="1491.44" x2="160.28" y2="1491.44" stroke="#d0d0d0" stroke-width="0.5"/>
<line x1="0" y1="1519.44" x2="65.56" y2="1519.44" stroke="#d0d0d0" stroke-width="0.5"/>
<line x1="65.56" y1="1519.44" x2="108.44" y2="1519.44" stroke="#d0d0d0" stroke-width="0.5"/>
<line x1="108.44" y1="1519.44" x2="160.28" y2="1519.44" stroke="#d0d0d0" stroke-width="0.5"/>
<line x1="0" y1="1547.44" x2="65.56" y2="1547.44" stroke="#d0d0d0" stroke-width="0.5"/>
<line x1="65.56" y1="1547.44" x2="108.44" y2="1547.44" stroke="#d0d0d0" stroke-width="0.5"/>
<line x1="108.44" y1="1547.44" x2="160.28" y2="1547.44" stroke="#d0d0d0" stroke-width="0.5"/>
<line x1="0" y1="1575.44" x2="65.56" y2="1575.44" stroke="#d0d0d0" stroke-width="0.5"/>
<line x1="65.56" y1="1575.44" x2="108.44" y2="1575.44" stroke="#d0d0d0" stroke-width="0.5"/>
<line x1="108.44" y1="1575.44" x2="160.28" y2="1575.44" stroke="#d0d0d0" stroke-width="0.5"/>
<line x1="0" y1="1603.44" x2="65.56" y2="1603.44" stroke="#d0d0d0" stroke-width="0.5"/>
<line x1="65.56" y1="1603.44" x2="108.44" y2="1603.44" stroke="#d0d0d0" stroke-width="0.5"/>
<line x1="108.44" y1="1603.44" x2="160.28" y2="1603.44" stroke="#d0d0d0" stroke-width="0.5"/>
<line x1="0" y1="1631.44" x2="65.56" y2="1631.44" stroke="#d0d0d0" stroke-width="0.5"/>
<line x1="65.56" y1="1631.44" x2="108.44" y2="1631.44" stroke="#d0d0d0" stroke-width="0.5"/>
<line x1="108.44" y1="1631.44" x2="160.28" y2="1631.44" stroke="#d0d0d0" stroke-width="0.5"/>
<line x1="0" y1="1659.44" x2="65.56" y2="1659.44" stroke="#d0d0d0" stroke-width="0.5"/>
<line x1="65.56" y1="1659.44" x2="108.44" y2="1659.44" stroke="#d0d0d0" stroke-width="0.5"/>
<line x1="108.44" y1="1659.44" x2="160.28" y2="1659.44" stroke="#d0d0d0" stroke-width="0.5"/>
<line x1="0" y1="1687.44" x2="65.56" y2="1687.44" stroke="#d0d0d0" stroke-width="0.5"/>
<line x1="65.56" y1="1687.44" x2="108.44" y2="1687.44" stroke="#d0d0d0" stroke-width="0.5"/>
<line x1="108.44" y1="1687.44" x2="160.28" y2="1687.44" stroke="#d0d0d0" stroke-width="0.5"/>
<line x1="0" y1="1715.44" x2="65.56" y2="1715.44" stroke="#d0d0d0" stroke-width="0.5"/>
<line x1="65.56" y1="1715.44" x2="108.44" y2="1715.44" stroke="#d0d0d0" stroke-width="0.5"/>
<line x1="108.44" y1="1715.44" x2="160.28" y2="1715.44" stroke="#d0d0d0" stroke-width="0.5"/>
<line x1="0" y1="1743.44" x2="65.56" y2="1743.44" stroke="#d0d0d0" stroke-width="0.5"/>
<line x1="65.56" y1="1743.44" x2="108.44" y2="1743.44" stroke="#d0d0d0" stroke-width="0.5"/>
<line x1="108.44" y1="1743.44" x2="160.28" y2="1743.44" stroke="#d0d0d0" stroke-width="0.5"/>
<line x1="0" y1="1771.44" x2="65.56" y2="1771.44" stroke="#d0d0d0" stroke-width="0.5"/>
<line x1="65.56" y1="1771.44" x2="108.44" y2="1771.44" stroke="#d0d0d0" stroke-width="0.5"/>
<line x1="108.44" y1="1771.44" x2="160.28" y2="1771.44" stroke="#d0d0d0" stroke-width="0.5"/>
<line x1="0" y1="1799.44" x2="65.56" y2="1799.44" stroke="#d0d0d0" stroke-width="0.5"/>
<line x1="65.56" y1="1799.44" x2="108.44" y2="1799.44" stroke="#d0d0d0" stroke-width="0.5"/>
<line x1="108.44" y1="1799.44" x2="160.28" y2="1799.44" stroke="#d0d0d0" stroke-width="0.5"/>
<line x1="0" y1="1827.44" x2="65.56" y2="1827.44" stroke="#d0d0d0" stroke-width="0.5"/>
<line x1="65.56" y1="1827.44" x2="108.44" y2="1827.44" stroke="#d0d0d0" stroke-width="0.5"/>
<line x1="108.44" y1="1827.44" x2="160.28" y2="1827.44" stroke="#d0d0d0" stroke-width="0.5"/>
<line x1="0" y1="1855.44" x2="65.56" y2="1855.44" stroke="#d0d0d0" stroke-width="0.5"/>
<line x1="65.56" y1="1855.44" x2="108.44" y2="1855.44" stroke="#d0d0d0" stroke-width="0.5"/>
<line x1="108.44" y1="1855.44" x2="160.28" y2="1855.44" stroke="#d0d0d0" stroke-width="0.5"/>
<line x1="0" y1="1883.44" x2="65.56" y2="1883.44" stroke="#d0d0d0" stroke-width="0.5"/>
<line x1="65.56" y1="1883.44" x2="108.44" y2="1883.44" stroke="#d0d0d0" stroke-width="0.5"/>
<line x1="108.44" y1="1883.44" x2="160.28" y2="1883.44" stroke="#d0d0d0" stroke-width="0.5"/>
<line x1="0" y1="1911.44" x2="65.56" y2="1911.44" stroke="#d0d0d0" stroke-width="0.5"/>
<line x1="65.56" y1="1911.44" x2="108.44" y2="1911.44" stroke="#d0d0d0" stroke-width="0.5"/>
<line x1="108.44" y1="1911.44" x2="160.28" y2="1911.44" stroke="#d0d0d0" stroke-width="0.5"/>
<line x1="0" y1="1939.44" x2="65.56" y2="1939.44" stroke="#d0d0d0" stroke-width="0.5"/>
<line x1="65.56" y1="1939.44" x2="108.44" y2="1939.44" stroke="#d0d0d0" stroke-width="0.5"/>
<line x1="108.44" y1="1939.44" x2="160.28" y2="1939.44" stroke="#d0d0d0" stroke-width="0.5"/>
<line x1="0" y1="1967.44" x2="65.56" y2="1967.44" stroke="#d0d0d0" stroke-width="0.5"/>
<line x1="65.56" y1="1967.44" x2="108.44" y2="1967.44" stroke="#d0d0d0" stroke-width="0.5"/>
<line x1="108.44" y1="1967.44" x2="160.28" y2="1967.44" stroke="#d0d0d0" stroke-width="0.5"/>
<line x1="0" y1="1995.44" x2="65.56" y2="1995.44" stroke="#d0d0d0" stroke-width="0.5"/>
<line x1="65.56" y1="1995.44" x2="108.44" y2="1995.44" stroke="#d0d0d0" stroke-width="0.5"/>
<line x1="108.44" y1="1995.44" x2="160.28" y2="1995.44" stroke="#d0d0d0" stroke-width="0.5"/>
<line x1="0" y1="2023.44" x2="65.56" y2="2023.44" stroke="#d0d0d0" stroke-width="0.5"/>
<line x1="65.56" y1="2023.44" x2="108.44" y2="2023.44" stroke="#d0d0d0" stroke-width="0.5"/>
<line x1="108.44" y1="2023.44" x2="160.28" y2="2023.44" stroke="#d0d0d0" stroke-width="0.5"/>
<line x1="0" y1="2051.44" x2="65.56" y2="2051.44" stroke="#d0d0d0" stroke-width="0.5"/>
<line x1="65.56" y1="2051.44" x2="108.44" y2="2051.44" stroke="#d0d0d0" stroke-width="0.5"/>
<line x1="108.44" y1="2051.44" x2="160.28" y2="2051.44" stroke="#d0d0d0" stroke-width="0.5"/>
<line x1="0" y1="2079.44" x2="65.56" y2="2079.44" stroke="#d0d0d0" stroke-width="0.5"/>
<line x1="65.56" y1="2079.44" x2="108.44" y2="2079.44" stroke="#d0d0d0" stroke-width="0.5"/>
<line x1="108.44" y1="2079.44" x2="160.28" y2="2079.44" stroke="#d0d0d0" stroke-width="0.5"/>
<line x1="0" y1="2107.44" x2="65.56" y2="2107.44" stroke="#d0d0d0" stroke-width="0.5"/>
<line x1="65.56" y1="2107.44" x2="108.44" y2="2107.44" stroke="#d0d0d0" stroke-width="0.5"/>
<line x1="108.44" y1="2107.44" x2="160.28" y2="2107.44" stroke="#d0d0d0" stroke-width="0.5"/>
<line x1="0" y1="2135.44" x2="65.56" y2="2135.44" stroke="#d0d0d0" stroke-width="0.5"/>
<line x1="65.56" y1="2135.44" x2="108.44" y2="2135.44" stroke="#d0d0d0" stroke-width="0.5"/>
<line x1="108.44" y1="2135.44" x2="160.28" y2="2135.44" stroke="#d0d0d0" stroke-width="0.5"/>
<line x1="0" y1="2163.44" x2="65.56" y2="2163.44" stroke="#d0d0d0" stroke-width="0.5"/>
<line x1="65.56" y1="2163.44" x2="108.44" y2="2163.44" stroke="#d0d0d0" stroke-width="0.5"/>
<line x1="108.44" y1="2163.44" x2="160.28" y2="2163.44" stroke="#d0d0d0" stroke-width="0.5"/>
<line x1="0" y1="2191.44" x2="65.56" y2="2191.44" stroke="#d0d0d0" stroke-width="0.5"/>
<line x1="65.56" y1="2191.44" x2="108.44" y2="2191.44" stroke="#d0d0d0" stroke-width="0.5"/>
<line x1="108.44" y1="2191.44" x2="160.28" y2="2191.44" stroke="#d0d0d0" stroke-width="0.5"/>
<line x1="0" y1="2219.44" x2="65.56" y2="2219.44" stroke="#d0d0d0" stroke-width="0.5"/>
<line x1="65.56" y1="2219.44" x2="108.44" y2="2219.44" stroke="#d0d0d0" stroke-width="0.5"/>
<line x1="108.44" y1="2219.44" x2="160.28" y2="2219.44" stroke="#d0d0d0" stroke-width="0.5"/>
<line x1="0" y1="2247.44" x2="65.56" y2="2247.44" stroke="#d0d0d0" stroke-width="0.5"/>
<line x1="65.56" y1="2247.44" x2="108.44" y2="2247.44" stroke="#d0d0d0" stroke-width="0.5"/>
<line x1="108.44" y1="2247.44" x2="160.28" y2="2247.44" stroke="#d0d0d0" stroke-width="0.5"/>
<line x1="0" y1="2275.44" x2="65.56" y2="2275.44" stroke="#d0d0d0" stroke-width="0.5"/>
<line x1="65.56" y1="2275.44" x2="108.44" y2="2275.44" stroke="#d0d0d0" stroke-width="0.5"/>
<line x1="108.44" y1="2275.44" x2="160.28" y2="2275.44" stroke="#d0d0d0" stroke-width="0.5"/>
<line x1="0" y1="2303.44" x2="65.56" y2="2303.44" stroke="#d0d0d0" stroke-width="0.5"/>
<line x1="65.56" y1="2303.44" x2="108.44" y2="2303.44" stroke="#d0d0d0" stroke-width="0.5"/>
<line x1="108.44" y1="2303.44" x2="160.28" y2="2303.44" stroke="#d0d0d0" stroke-width="0.5"/>
<line x1="0" y1="2331.44" x2="65.56" y2="2331.44" stroke="#d0d0d0" stroke-width="0.5"/>
<line x1="65.56" y1="2331.44" x2="108.44" y2="2331.44" stroke="#d0d0d0" stroke-width="0.5"/>
<line x1="108.44" y1="2331.44" x2="160.28" y2="2331.44" stroke="#d0d0d0" stroke-width="0.5"/>
<line x1="0" y1="2359.44" x2="65.56" y2="2359.44" stroke="#d0d0d0" stroke-width="0.5"/>
<line x1="65.56" y1="2359.44" x2="108.44" y2="2359.44" stroke="#d0d0d0" stroke-width="0.5"/>
<line x1="108.44" y1="2359.44" x2="160.28" y2="2359.44" stroke="#d0d0d0" stroke-width="0.5"/>
<line x1="0" y1="2387.44" x2="65.56" y2="2387.44" stroke="#d0d0d0" stroke-width="0.5"/>
<line x1="65.56" y1="2387.44" x2="108.44" y2="2387.44" stroke="#d0d0d0" stroke-width="0.5"/>
<line x1="108.44" y1="2387.44" x2="160.28" y2="2387.44" stroke="#d0d0d0" stroke-width="0.5"/>
<line x1="0" y1="2415.44" x2="65.56" y2="2415.44" stroke="#d0d0d0" stroke-width="0.5"/>
<line x1="65.56" y1="2415.44" x2="108.44" y2="2415.44" stroke="#d0d0d0" stroke-width="0.5"/>
<line x1="108.44" y1="2415.44" x2="160.28" y2="2415.44" stroke="#d0d0d0" stroke-width="0.5"/>
<line x1="0" y1="2443.44" x2="65.56" y2="2443.44" stroke="#d0d0d0" stroke-width="0.5"/>
<line x1="65.56" y1="2443.44" x2="108.44" y2="2443.44" stroke="#d0d0d0" stroke-width="0.5"/>
<line x1="108.44" y1="2443.44" x2="160.28" y2="2443.44" stroke="#d0d0d0" stroke-width="0.5"/>
<line x1="0" y1="2471.44" x2="65.56" y2="2471.44" stroke="#d0d0d0" stroke-width="0.5"/>
<line x1="65.56" y1="2471.44" x2="108.44" y2="2471.44" stroke="#d0d0d0" stroke-width="0.5"/>
<line x1="108.44" y1="2471.44" x2="160.28" y2="2471.44" stroke="#d0d0d0" stroke-width="0.5"/>
<line x1="0" y1="2499.44" x2="65.56" y2="2499.44" stroke="#d0d0d0" stroke-width="0.5"/>
<line x1="65.56" y1="2499.44" x2="108.44" y2="2499.44" stroke="#d0d0d0" stroke-width="0.5"/>
<line x1="108.44" y1="2499.44" x2="160.28" y2="2499.44" stroke="#d0d0d0" stroke-width="0.5"/>
<line x1="0" y1="2527.44" x2="65.56" y2="2527.44" stroke="#d0d0d0" stroke-width="0.5"/>
<line x1="65.56" y1="2527.44" x2="108.44" y2="2527.44" stroke="#d0d0d0" stroke-width="0.5"/>
<line x1="108.44" y1="2527.44" x2="160.28" y2="2527.44" stroke="#d0d0d0" stroke-width="0.5"/>
<line x1="0" y1="2555.44" x2="65.56" y2="2555.44" stroke="#d0d0d0" stroke-width="0.5"/>
<line x1="65.56" y1="2555.44" x2="108.44" y2="2555.44" stroke="#d0d0d0" stroke-width="0.5"/>
<line x1="108.44" y1="2555.44" x2="160.28" y2="2555.44" stroke="#d0d0d0" stroke-width="0.5"/>
<line x1="0" y1="2583.44" x2="65.56" y2="2583.44" stroke="#d0d0d0" stroke-width="0.5"/>
<line x1="65.56" y1="2583.44" x2="108.44" y2="2583.44" stroke="#d0d0d0" stroke-width="0.5"/>
<line x1="108.44" y1="2583.44" x2="160.28" y2="2583.44" stroke="#d0d0d0" stroke-width="0.5"/>
<line x1="0" y1="2611.44" x2="65.56" y2="2611.44" stroke="#d0d0d0" stroke-width="0.5"/>
<line x1="65.56" y1="2611.44" x2="108.44" y2="2611.44" stroke="#d0d0d0" stroke-width="0.5"/>
<line x1="108.44" y1="2611.44" x2="160.28" y2="2611.44" stroke="#d0d0d0" stroke-width="0.5"/>
<line x1="0" y1="2639.44" x2="65.56" y2="2639.44" stroke="#d0d0d0" stroke-width="0.5"/>
<line x1="65.56" y1="2639.44" x2="108.44" y2="2639.44" stroke="#d0d0d0" stroke-width="0.5"/>
<line x1="108.44" y1="2639.44" x2="160.28" y2="2639.44" stroke="#d0d0d0" stroke-width="0.5"/>
<line x1="0" y1="2667.44" x2="65.56" y2="2667.44" stroke="#d0d0d0" stroke-width="0.5"/>
<line x1="65.56" y1="2667.44" x2="108.44" y2="2667.44" stroke="#d0d0d0" stroke-width="0.5"/>
<line x1="108.44" y1="2667.44" x2="160.28" y2="2667.44" stroke="#d0d0d0" stroke-width="0.5"/>
<line x1="0" y1="2695.44" x2="65.56" y2="2695.44" stroke="#d0d0d0" stroke-width="0.5"/>
<line x1="65.56" y1="2695.44" x2="108.44" y2="2695.44" stroke="#d0d0d0" stroke-width="0.5"/>
<line x1="108.44" y1="2695.44" x2="160.28" y2="2695.44" stroke="#d0d0d0" stroke-width="0.5"/>
<line x1="0" y1="2723.44" x2="65.56" y2="2723.44" stroke="#d0d0d0" stroke-width="0.5"/>
<line x1="65.56" y1="2723.44" x2="108.44" y2="2723.44" stroke="#d0d0d0" stroke-width="0.5"/>
<line x1="108.44" y1="2723.44" x2="160.28" y2="2723.44" stroke="#d0d0d0" stroke-width="0.5"/>
<line x1="0" y1="2751.44" x2="65.56" y2="2751.44" stroke="#d0d0d0" stroke-width="0.5"/>
<line x1="65.56" y1="2751.44" x2="108.44" y2="2751.44" stroke="#d0d0d0" stroke-width="0.5"/>
<line x1="108.44" y1="2751.44" x2="160.28" y2="2751.44" stroke="#d0d0d0" stroke-width="0.5"/>
<line x1="0" y1="2779.44" x2="65.56" y2="2779.44" stroke="#d0d0d0" stroke-width="0.5"/>
<line x1="65.56" y1="2779.44" x2="108.44" y2="2779.44" stroke="#d0d0d0" stroke-width="0.5"/>
<line x1="108.44" y1="2779.44" x2="160.28" y2="2779.44" stroke="#d0d0d0" stroke-width="0.5"/>
<line x1="0" y1="2807.44" x2="65.56" y2="2807.44" stroke="#d0d0d0" stroke-width="0.5"/>
<line x1="65.56" y1="2807.44" x2="108.44" y2="2807.44" stroke="#d0d0d0" stroke-width="0.5"/>
<line x1="108.44" y1="2807.44" x2="160.28" y2="2807.44" stroke="#d0d0d0" stroke-width="0.5"/>
<line x1="0" y1="2835.44" x2="65.56" y2="2835.44" stroke="#d0d0d0" stroke-width="0.5"/>
<line x1="65.56" y1="2835.44" x2="108.44" y2="2835.44" stroke="#d0d0d0" stroke-width="0.5"/>
<line x1="108.44" y1="2835.44" x2="160.28" y2="2835.44" stroke="#d0d0d0" stroke-width="0.5"/>
<line x1="0" y1="2863.44" x2="65.56" y2="2863.44" stroke="#d0d0d0" stroke-width="0.5"/>
<line x1="65.56" y1="2863.44" x2="108.44" y2="2863.44" stroke="#d0d0d0" stroke-width="0.5"/>
<line x1="108.44" y1="2863.44" x2="160.28" y2="2863.44" stroke="#d0d0d0" stroke-width="0.5"/>
<line x1="0" y1="63.44" x2="160.28" y2="63.44" stroke="#333333" stroke-width="1.5"/>
</svg>
