---
source: crates/gridwell-writer-svg/tests/snapshots.rs
expression: out
---
<svg xmlns="http://www.w3.org/2000/svg" width="240" height="64" viewBox="0 0 240 64">
<style>text { font-family: Arial, sans-serif; font-size: 14px; } </style>
<line x1="0" y1="28" x2="120" y2="28" stroke="#d0d0d0" stroke-width="0.5"/>
<text x="8" y="24">a</text>
<line x1="120" y1="28" x2="240" y2="28" stroke="#d0d0d0" stroke-width="0.5"/>
<text x="128" y="24">b</text>
<line x1="0" y1="56" x2="120" y2="56" stroke="#d0d0d0" stroke-width="0.5"/>
<text x="8" y="52">c</text>
<line x1="120" y1="56" x2="240" y2="56" stroke="#d0d0d0" stroke-width="0.5"/>
<text x="128" y="52">d</text>
</svg>
