---
source: crates/gridwell-writer-svg/tests/snapshots.rs
expression: out
---
<svg xmlns="http://www.w3.org/2000/svg" width="168" height="106" viewBox="0 0 168 106">
<style>text { font-family: Arial, sans-serif; font-size: 14px; }</style>
<text x="8" y="22.9" font-size="14px" xml:space="preserve"><tspan font-weight="bold">Message</tspan></text>
<text x="8" y="50.7" font-size="14px" xml:space="preserve">Status: <tspan font-weight="bold" fill="#e67e22">degraded</tspan></text>
<text x="8" y="70.3" font-size="14px" xml:space="preserve">Retry advised<tspan font-size="9.8px" baseline-shift="super">†</tspan></text>
<line x1="0" y1="32" x2="149.46" y2="32" stroke="#d0d0d0" stroke-width="0.5"/>
<line x1="0" y1="79.2" x2="149.46" y2="79.2" stroke="#d0d0d0" stroke-width="0.5"/>
<line x1="0" y1="32" x2="149.46" y2="32" stroke="#333333" stroke-width="1.5"/>
<text x="8" y="95.7" font-size="11.9px" xml:space="preserve"><tspan font-size="8.33px" baseline-shift="super">†</tspan> See runbook section 4.</text>
</svg>
