---
source: crates/gridwell-writer-svg/tests/snapshots.rs
expression: out
---
<svg xmlns="http://www.w3.org/2000/svg" width="6000" height="120" viewBox="0 0 6000 120">
<style>text { font-family: Arial, sans-serif; font-size: 14px; } </style>
<line x1="0" y1="28" x2="120" y2="28" stroke="#d0d0d0" stroke-width="0.5"/>
<text x="8" y="24" font-weight="bold">c0</text>
<line x1="120" y1="28" x2="240" y2="28" stroke="#d0d0d0" stroke-width="0.5"/>
<text x="128" y="24" font-weight="bold">c1</text>
<line x1="240" y1="28" x2="360" y2="28" stroke="#d0d0d0" stroke-width="0.5"/>
<text x="248" y="24" font-weight="bold">c2</text>
<line x1="360" y1="28" x2="480" y2="28" stroke="#d0d0d0" stroke-width="0.5"/>
<text x="368" y="24" font-weight="bold">c3</text>
<line x1="480" y1="28" x2="600" y2="28" stroke="#d0d0d0" stroke-width="0.5"/>
<text x="488" y="24" font-weight="bold">c4</text>
<line x1="600" y1="28" x2="720" y2="28" stroke="#d0d0d0" stroke-width="0.5"/>
<text x="608" y="24" font-weight="bold">c5</text>
<line x1="720" y1="28" x2="840" y2="28" stroke="#d0d0d0" stroke-width="0.5"/>
<text x="728" y="24" font-weight="bold">c6</text>
<line x1="840" y1="28" x2="960" y2="28" stroke="#d0d0d0" stroke-width="0.5"/>
<text x="848" y="24" font-weight="bold">c7</text>
<line x1="960" y1="28" x2="1080" y2="28" stroke="#d0d0d0" stroke-width="0.5"/>
<text x="968" y="24" font-weight="bold">c8</text>
<line x1="1080" y1="28" x2="1200" y2="28" stroke="#d0d0d0" stroke-width="0.5"/>
<text x="1088" y="24" font-weight="bold">c9</text>
<line x1="1200" y1="28" x2="1320" y2="28" stroke="#d0d0d0" stroke-width="0.5"/>
<text x="1208" y="24" font-weight="bold">c10</text>
<line x1="1320" y1="28" x2="1440" y2="28" stroke="#d0d0d0" stroke-width="0.5"/>
<text x="1328" y="24" font-weight="bold">c11</text>
<line x1="1440" y1="28" x2="1560" y2="28" stroke="#d0d0d0" stroke-width="0.5"/>
<text x="1448" y="24" font-weight="bold">c12</text>
<line x1="1560" y1="28" x2="1680" y2="28" stroke="#d0d0d0" stroke-width="0.5"/>
<text x="1568" y="24" font-weight="bold">c13</text>
<line x1="1680" y1="28" x2="1800" y2="28" stroke="#d0d0d0" stroke-width="0.5"/>
<text x="1688" y="24" font-weight="bold">c14</text>
<line x1="1800" y1="28" x2="1920" y2="28" stroke="#d0d0d0" stroke-width="0.5"/>
<text x="1808" y="24" font-weight="bold">c15</text>
<line x1="1920" y1="28" x2="2040" y2="28" stroke="#d0d0d0" stroke-width="0.5"/>
<text x="1928" y="24" font-weight="bold">c16</text>
<line x1="2040" y1="28" x2="2160" y2="28" stroke="#d0d0d0" stroke-width="0.5"/>
<text x="2048" y="24" font-weight="bold">c17</text>
<line x1="2160" y1="28" x2="2280" y2="28" stroke="#d0d0d0" stroke-width="0.5"/>
<text x="2168" y="24" font-weight="bold">c18</text>
<line x1="2280" y1="28" x2="2400" y2="28" stroke="#d0d0d0" stroke-width="0.5"/>
<text x="2288" y="24" font-weight="bold">c19</text>
<line x1="2400" y1="28" x2="2520" y2="28" stroke="#d0d0d0" stroke-width="0.5"/>
<text x="2408" y="24" font-weight="bold">c20</text>
<line x1="2520" y1="28" x2="2640" y2="28" stroke="#d0d0d0" stroke-width="0.5"/>
<text x="2528" y="24" font-weight="bold">c21</text>
<line x1="2640" y1="28" x2="2760" y2="28" stroke="#d0d0d0" stroke-width="0.5"/>
<text x="2648" y="24" font-weight="bold">c22</text>
<line x1="2760" y1="28" x2="2880" y2="28" stroke="#d0d0d0" stroke-width="0.5"/>
<text x="2768" y="24" font-weight="bold">c23</text>
<line x1="2880" y1="28" x2="3000" y2="28" stroke="#d0d0d0" stroke-width="0.5"/>
<text x="2888" y="24" font-weight="bold">c24</text>
<line x1="3000" y1="28" x2="3120" y2="28" stroke="#d0d0d0" stroke-width="0.5"/>
<text x="3008" y="24" font-weight="bold">c25</text>
<line x1="3120" y1="28" x2="3240" y2="28" stroke="#d0d0d0" stroke-width="0.5"/>
<text x="3128" y="24" font-weight="bold">c26</text>
<line x1="3240" y1="28" x2="3360" y2="28" stroke="#d0d0d0" stroke-width="0.5"/>
<text x="3248" y="24" font-weight="bold">c27</text>
<line x1="3360" y1="28" x2="3480" y2="28" stroke="#d0d0d0" stroke-width="0.5"/>
<text x="3368" y="24" font-weight="bold">c28</text>
<line x1="3480" y1="28" x2="3600" y2="28" stroke="#d0d0d0" stroke-width="0.5"/>
<text x="3488" y="24" font-weight="bold">c29</text>
<line x1="3600" y1="28" x2="3720" y2="28" stroke="#d0d0d0" stroke-width="0.5"/>
<text x="3608" y="24" font-weight="bold">c30</text>
<line x1="3720" y1="28" x2="3840" y2="28" stroke="#d0d0d0" stroke-width="0.5"/>
<text x="3728" y="24" font-weight="bold">c31</text>
<line x1="3840" y1="28" x2="3960" y2="28" stroke="#d0d0d0" stroke-width="0.5"/>
<text x="3848" y="24" font-weight="bold">c32</text>
<line x1="3960" y1="28" x2="4080" y2="28" stroke="#d0d0d0" stroke-width="0.5"/>
<text x="3968" y="24" font-weight="bold">c33</text>
<line x1="4080" y1="28" x2="4200" y2="28" stroke="#d0d0d0" stroke-width="0.5"/>
<text x="4088" y="24" font-weight="bold">c34</text>
<line x1="4200" y1="28" x2="4320" y2="28" stroke="#d0d0d0" stroke-width="0.5"/>
<text x="4208" y="24" font-weight="bold">c35</text>
<line x1="4320" y1="28" x2="4440" y2="28" stroke="#d0d0d0" stroke-width="0.5"/>
<text x="4328" y="24" font-weight="bold">c36</text>
<line x1="4440" y1="28" x2="4560" y2="28" stroke="#d0d0d0" stroke-width="0.5"/>
<text x="4448" y="24" font-weight="bold">c37</text>
<line x1="4560" y1="28" x2="4680" y2="28" stroke="#d0d0d0" stroke-width="0.5"/>
<text x="4568" y="24" font-weight="bold">c38</text>
<line x1="4680" y1="28" x2="4800" y2="28" stroke="#d0d0d0" stroke-width="0.5"/>
<text x="4688" y="24" font-weight="bold">c39</text>
<line x1="4800" y1="28" x2="4920" y2="28" stroke="#d0d0d0" stroke-width="0.5"/>
<text x="4808" y="24" font-weight="bold">c40</text>
<line x1="4920" y1="28" x2="5040" y2="28" stroke="#d0d0d0" stroke-width="0.5"/>
<text x="4928" y="24" font-weight="bold">c41</text>
<line x1="5040" y1="28" x2="5160" y2="28" stroke="#d0d0d0" stroke-width="0.5"/>
<text x="5048" y="24" font-weight="bold">c42</text>
<line x1="5160" y1="28" x2="5280" y2="28" stroke="#d0d0d0" stroke-width="0.5"/>
<text x="5168" y="24" font-weight="bold">c43</text>
<line x1="5280" y1="28" x2="5400" y2="28" stroke="#d0d0d0" stroke-width="0.5"/>
<text x="5288" y="24" font-weight="bold">c44</text>
<line x1="5400" y1="28" x2="5520" y2="28" stroke="#d0d0d0" stroke-width="0.5"/>
<text x="5408" y="24" font-weight="bold">c45</text>
<line x1="5520" y1="28" x2="5640" y2="28" stroke="#d0d0d0" stroke-width="0.5"/>
<text x="5528" y="24" font-weight="bold">c46</text>
<line x1="5640" y1="28" x2="5760" y2="28" stroke="#d0d0d0" stroke-width="0.5"/>
<text x="5648" y="24" font-weight="bold">c47</text>
<line x1="5760" y1="28" x2="5880" y2="28" stroke="#d0d0d0" stroke-width="0.5"/>
<text x="5768" y="24" font-weight="bold">c48</text>
<line x1="5880" y1="28" x2="6000" y2="28" stroke="#d0d0d0" stroke-width="0.5"/>
<text x="5888" y="24" font-weight="bold">c49</text>
<line x1="0" y1="28" x2="6000" y2="28" stroke="#333333" stroke-width="1.5"/>
<line x1="0" y1="56" x2="120" y2="56" stroke="#d0d0d0" stroke-width="0.5"/>
<text x="8" y="52">0</text>
<line x1="120" y1="56" x2="240" y2="56" stroke="#d0d0d0" stroke-width="0.5"/>
<text x="128" y="52">1</text>
<line x1="240" y1="56" x2="360" y2="56" stroke="#d0d0d0" stroke-width="0.5"/>
<text x="248" y="52">2</text>
<line x1="360" y1="56" x2="480" y2="56" stroke="#d0d0d0" stroke-width="0.5"/>
<text x="368" y="52">3</text>
<line x1="480" y1="56" x2="600" y2="56" stroke="#d0d0d0" stroke-width="0.5"/>
<text x="488" y="52">4</text>
<line x1="600" y1="56" x2="720" y2="56" stroke="#d0d0d0" stroke-width="0.5"/>
<text x="608" y="52">5</text>
<line x1="720" y1="56" x2="840" y2="56" stroke="#d0d0d0" stroke-width="0.5"/>
<text x="728" y="52">6</text>
<line x1="840" y1="56" x2="960" y2="56" stroke="#d0d0d0" stroke-width="0.5"/>
<text x="848" y="52">7</text>
<line x1="960" y1="56" x2="1080" y2="56" stroke="#d0d0d0" stroke-width="0.5"/>
<text x="968" y="52">8</text>
<line x1="1080" y1="56" x2="1200" y2="56" stroke="#d0d0d0" stroke-width="0.5"/>
<text x="1088" y="52">9</text>
<line x1="1200" y1="56" x2="1320" y2="56" stroke="#d0d0d0" stroke-width="0.5"/>
<text x="1208" y="52">10</text>
<line x1="1320" y1="56" x2="1440" y2="56" stroke="#d0d0d0" stroke-width="0.5"/>
<text x="1328" y="52">11</text>
<line x1="1440" y1="56" x2="1560" y2="56" stroke="#d0d0d0" stroke-width="0.5"/>
<text x="1448" y="52">12</text>
<line x1="1560" y1="56" x2="1680" y2="56" stroke="#d0d0d0" stroke-width="0.5"/>
<text x="1568" y="52">13</text>
<line x1="1680" y1="56" x2="1800" y2="56" stroke="#d0d0d0" stroke-width="0.5"/>
<text x="1688" y="52">14</text>
<line x1="1800" y1="56" x2="1920" y2="56" stroke="#d0d0d0" stroke-width="0.5"/>
<text x="1808" y="52">15</text>
<line x1="1920" y1="56" x2="2040" y2="56" stroke="#d0d0d0" stroke-width="0.5"/>
<text x="1928" y="52">16</text>
<line x1="2040" y1="56" x2="2160" y2="56" stroke="#d0d0d0" stroke-width="0.5"/>
<text x="2048" y="52">17</text>
<line x1="2160" y1="56" x2="2280" y2="56" stroke="#d0d0d0" stroke-width="0.5"/>
<text x="2168" y="52">18</text>
<line x1="2280" y1="56" x2="2400" y2="56" stroke="#d0d0d0" stroke-width="0.5"/>
<text x="2288" y="52">19</text>
<line x1="2400" y1="56" x2="2520" y2="56" stroke="#d0d0d0" stroke-width="0.5"/>
<text x="2408" y="52">20</text>
<line x1="2520" y1="56" x2="2640" y2="56" stroke="#d0d0d0" stroke-width="0.5"/>
<text x="2528" y="52">21</text>
<line x1="2640" y1="56" x2="2760" y2="56" stroke="#d0d0d0" stroke-width="0.5"/>
<text x="2648" y="52">22</text>
<line x1="2760" y1="56" x2="2880" y2="56" stroke="#d0d0d0" stroke-width="0.5"/>
<text x="2768" y="52">23</text>
<line x1="2880" y1="56" x2="3000" y2="56" stroke="#d0d0d0" stroke-width="0.5"/>
<text x="2888" y="52">24</text>
<line x1="3000" y1="56" x2="3120" y2="56" stroke="#d0d0d0" stroke-width="0.5"/>
<text x="3008" y="52">25</text>
<line x1="3120" y1="56" x2="3240" y2="56" stroke="#d0d0d0" stroke-width="0.5"/>
<text x="3128" y="52">26</text>
<line x1="3240" y1="56" x2="3360" y2="56" stroke="#d0d0d0" stroke-width="0.5"/>
<text x="3248" y="52">27</text>
<line x1="3360" y1="56" x2="3480" y2="56" stroke="#d0d0d0" stroke-width="0.5"/>
<text x="3368" y="52">28</text>
<line x1="3480" y1="56" x2="3600" y2="56" stroke="#d0d0d0" stroke-width="0.5"/>
<text x="3488" y="52">29</text>
<line x1="3600" y1="56" x2="3720" y2="56" stroke="#d0d0d0" stroke-width="0.5"/>
<text x="3608" y="52">30</text>
<line x1="3720" y1="56" x2="3840" y2="56" stroke="#d0d0d0" stroke-width="0.5"/>
<text x="3728" y="52">31</text>
<line x1="3840" y1="56" x2="3960" y2="56" stroke="#d0d0d0" stroke-width="0.5"/>
<text x="3848" y="52">32</text>
<line x1="3960" y1="56" x2="4080" y2="56" stroke="#d0d0d0" stroke-width="0.5"/>
<text x="3968" y="52">33</text>
<line x1="4080" y1="56" x2="4200" y2="56" stroke="#d0d0d0" stroke-width="0.5"/>
<text x="4088" y="52">34</text>
<line x1="4200" y1="56" x2="4320" y2="56" stroke="#d0d0d0" stroke-width="0.5"/>
<text x="4208" y="52">35</text>
<line x1="4320" y1="56" x2="4440" y2="56" stroke="#d0d0d0" stroke-width="0.5"/>
<text x="4328" y="52">36</text>
<line x1="4440" y1="56" x2="4560" y2="56" stroke="#d0d0d0" stroke-width="0.5"/>
<text x="4448" y="52">37</text>
<line x1="4560" y1="56" x2="4680" y2="56" stroke="#d0d0d0" stroke-width="0.5"/>
<text x="4568" y="52">38</text>
<line x1="4680" y1="56" x2="4800" y2="56" stroke="#d0d0d0" stroke-width="0.5"/>
<text x="4688" y="52">39</text>
<line x1="4800" y1="56" x2="4920" y2="56" stroke="#d0d0d0" stroke-width="0.5"/>
<text x="4808" y="52">40</text>
<line x1="4920" y1="56" x2="5040" y2="56" stroke="#d0d0d0" stroke-width="0.5"/>
<text x="4928" y="52">41</text>
<line x1="5040" y1="56" x2="5160" y2="56" stroke="#d0d0d0" stroke-width="0.5"/>
<text x="5048" y="52">42</text>
<line x1="5160" y1="56" x2="5280" y2="56" stroke="#d0d0d0" stroke-width="0.5"/>
<text x="5168" y="52">43</text>
<line x1="5280" y1="56" x2="5400" y2="56" stroke="#d0d0d0" stroke-width="0.5"/>
<text x="5288" y="52">44</text>
<line x1="5400" y1="56" x2="5520" y2="56" stroke="#d0d0d0" stroke-width="0.5"/>
<text x="5408" y="52">45</text>
<line x1="5520" y1="56" x2="5640" y2="56" stroke="#d0d0d0" stroke-width="0.5"/>
<text x="5528" y="52">46</text>
<line x1="5640" y1="56" x2="5760" y2="56" stroke="#d0d0d0" stroke-width="0.5"/>
<text x="5648" y="52">47</text>
<line x1="5760" y1="56" x2="5880" y2="56" stroke="#d0d0d0" stroke-width="0.5"/>
<text x="5768" y="52">48</text>
<line x1="5880" y1="56" x2="6000" y2="56" stroke="#d0d0d0" stroke-width="0.5"/>
<text x="5888" y="52">49</text>
<line x1="0" y1="84" x2="120" y2="84" stroke="#d0d0d0" stroke-width="0.5"/>
<text x="8" y="80">100</text>
<line x1="120" y1="84" x2="240" y2="84" stroke="#d0d0d0" stroke-width="0.5"/>
<text x="128" y="80">101</text>
<line x1="240" y1="84" x2="360" y2="84" stroke="#d0d0d0" stroke-width="0.5"/>
<text x="248" y="80">102</text>
<line x1="360" y1="84" x2="480" y2="84" stroke="#d0d0d0" stroke-width="0.5"/>
<text x="368" y="80">103</text>
<line x1="480" y1="84" x2="600" y2="84" stroke="#d0d0d0" stroke-width="0.5"/>
<text x="488" y="80">104</text>
<line x1="600" y1="84" x2="720" y2="84" stroke="#d0d0d0" stroke-width="0.5"/>
<text x="608" y="80">105</text>
<line x1="720" y1="84" x2="840" y2="84" stroke="#d0d0d0" stroke-width="0.5"/>
<text x="728" y="80">106</text>
<line x1="840" y1="84" x2="960" y2="84" stroke="#d0d0d0" stroke-width="0.5"/>
<text x="848" y="80">107</text>
<line x1="960" y1="84" x2="1080" y2="84" stroke="#d0d0d0" stroke-width="0.5"/>
<text x="968" y="80">108</text>
<line x1="1080" y1="84" x2="1200" y2="84" stroke="#d0d0d0" stroke-width="0.5"/>
<text x="1088" y="80">109</text>
<line x1="1200" y1="84" x2="1320" y2="84" stroke="#d0d0d0" stroke-width="0.5"/>
<text x="1208" y="80">110</text>
<line x1="1320" y1="84" x2="1440" y2="84" stroke="#d0d0d0" stroke-width="0.5"/>
<text x="1328" y="80">111</text>
<line x1="1440" y1="84" x2="1560" y2="84" stroke="#d0d0d0" stroke-width="0.5"/>
<text x="1448" y="80">112</text>
<line x1="1560" y1="84" x2="1680" y2="84" stroke="#d0d0d0" stroke-width="0.5"/>
<text x="1568" y="80">113</text>
<line x1="1680" y1="84" x2="1800" y2="84" stroke="#d0d0d0" stroke-width="0.5"/>
<text x="1688" y="80">114</text>
<line x1="1800" y1="84" x2="1920" y2="84" stroke="#d0d0d0" stroke-width="0.5"/>
<text x="1808" y="80">115</text>
<line x1="1920" y1="84" x2="2040" y2="84" stroke="#d0d0d0" stroke-width="0.5"/>
<text x="1928" y="80">116</text>
<line x1="2040" y1="84" x2="2160" y2="84" stroke="#d0d0d0" stroke-width="0.5"/>
<text x="2048" y="80">117</text>
<line x1="2160" y1="84" x2="2280" y2="84" stroke="#d0d0d0" stroke-width="0.5"/>
<text x="2168" y="80">118</text>
<line x1="2280" y1="84" x2="2400" y2="84" stroke="#d0d0d0" stroke-width="0.5"/>
<text x="2288" y="80">119</text>
<line x1="2400" y1="84" x2="2520" y2="84" stroke="#d0d0d0" stroke-width="0.5"/>
<text x="2408" y="80">120</text>
<line x1="2520" y1="84" x2="2640" y2="84" stroke="#d0d0d0" stroke-width="0.5"/>
<text x="2528" y="80">121</text>
<line x1="2640" y1="84" x2="2760" y2="84" stroke="#d0d0d0" stroke-width="0.5"/>
<text x="2648" y="80">122</text>
<line x1="2760" y1="84" x2="2880" y2="84" stroke="#d0d0d0" stroke-width="0.5"/>
<text x="2768" y="80">123</text>
<line x1="2880" y1="84" x2="3000" y2="84" stroke="#d0d0d0" stroke-width="0.5"/>
<text x="2888" y="80">124</text>
<line x1="3000" y1="84" x2="3120" y2="84" stroke="#d0d0d0" stroke-width="0.5"/>
<text x="3008" y="80">125</text>
<line x1="3120" y1="84" x2="3240" y2="84" stroke="#d0d0d0" stroke-width="0.5"/>
<text x="3128" y="80">126</text>
<line x1="3240" y1="84" x2="3360" y2="84" stroke="#d0d0d0" stroke-width="0.5"/>
<text x="3248" y="80">127</text>
<line x1="3360" y1="84" x2="3480" y2="84" stroke="#d0d0d0" stroke-width="0.5"/>
<text x="3368" y="80">128</text>
<line x1="3480" y1="84" x2="3600" y2="84" stroke="#d0d0d0" stroke-width="0.5"/>
<text x="3488" y="80">129</text>
<line x1="3600" y1="84" x2="3720" y2="84" stroke="#d0d0d0" stroke-width="0.5"/>
<text x="3608" y="80">130</text>
<line x1="3720" y1="84" x2="3840" y2="84" stroke="#d0d0d0" stroke-width="0.5"/>
<text x="3728" y="80">131</text>
<line x1="3840" y1="84" x2="3960" y2="84" stroke="#d0d0d0" stroke-width="0.5"/>
<text x="3848" y="80">132</text>
<line x1="3960" y1="84" x2="4080" y2="84" stroke="#d0d0d0" stroke-width="0.5"/>
<text x="3968" y="80">133</text>
<line x1="4080" y1="84" x2="4200" y2="84" stroke="#d0d0d0" stroke-width="0.5"/>
<text x="4088" y="80">134</text>
<line x1="4200" y1="84" x2="4320" y2="84" stroke="#d0d0d0" stroke-width="0.5"/>
<text x="4208" y="80">135</text>
<line x1="4320" y1="84" x2="4440" y2="84" stroke="#d0d0d0" stroke-width="0.5"/>
<text x="4328" y="80">136</text>
<line x1="4440" y1="84" x2="4560" y2="84" stroke="#d0d0d0" stroke-width="0.5"/>
<text x="4448" y="80">137</text>
<line x1="4560" y1="84" x2="4680" y2="84" stroke="#d0d0d0" stroke-width="0.5"/>
<text x="4568" y="80">138</text>
<line x1="4680" y1="84" x2="4800" y2="84" stroke="#d0d0d0" stroke-width="0.5"/>
<text x="4688" y="80">139</text>
<line x1="4800" y1="84" x2="4920" y2="84" stroke="#d0d0d0" stroke-width="0.5"/>
<text x="4808" y="80">140</text>
<line x1="4920" y1="84" x2="5040" y2="84" stroke="#d0d0d0" stroke-width="0.5"/>
<text x="4928" y="80">141</text>
<line x1="5040" y1="84" x2="5160" y2="84" stroke="#d0d0d0" stroke-width="0.5"/>
<text x="5048" y="80">142</text>
<line x1="5160" y1="84" x2="5280" y2="84" stroke="#d0d0d0" stroke-width="0.5"/>
<text x="5168" y="80">143</text>
<line x1="5280" y1="84" x2="5400" y2="84" stroke="#d0d0d0" stroke-width="0.5"/>
<text x="5288" y="80">144</text>
<line x1="5400" y1="84" x2="5520" y2="84" stroke="#d0d0d0" stroke-width="0.5"/>
<text x="5408" y="80">145</text>
<line x1="5520" y1="84" x2="5640" y2="84" stroke="#d0d0d0" stroke-width="0.5"/>
<text x="5528" y="80">146</text>
<line x1="5640" y1="84" x2="5760" y2="84" stroke="#d0d0d0" stroke-width="0.5"/>
<text x="5648" y="80">147</text>
<line x1="5760" y1="84" x2="5880" y2="84" stroke="#d0d0d0" stroke-width="0.5"/>
<text x="5768" y="80">148</text>
<line x1="5880" y1="84" x2="6000" y2="84" stroke="#d0d0d0" stroke-width="0.5"/>
<text x="5888" y="80">149</text>
<line x1="0" y1="112" x2="120" y2="112" stroke="#d0d0d0" stroke-width="0.5"/>
<text x="8" y="108">200</text>
<line x1="120" y1="112" x2="240" y2="112" stroke="#d0d0d0" stroke-width="0.5"/>
<text x="128" y="108">201</text>
<line x1="240" y1="112" x2="360" y2="112" stroke="#d0d0d0" stroke-width="0.5"/>
<text x="248" y="108">202</text>
<line x1="360" y1="112" x2="480" y2="112" stroke="#d0d0d0" stroke-width="0.5"/>
<text x="368" y="108">203</text>
<line x1="480" y1="112" x2="600" y2="112" stroke="#d0d0d0" stroke-width="0.5"/>
<text x="488" y="108">204</text>
<line x1="600" y1="112" x2="720" y2="112" stroke="#d0d0d0" stroke-width="0.5"/>
<text x="608" y="108">205</text>
<line x1="720" y1="112" x2="840" y2="112" stroke="#d0d0d0" stroke-width="0.5"/>
<text x="728" y="108">206</text>
<line x1="840" y1="112" x2="960" y2="112" stroke="#d0d0d0" stroke-width="0.5"/>
<text x="848" y="108">207</text>
<line x1="960" y1="112" x2="1080" y2="112" stroke="#d0d0d0" stroke-width="0.5"/>
<text x="968" y="108">208</text>
<line x1="1080" y1="112" x2="1200" y2="112" stroke="#d0d0d0" stroke-width="0.5"/>
<text x="1088" y="108">209</text>
<line x1="1200" y1="112" x2="1320" y2="112" stroke="#d0d0d0" stroke-width="0.5"/>
<text x="1208" y="108">210</text>
<line x1="1320" y1="112" x2="1440" y2="112" stroke="#d0d0d0" stroke-width="0.5"/>
<text x="1328" y="108">211</text>
<line x1="1440" y1="112" x2="1560" y2="112" stroke="#d0d0d0" stroke-width="0.5"/>
<text x="1448" y="108">212</text>
<line x1="1560" y1="112" x2="1680" y2="112" stroke="#d0d0d0" stroke-width="0.5"/>
<text x="1568" y="108">213</text>
<line x1="1680" y1="112" x2="1800" y2="112" stroke="#d0d0d0" stroke-width="0.5"/>
<text x="1688" y="108">214</text>
<line x1="1800" y1="112" x2="1920" y2="112" stroke="#d0d0d0" stroke-width="0.5"/>
<text x="1808" y="108">215</text>
<line x1="1920" y1="112" x2="2040" y2="112" stroke="#d0d0d0" stroke-width="0.5"/>
<text x="1928" y="108">216</text>
<line x1="2040" y1="112" x2="2160" y2="112" stroke="#d0d0d0" stroke-width="0.5"/>
<text x="2048" y="108">217</text>
<line x1="2160" y1="112" x2="2280" y2="112" stroke="#d0d0d0" stroke-width="0.5"/>
<text x="2168" y="108">218</text>
<line x1="2280" y1="112" x2="2400" y2="112" stroke="#d0d0d0" stroke-width="0.5"/>
<text x="2288" y="108">219</text>
<line x1="2400" y1="112" x2="2520" y2="112" stroke="#d0d0d0" stroke-width="0.5"/>
<text x="2408" y="108">220</text>
<line x1="2520" y1="112" x2="2640" y2="112" stroke="#d0d0d0" stroke-width="0.5"/>
<text x="2528" y="108">221</text>
<line x1="2640" y1="112" x2="2760" y2="112" stroke="#d0d0d0" stroke-width="0.5"/>
<text x="2648" y="108">222</text>
<line x1="2760" y1="112" x2="2880" y2="112" stroke="#d0d0d0" stroke-width="0.5"/>
<text x="2768" y="108">223</text>
<line x1="2880" y1="112" x2="3000" y2="112" stroke="#d0d0d0" stroke-width="0.5"/>
<text x="2888" y="108">224</text>
<line x1="3000" y1="112" x2="3120" y2="112" stroke="#d0d0d0" stroke-width="0.5"/>
<text x="3008" y="108">225</text>
<line x1="3120" y1="112" x2="3240" y2="112" stroke="#d0d0d0" stroke-width="0.5"/>
<text x="3128" y="108">226</text>
<line x1="3240" y1="112" x2="3360" y2="112" stroke="#d0d0d0" stroke-width="0.5"/>
<text x="3248" y="108">227</text>
<line x1="3360" y1="112" x2="3480" y2="112" stroke="#d0d0d0" stroke-width="0.5"/>
<text x="3368" y="108">228</text>
<line x1="3480" y1="112" x2="3600" y2="112" stroke="#d0d0d0" stroke-width="0.5"/>
<text x="3488" y="108">229</text>
<line x1="3600" y1="112" x2="3720" y2="112" stroke="#d0d0d0" stroke-width="0.5"/>
<text x="3608" y="108">230</text>
<line x1="3720" y1="112" x2="3840" y2="112" stroke="#d0d0d0" stroke-width="0.5"/>
<text x="3728" y="108">231</text>
<line x1="3840" y1="112" x2="3960" y2="112" stroke="#d0d0d0" stroke-width="0.5"/>
<text x="3848" y="108">232</text>
<line x1="3960" y1="112" x2="4080" y2="112" stroke="#d0d0d0" stroke-width="0.5"/>
<text x="3968" y="108">233</text>
<line x1="4080" y1="112" x2="4200" y2="112" stroke="#d0d0d0" stroke-width="0.5"/>
<text x="4088" y="108">234</text>
<line x1="4200" y1="112" x2="4320" y2="112" stroke="#d0d0d0" stroke-width="0.5"/>
<text x="4208" y="108">235</text>
<line x1="4320" y1="112" x2="4440" y2="112" stroke="#d0d0d0" stroke-width="0.5"/>
<text x="4328" y="108">236</text>
<line x1="4440" y1="112" x2="4560" y2="112" stroke="#d0d0d0" stroke-width="0.5"/>
<text x="4448" y="108">237</text>
<line x1="4560" y1="112" x2="4680" y2="112" stroke="#d0d0d0" stroke-width="0.5"/>
<text x="4568" y="108">238</text>
<line x1="4680" y1="112" x2="4800" y2="112" stroke="#d0d0d0" stroke-width="0.5"/>
<text x="4688" y="108">239</text>
<line x1="4800" y1="112" x2="4920" y2="112" stroke="#d0d0d0" stroke-width="0.5"/>
<text x="4808" y="108">240</text>
<line x1="4920" y1="112" x2="5040" y2="112" stroke="#d0d0d0" stroke-width="0.5"/>
<text x="4928" y="108">241</text>
<line x1="5040" y1="112" x2="5160" y2="112" stroke="#d0d0d0" stroke-width="0.5"/>
<text x="5048" y="108">242</text>
<line x1="5160" y1="112" x2="5280" y2="112" stroke="#d0d0d0" stroke-width="0.5"/>
<text x="5168" y="108">243</text>
<line x1="5280" y1="112" x2="5400" y2="112" stroke="#d0d0d0" stroke-width="0.5"/>
<text x="5288" y="108">244</text>
<line x1="5400" y1="112" x2="5520" y2="112" stroke="#d0d0d0" stroke-width="0.5"/>
<text x="5408" y="108">245</text>
<line x1="5520" y1="112" x2="5640" y2="112" stroke="#d0d0d0" stroke-width="0.5"/>
<text x="5528" y="108">246</text>
<line x1="5640" y1="112" x2="5760" y2="112" stroke="#d0d0d0" stroke-width="0.5"/>
<text x="5648" y="108">247</text>
<line x1="5760" y1="112" x2="5880" y2="112" stroke="#d0d0d0" stroke-width="0.5"/>
<text x="5768" y="108">248</text>
<line x1="5880" y1="112" x2="6000" y2="112" stroke="#d0d0d0" stroke-width="0.5"/>
<text x="5888" y="108">249</text>
</svg>
