---
source: crates/gridwell-writer-svg/tests/snapshots.rs
expression: out
---
<svg xmlns="http://www.w3.org/2000/svg" width="480" height="120" viewBox="0 0 480 120">
<style>text { font-family: Arial, sans-serif; font-size: 14px; } </style>
<line x1="0" y1="28" x2="240" y2="28" stroke="#d0d0d0" stroke-width="0.5"/>
<text x="8" y="24" font-weight="bold">Group A</text>
<line x1="360" y1="28" x2="480" y2="28" stroke="#d0d0d0" stroke-width="0.5"/>
<text x="368" y="24" font-weight="bold">Group B</text>
<line x1="0" y1="28" x2="480" y2="28" stroke="#333333" stroke-width="1.5"/>
<line x1="0" y1="56" x2="120" y2="56" stroke="#d0d0d0" stroke-width="0.5"/>
<text x="8" y="52" font-weight="bold">A1</text>
<line x1="120" y1="56" x2="240" y2="56" stroke="#d0d0d0" stroke-width="0.5"/>
<text x="128" y="52" font-weight="bold">A2</text>
<line x1="240" y1="56" x2="360" y2="56" stroke="#d0d0d0" stroke-width="0.5"/>
<text x="248" y="52" font-weight="bold">B1</text>
<line x1="360" y1="56" x2="480" y2="56" stroke="#d0d0d0" stroke-width="0.5"/>
<text x="368" y="52" font-weight="bold">B2</text>
<line x1="0" y1="56" x2="480" y2="56" stroke="#333333" stroke-width="1.5"/>
<line x1="0" y1="84" x2="120" y2="84" stroke="#d0d0d0" stroke-width="0.5"/>
<text x="8" y="80">1</text>
<line x1="120" y1="84" x2="240" y2="84" stroke="#d0d0d0" stroke-width="0.5"/>
<text x="128" y="80">2</text>
<line x1="240" y1="84" x2="360" y2="84" stroke="#d0d0d0" stroke-width="0.5"/>
<text x="248" y="80">3</text>
<line x1="360" y1="84" x2="480" y2="84" stroke="#d0d0d0" stroke-width="0.5"/>
<text x="368" y="80">4</text>
<line x1="0" y1="112" x2="120" y2="112" stroke="#d0d0d0" stroke-width="0.5"/>
<text x="8" y="108">5</text>
<line x1="120" y1="112" x2="240" y2="112" stroke="#d0d0d0" stroke-width="0.5"/>
<text x="128" y="108">6</text>
<line x1="240" y1="112" x2="360" y2="112" stroke="#d0d0d0" stroke-width="0.5"/>
<text x="248" y="108">7</text>
<line x1="360" y1="112" x2="480" y2="112" stroke="#d0d0d0" stroke-width="0.5"/>
<text x="368" y="108">8</text>
</svg>
