---
source: crates/gridwell-writer-docx/tests/snapshots.rs
expression: xml
---
<?xml version="1.0" encoding="UTF-8" standalone="yes"?>
<w:document xmlns:w="http://schemas.openxmlformats.org/wordprocessingml/2006/main" xmlns:r="http://schemas.openxmlformats.org/officeDocument/2006/relationships">
<w:body>
<w:tbl>
<w:tblPr><w:tblStyle w:val="TableGrid"/><w:tblW w:w="4320" w:type="dxa"/><w:tblBorders><w:top w:val="single" w:sz="4" w:space="0" w:color="auto"/><w:left w:val="single" w:sz="4" w:space="0" w:color="auto"/><w:bottom w:val="single" w:sz="4" w:space="0" w:color="auto"/><w:right w:val="single" w:sz="4" w:space="0" w:color="auto"/><w:insideH w:val="single" w:sz="4" w:space="0" w:color="auto"/><w:insideV w:val="single" w:sz="4" w:space="0" w:color="auto"/></w:tblBorders><w:tblLook w:val="04A0"/></w:tblPr>
<w:tblGrid><w:gridCol w:w="2160"/><w:gridCol w:w="2160"/></w:tblGrid>
<w:tr><w:trPr><w:tblHeader/></w:trPr><w:tc><w:tcPr><w:tcW w:w="2160" w:type="dxa"/></w:tcPr><w:p><w:r><w:rPr><w:b/></w:rPr><w:t xml:space="preserve">Format</w:t></w:r></w:p></w:tc><w:tc><w:tcPr><w:tcW w:w="2160" w:type="dxa"/></w:tcPr><w:p><w:r><w:rPr><w:b/></w:rPr><w:t xml:space="preserve">Sample</w:t></w:r></w:p></w:tc></w:tr>
<w:tr><w:tc><w:tcPr><w:tcW w:w="2160" w:type="dxa"/></w:tcPr><w:p><w:r><w:t xml:space="preserve">underline</w:t></w:r></w:p></w:tc><w:tc><w:tcPr><w:tcW w:w="2160" w:type="dxa"/></w:tcPr><w:p><w:r><w:rPr><w:u w:val="single"/></w:rPr><w:t xml:space="preserve">Underlined</w:t></w:r></w:p></w:tc></w:tr>
<w:tr><w:tc><w:tcPr><w:tcW w:w="2160" w:type="dxa"/></w:tcPr><w:p><w:r><w:t xml:space="preserve">line-through</w:t></w:r></w:p></w:tc><w:tc><w:tcPr><w:tcW w:w="2160" w:type="dxa"/></w:tcPr><w:p><w:r><w:rPr><w:strike/></w:rPr><w:t xml:space="preserve">Struck out</w:t></w:r></w:p></w:tc></w:tr>
<w:tr><w:tc><w:tcPr><w:tcW w:w="2160" w:type="dxa"/></w:tcPr><w:p><w:r><w:t xml:space="preserve">18px</w:t></w:r></w:p></w:tc><w:tc><w:tcPr><w:tcW w:w="2160" w:type="dxa"/></w:tcPr><w:p><w:r><w:rPr><w:sz w:val="27"/><w:szCs w:val="27"/></w:rPr><w:t xml:space="preserve">Larger text</w:t></w:r></w:p></w:tc></w:tr>
<w:tr><w:tc><w:tcPr><w:tcW w:w="2160" w:type="dxa"/></w:tcPr><w:p><w:r><w:t xml:space="preserve">smaller</w:t></w:r></w:p></w:tc><w:tc><w:tcPr><w:tcW w:w="2160" w:type="dxa"/></w:tcPr><w:p><w:r><w:rPr><w:sz w:val="18"/><w:szCs w:val="18"/></w:rPr><w:t xml:space="preserve">Smaller text</w:t></w:r></w:p></w:tc></w:tr>
<w:tr><w:tc><w:tcPr><w:tcW w:w="2160" w:type="dxa"/></w:tcPr><w:p><w:r><w:t xml:space="preserve">inline</w:t></w:r></w:p></w:tc><w:tc><w:tcPr><w:tcW w:w="2160" w:type="dxa"/></w:tcPr><w:p><w:r><w:t xml:space="preserve">Plain, </w:t></w:r><w:r><w:rPr><w:u w:val="single"/></w:rPr><w:t xml:space="preserve">underlined</w:t></w:r><w:r><w:t xml:space="preserve">, </w:t></w:r><w:r><w:rPr><w:strike/></w:rPr><w:t xml:space="preserve">struck</w:t></w:r><w:r><w:t xml:space="preserve"> and </w:t></w:r><w:r><w:rPr><w:sz w:val="27"/><w:szCs w:val="27"/></w:rPr><w:t xml:space="preserve">large</w:t></w:r></w:p></w:tc></w:tr>
</w:tbl>
</w:body>
</w:document>
