---
source: crates/gridwell-writer-docx/tests/snapshots.rs
expression: "render_xml(\"minimal/colspan_basic.json\")"
---
<?xml version="1.0" encoding="UTF-8" standalone="yes"?>
<w:document xmlns:w="http://schemas.openxmlformats.org/wordprocessingml/2006/main" xmlns:r="http://schemas.openxmlformats.org/officeDocument/2006/relationships">
<w:body>
<w:tbl>
<w:tblPr><w:tblStyle w:val="TableGrid"/><w:tblW w:w="6480" w:type="dxa"/><w:tblBorders><w:top w:val="single" w:sz="4" w:space="0" w:color="auto"/><w:left w:val="single" w:sz="4" w:space="0" w:color="auto"/><w:bottom w:val="single" w:sz="4" w:space="0" w:color="auto"/><w:right w:val="single" w:sz="4" w:space="0" w:color="auto"/><w:insideH w:val="single" w:sz="4" w:space="0" w:color="auto"/><w:insideV w:val="single" w:sz="4" w:space="0" w:color="auto"/></w:tblBorders><w:tblLook w:val="04A0"/></w:tblPr>
<w:tblGrid><w:gridCol w:w="2160"/><w:gridCol w:w="2160"/><w:gridCol w:w="2160"/></w:tblGrid>
<w:tr><w:trPr><w:tblHeader/></w:trPr><w:tc><w:tcPr><w:tcW w:w="2160" w:type="dxa"/></w:tcPr><w:p></w:p></w:tc><w:tc><w:tcPr><w:tcW w:w="4320" w:type="dxa"/><w:gridSpan w:val="2"/></w:tcPr><w:p><w:r><w:rPr><w:b/></w:rPr><w:t xml:space="preserve">Scores</w:t></w:r></w:p></w:tc></w:tr>
<w:tr><w:trPr><w:tblHeader/></w:trPr><w:tc><w:tcPr><w:tcW w:w="2160" w:type="dxa"/></w:tcPr><w:p><w:r><w:rPr><w:b/></w:rPr><w:t xml:space="preserve">Name</w:t></w:r></w:p></w:tc><w:tc><w:tcPr><w:tcW w:w="2160" w:type="dxa"/></w:tcPr><w:p><w:r><w:rPr><w:b/></w:rPr><w:t xml:space="preserve">Q1</w:t></w:r></w:p></w:tc><w:tc><w:tcPr><w:tcW w:w="2160" w:type="dxa"/></w:tcPr><w:p><w:r><w:rPr><w:b/></w:rPr><w:t xml:space="preserve">Q2</w:t></w:r></w:p></w:tc></w:tr>
<w:tr><w:tc><w:tcPr><w:tcW w:w="2160" w:type="dxa"/></w:tcPr><w:p><w:r><w:t xml:space="preserve">Alice</w:t></w:r></w:p></w:tc><w:tc><w:tcPr><w:tcW w:w="2160" w:type="dxa"/></w:tcPr><w:p><w:r><w:t xml:space="preserve">90</w:t></w:r></w:p></w:tc><w:tc><w:tcPr><w:tcW w:w="2160" w:type="dxa"/></w:tcPr><w:p><w:r><w:t xml:space="preserve">95</w:t></w:r></w:p></w:tc></w:tr>
<w:tr><w:tc><w:tcPr><w:tcW w:w="2160" w:type="dxa"/></w:tcPr><w:p><w:r><w:t xml:space="preserve">Bob</w:t></w:r></w:p></w:tc><w:tc><w:tcPr><w:tcW w:w="2160" w:type="dxa"/></w:tcPr><w:p><w:r><w:t xml:space="preserve">85</w:t></w:r></w:p></w:tc><w:tc><w:tcPr><w:tcW w:w="2160" w:type="dxa"/></w:tcPr><w:p><w:r><w:t xml:space="preserve">88</w:t></w:r></w:p></w:tc></w:tr>
</w:tbl>
</w:body>
</w:document>
