---
source: crates/gridwell-writer-pandoc/tests/snapshots.rs
expression: "render(\"minimal/unicode_cjk.json\")"
---
{
  "c": [
    [
      "",
      [],
      []
    ],
    [
      null,
      [
        {
          "c": [
            {
              "c": "世界の都市",
              "t": "Str"
            }
          ],
          "t": "Para"
        }
      ]
    ],
    [
      [
        {
          "t": "AlignLeft"
        },
        {
          "t": "ColWidthDefault"
        }
      ],
      [
        {
          "t": "AlignRight"
        },
        {
          "t": "ColWidthDefault"
        }
      ]
    ],
    [
      [
        "",
        [],
        []
      ],
      [
        [
          [
            "",
            [],
            []
          ],
          [
            [
              [
                "",
                [],
                []
              ],
              {
                "t": "AlignDefault"
              },
              1,
              1,
              [
                {
                  "c": [
                    {
                      "c": "都市",
                      "t": "Str"
                    }
                  ],
                  "t": "Plain"
                }
              ]
            ],
            [
              [
                "",
                [],
                []
              ],
              {
                "t": "AlignDefault"
              },
              1,
              1,
              [
                {
                  "c": [
                    {
                      "c": "人口",
                      "t": "Str"
                    },
                    {
                      "t": "Space"
                    },
                    {
                      "c": "(万人)",
                      "t": "Str"
                    }
                  ],
                  "t": "Plain"
                }
              ]
            ]
          ]
        ]
      ]
    ],
    [
      [
        [
          "",
          [],
          []
        ],
        0,
        [],
        [
          [
            [
              "",
              [],
              []
            ],
            [
              [
                [
                  "",
                  [],
                  []
                ],
                {
                  "t": "AlignDefault"
                },
                1,
                1,
                [
                  {
                    "c": [
                      {
                        "c": "東京",
                        "t": "Str"
                      }
                    ],
                    "t": "Plain"
                  }
                ]
              ],
              [
                [
                  "",
                  [],
                  []
                ],
                {
                  "t": "AlignDefault"
                },
                1,
                1,
                [
                  {
                    "c": [
                      {
                        "c": "1,396",
                        "t": "Str"
                      }
                    ],
                    "t": "Plain"
                  }
                ]
              ]
            ]
          ],
          [
            [
              "",
              [],
              []
            ],
            [
              [
                [
                  "",
                  [],
                  []
                ],
                {
                  "t": "AlignDefault"
                },
                1,
                1,
                [
                  {
                    "c": [
                      {
                        "c": "大阪",
                        "t": "Str"
                      }
                    ],
                    "t": "Plain"
                  }
                ]
              ],
              [
                [
                  "",
                  [],
                  []
                ],
                {
                  "t": "AlignDefault"
                },
                1,
                1,
                [
                  {
                    "c": [
                      {
                        "c": "884",
                        "t": "Str"
                      }
                    ],
                    "t": "Plain"
                  }
                ]
              ]
            ]
          ]
        ]
      ]
    ],
    [
      [
        "",
        [],
        []
      ],
      []
    ]
  ],
  "t": "Table"
}
