---
source: crates/gridwell-writer-pandoc/tests/snapshots.rs
expression: out
---
{
  "c": [
    [
      "",
      [],
      []
    ],
    [
      null,
      []
    ],
    [
      [
        {
          "t": "AlignLeft"
        },
        {
          "t": "ColWidthDefault"
        }
      ],
      [
        {
          "t": "AlignLeft"
        },
        {
          "t": "ColWidthDefault"
        }
      ],
      [
        {
          "t": "AlignLeft"
        },
        {
          "t": "ColWidthDefault"
        }
      ]
    ],
    [
      [
        "",
        [],
        []
      ],
      [
        [
          [
            "",
            [],
            []
          ],
          [
            [
              [
                "",
                [],
                []
              ],
              {
                "t": "AlignDefault"
              },
              1,
              1,
              [
                {
                  "c": [
                    {
                      "c": "A",
                      "t": "Str"
                    }
                  ],
                  "t": "Plain"
                }
              ]
            ],
            [
              [
                "",
                [],
                []
              ],
              {
                "t": "AlignDefault"
              },
              1,
              1,
              [
                {
                  "c": [
                    {
                      "c": "B",
                      "t": "Str"
                    }
                  ],
                  "t": "Plain"
                }
              ]
            ],
            [
              [
                "",
                [],
                []
              ],
              {
                "t": "AlignDefault"
              },
              1,
              1,
              [
                {
                  "c": [
                    {
                      "c": "C",
                      "t": "Str"
                    }
                  ],
                  "t": "Plain"
                }
              ]
            ]
          ]
        ]
      ]
    ],
    [
      [
        [
          "",
          [],
          []
        ],
        0,
        [],
        [
          [
            [
              "",
              [],
              []
            ],
            [
              [
                [
                  "",
                  [],
                  []
                ],
                {
                  "t": "AlignDefault"
                },
                2,
                2,
                [
                  {
                    "c": [
                      {
                        "c": "2x2",
                        "t": "Str"
                      },
                      {
                        "t": "Space"
                      },
                      {
                        "c": "block",
                        "t": "Str"
                      }
                    ],
                    "t": "Plain"
                  }
                ]
              ],
              [
                [
                  "",
                  [],
                  []
                ],
                {
                  "t": "AlignDefault"
                },
                1,
                1,
                [
                  {
                    "c": [
                      {
                        "c": "top-right",
                        "t": "Str"
                      }
                    ],
                    "t": "Plain"
                  }
                ]
              ]
            ]
          ],
          [
            [
              "",
              [],
              []
            ],
            [
              [
                [
                  "",
                  [],
                  []
                ],
                {
                  "t": "AlignDefault"
                },
                1,
                1,
                [
                  {
                    "c": [
                      {
                        "c": "mid-right",
                        "t": "Str"
                      }
                    ],
                    "t": "Plain"
                  }
                ]
              ]
            ]
          ],
          [
            [
              "",
              [],
              []
            ],
            [
              [
                [
                  "",
                  [],
                  []
                ],
                {
                  "t": "AlignDefault"
                },
                1,
                1,
                [
                  {
                    "c": [
                      {
                        "c": "x",
                        "t": "Str"
                      }
                    ],
                    "t": "Plain"
                  }
                ]
              ],
              [
                [
                  "",
                  [],
                  []
                ],
                {
                  "t": "AlignDefault"
                },
                1,
                1,
                [
                  {
                    "c": [
                      {
                        "c": "y",
                        "t": "Str"
                      }
                    ],
                    "t": "Plain"
                  }
                ]
              ],
              [
                [
                  "",
                  [],
                  []
                ],
                {
                  "t": "AlignDefault"
                },
                1,
                1,
                [
                  {
                    "c": [
                      {
                        "c": "z",
                        "t": "Str"
                      }
                    ],
                    "t": "Plain"
                  }
                ]
              ]
            ]
          ]
        ]
      ]
    ],
    [
      [
        "",
        [],
        []
      ],
      []
    ]
  ],
  "t": "Table"
}
